Component: ARM Compiler 5.06 update 7 (build 960) Tool: armlink [4d3601]

==============================================================================

Section Cross References

    startup_stm32g431xx.o(STACK) refers (Special) to heapauxi.o(.text) for __use_two_region_memory
    startup_stm32g431xx.o(HEAP) refers (Special) to heapauxi.o(.text) for __use_two_region_memory
    startup_stm32g431xx.o(RESET) refers (Special) to heapauxi.o(.text) for __use_two_region_memory
    startup_stm32g431xx.o(RESET) refers to startup_stm32g431xx.o(STACK) for __initial_sp
    startup_stm32g431xx.o(RESET) refers to startup_stm32g431xx.o(.text) for Reset_Handler
    startup_stm32g431xx.o(RESET) refers to stm32g4xx_mc_it.o(i.HardFault_Handler) for HardFault_Handler
    startup_stm32g431xx.o(RESET) refers to stm32g4xx_mc_it.o(i.SysTick_Handler) for SysTick_Handler
    startup_stm32g431xx.o(RESET) refers to stm32g4xx_mc_it.o(i.ADC1_2_IRQHandler) for ADC1_2_IRQHandler
    startup_stm32g431xx.o(RESET) refers to stm32g4xx_mc_it.o(i.TIM1_BRK_TIM15_IRQHandler) for TIM1_BRK_TIM15_IRQHandler
    startup_stm32g431xx.o(RESET) refers to stm32g4xx_mc_it.o(i.TIM1_UP_TIM16_IRQHandler) for TIM1_UP_TIM16_IRQHandler
    startup_stm32g431xx.o(RESET) refers to stm32g4xx_mc_it.o(i.USART2_IRQHandler) for USART2_IRQHandler
    startup_stm32g431xx.o(RESET) refers to stm32g4xx_mc_it.o(i.EXTI15_10_IRQHandler) for EXTI15_10_IRQHandler
    startup_stm32g431xx.o(RESET) refers to stm32g4xx_mc_it.o(i.DMA2_Channel2_IRQHandler) for DMA2_Channel2_IRQHandler
    startup_stm32g431xx.o(.text) refers (Special) to heapauxi.o(.text) for __use_two_region_memory
    startup_stm32g431xx.o(.text) refers to system_stm32g4xx.o(i.SystemInit) for SystemInit
    startup_stm32g431xx.o(.text) refers to __main.o(!!!main) for __main
    startup_stm32g431xx.o(.text) refers to startup_stm32g431xx.o(HEAP) for Heap_Mem
    startup_stm32g431xx.o(.text) refers to startup_stm32g431xx.o(STACK) for Stack_Mem
    main.o(i.SystemClock_Config) refers to stm32g4xx_hal_pwr_ex.o(i.HAL_PWREx_ControlVoltageScaling) for HAL_PWREx_ControlVoltageScaling
    main.o(i.SystemClock_Config) refers to stm32g4xx_hal_rcc.o(i.HAL_RCC_OscConfig) for HAL_RCC_OscConfig
    main.o(i.SystemClock_Config) refers to stm32g4xx_hal_rcc.o(i.HAL_RCC_ClockConfig) for HAL_RCC_ClockConfig
    main.o(i.SystemClock_Config) refers to stm32g4xx_hal_rcc.o(i.HAL_RCC_EnableCSS) for HAL_RCC_EnableCSS
    main.o(i.main) refers to stm32g4xx_hal.o(i.HAL_Init) for HAL_Init
    main.o(i.main) refers to stm32g4xx_hal_pwr_ex.o(i.HAL_PWREx_ControlVoltageScaling) for HAL_PWREx_ControlVoltageScaling
    main.o(i.main) refers to stm32g4xx_hal_rcc.o(i.HAL_RCC_OscConfig) for HAL_RCC_OscConfig
    main.o(i.main) refers to stm32g4xx_hal_rcc.o(i.HAL_RCC_ClockConfig) for HAL_RCC_ClockConfig
    main.o(i.main) refers to stm32g4xx_hal_rcc.o(i.HAL_RCC_EnableCSS) for HAL_RCC_EnableCSS
    main.o(i.main) refers to gpio.o(i.MX_GPIO_Init) for MX_GPIO_Init
    main.o(i.main) refers to dma.o(i.MX_DMA_Init) for MX_DMA_Init
    main.o(i.main) refers to adc.o(i.MX_ADC1_Init) for MX_ADC1_Init
    main.o(i.main) refers to adc.o(i.MX_ADC2_Init) for MX_ADC2_Init
    main.o(i.main) refers to cordic.o(i.MX_CORDIC_Init) for MX_CORDIC_Init
    main.o(i.main) refers to dac.o(i.MX_DAC1_Init) for MX_DAC1_Init
    main.o(i.main) refers to tim.o(i.MX_TIM1_Init) for MX_TIM1_Init
    main.o(i.main) refers to usart.o(i.MX_USART2_UART_Init) for MX_USART2_UART_Init
    main.o(i.main) refers to motorcontrol.o(i.MX_MotorControl_Init) for MX_MotorControl_Init
    main.o(i.main) refers to stm32g4xx_hal_cortex.o(i.HAL_NVIC_SetPriority) for HAL_NVIC_SetPriority
    main.o(i.main) refers to stm32g4xx_hal_cortex.o(i.HAL_NVIC_EnableIRQ) for HAL_NVIC_EnableIRQ
    gpio.o(i.MX_GPIO_Init) refers to stm32g4xx_hal_gpio.o(i.HAL_GPIO_WritePin) for HAL_GPIO_WritePin
    gpio.o(i.MX_GPIO_Init) refers to stm32g4xx_hal_gpio.o(i.HAL_GPIO_Init) for HAL_GPIO_Init
    adc.o(i.HAL_ADC_MspDeInit) refers to stm32g4xx_hal_gpio.o(i.HAL_GPIO_DeInit) for HAL_GPIO_DeInit
    adc.o(i.HAL_ADC_MspDeInit) refers to adc.o(.data) for .data
    adc.o(i.HAL_ADC_MspInit) refers to rt_memclr_w.o(.text) for __aeabi_memclr4
    adc.o(i.HAL_ADC_MspInit) refers to stm32g4xx_hal_rcc_ex.o(i.HAL_RCCEx_PeriphCLKConfig) for HAL_RCCEx_PeriphCLKConfig
    adc.o(i.HAL_ADC_MspInit) refers to main.o(i.Error_Handler) for Error_Handler
    adc.o(i.HAL_ADC_MspInit) refers to stm32g4xx_hal_gpio.o(i.HAL_GPIO_Init) for HAL_GPIO_Init
    adc.o(i.HAL_ADC_MspInit) refers to adc.o(.data) for .data
    adc.o(i.MX_ADC1_Init) refers to stm32g4xx_hal_adc.o(i.HAL_ADC_Init) for HAL_ADC_Init
    adc.o(i.MX_ADC1_Init) refers to main.o(i.Error_Handler) for Error_Handler
    adc.o(i.MX_ADC1_Init) refers to stm32g4xx_hal_adc_ex.o(i.HAL_ADCEx_MultiModeConfigChannel) for HAL_ADCEx_MultiModeConfigChannel
    adc.o(i.MX_ADC1_Init) refers to stm32g4xx_hal_adc_ex.o(i.HAL_ADCEx_InjectedConfigChannel) for HAL_ADCEx_InjectedConfigChannel
[...]
    ASPEP_start                              0x08000b1f   Thumb Code    40  aspep.o(i.ASPEP_start)
    Circle_Limitation                        0x08000b47   Thumb Code    92  circle_limitation.o(i.Circle_Limitation)
    DAC_Exec                                 0x08000ba5   Thumb Code    32  dac_ui.o(i.DAC_Exec)
    DAC_GetChannelConfig                     0x08000bcd   Thumb Code     8  dac_ui.o(i.DAC_GetChannelConfig)
    DAC_Init                                 0x08000bd5   Thumb Code    24  dac_ui.o(i.DAC_Init)
    DAC_SetChannelConfig                     0x08000bf1   Thumb Code    16  dac_ui.o(i.DAC_SetChannelConfig)
    DMA2_Channel2_IRQHandler                 0x08000c01   Thumb Code    22  stm32g4xx_mc_it.o(i.DMA2_Channel2_IRQHandler)
    EXTI15_10_IRQHandler                     0x08000c21   Thumb Code    22  stm32g4xx_mc_it.o(i.EXTI15_10_IRQHandler)
    Error_Handler                            0x08000c3d   Thumb Code     4  main.o(i.Error_Handler)
    FOC_CalcCurrRef                          0x08000c41   Thumb Code    42  mc_tasks.o(i.FOC_CalcCurrRef)
    FOC_Clear                                0x08000c75   Thumb Code    86  mc_tasks.o(i.FOC_Clear)
    FOC_InitAdditionalMethods                0x08000ce1   Thumb Code     2  mc_tasks.o(i.FOC_InitAdditionalMethods)
    HAL_ADCEx_InjectedConfigChannel          0x08000ce5   Thumb Code  1470  stm32g4xx_hal_adc_ex.o(i.HAL_ADCEx_InjectedConfigChannel)
    HAL_ADCEx_MultiModeConfigChannel         0x080012c1   Thumb Code   240  stm32g4xx_hal_adc_ex.o(i.HAL_ADCEx_MultiModeConfigChannel)
    HAL_ADC_ConfigChannel                    0x080013b9   Thumb Code  1204  stm32g4xx_hal_adc.o(i.HAL_ADC_ConfigChannel)
    HAL_ADC_Init                             0x08001891   Thumb Code   554  stm32g4xx_hal_adc.o(i.HAL_ADC_Init)
    HAL_ADC_MspInit                          0x08001ad1   Thumb Code   342  adc.o(i.HAL_ADC_MspInit)
    HAL_CORDIC_Init                          0x08001c39   Thumb Code    52  stm32g4xx_hal_cordic.o(i.HAL_CORDIC_Init)
    HAL_CORDIC_MspInit                       0x08001c6d   Thumb Code    40  cordic.o(i.HAL_CORDIC_MspInit)
    HAL_DAC_ConfigChannel                    0x08001c99   Thumb Code   466  stm32g4xx_hal_dac.o(i.HAL_DAC_ConfigChannel)
    HAL_DAC_Init                             0x08001e75   Thumb Code    40  stm32g4xx_hal_dac.o(i.HAL_DAC_Init)
    HAL_DAC_MspInit                          0x08001e9d   Thumb Code    88  dac.o(i.HAL_DAC_MspInit)
    HAL_DMA_Init                             0x08001ef9   Thumb Code   252  stm32g4xx_hal_dma.o(i.HAL_DMA_Init)
    HAL_Delay                                0x08002021   Thumb Code    34  stm32g4xx_hal.o(i.HAL_Delay)
    HAL_GPIO_Init                            0x08002049   Thumb Code   466  stm32g4xx_hal_gpio.o(i.HAL_GPIO_Init)
    HAL_GPIO_WritePin                        0x0800222d   Thumb Code    10  stm32g4xx_hal_gpio.o(i.HAL_GPIO_WritePin)
    HAL_GetTick                              0x08002239   Thumb Code     6  stm32g4xx_hal.o(i.HAL_GetTick)
    HAL_IncTick                              0x08002245   Thumb Code    12  stm32g4xx_hal.o(i.HAL_IncTick)
    HAL_Init                                 0x08002255   Thumb Code    30  stm32g4xx_hal.o(i.HAL_Init)
    HAL_InitTick                             0x08002275   Thumb Code    58  stm32g4xx_hal.o(i.HAL_InitTick)
    HAL_MspInit                              0x080022b9   Thumb Code    50  stm32g4xx_hal_msp.o(i.HAL_MspInit)
    HAL_NVIC_EnableIRQ                       0x080022f1   Thumb Code    30  stm32g4xx_hal_cortex.o(i.HAL_NVIC_EnableIRQ)
    HAL_NVIC_SetPriority                     0x08002311   Thumb Code    96  stm32g4xx_hal_cortex.o(i.HAL_NVIC_SetPriority)
    HAL_NVIC_SetPriorityGrouping             0x08002375   Thumb Code    30  stm32g4xx_hal_cortex.o(i.HAL_NVIC_SetPriorityGrouping)
    HAL_PWREx_ControlVoltageScaling          0x08002399   Thumb Code   180  stm32g4xx_hal_pwr_ex.o(i.HAL_PWREx_ControlVoltageScaling)
    HAL_PWREx_DisableUCPDDeadBattery         0x08002459   Thumb Code    12  stm32g4xx_hal_pwr_ex.o(i.HAL_PWREx_DisableUCPDDeadBattery)
    HAL_RCCEx_PeriphCLKConfig                0x08002469   Thumb Code   700  stm32g4xx_hal_rcc_ex.o(i.HAL_RCCEx_PeriphCLKConfig)
    HAL_RCC_ClockConfig                      0x0800272d   Thumb Code   488  stm32g4xx_hal_rcc.o(i.HAL_RCC_ClockConfig)
    HAL_RCC_EnableCSS                        0x08002935   Thumb Code    12  stm32g4xx_hal_rcc.o(i.HAL_RCC_EnableCSS)
    HAL_RCC_GetHCLKFreq                      0x08002945   Thumb Code     6  stm32g4xx_hal_rcc.o(i.HAL_RCC_GetHCLKFreq)
    HAL_RCC_GetPCLK1Freq                     0x08002951   Thumb Code    24  stm32g4xx_hal_rcc.o(i.HAL_RCC_GetPCLK1Freq)
    HAL_RCC_GetPCLK2Freq                     0x08002975   Thumb Code    24  stm32g4xx_hal_rcc.o(i.HAL_RCC_GetPCLK2Freq)
    HAL_RCC_GetSysClockFreq                  0x08002999   Thumb Code   100  stm32g4xx_hal_rcc.o(i.HAL_RCC_GetSysClockFreq)
    HAL_RCC_OscConfig                        0x08002a09   Thumb Code  1226  stm32g4xx_hal_rcc.o(i.HAL_RCC_OscConfig)
    HAL_SYSTICK_Callback                     0x08002ed3   Thumb Code     2  stm32g4xx_hal_cortex.o(i.HAL_SYSTICK_Callback)
    HAL_SYSTICK_Config                       0x08002ed5   Thumb Code    38  stm32g4xx_hal_cortex.o(i.HAL_SYSTICK_Config)
    HAL_SYSTICK_IRQHandler                   0x08002f01   Thumb Code     8  stm32g4xx_hal_cortex.o(i.HAL_SYSTICK_IRQHandler)
    HAL_TIMEx_ConfigBreakDeadTime            0x08002f09   Thumb Code   178  stm32g4xx_hal_tim_ex.o(i.HAL_TIMEx_ConfigBreakDeadTime)
    HAL_TIMEx_ConfigBreakInput               0x08002fc5   Thumb Code   240  stm32g4xx_hal_tim_ex.o(i.HAL_TIMEx_ConfigBreakInput)
    HAL_TIMEx_MasterConfigSynchronization    0x080030b5   Thumb Code   144  stm32g4xx_hal_tim_ex.o(i.HAL_TIMEx_MasterConfigSynchronization)
    HAL_TIM_Base_Init                        0x0800314d   Thumb Code    98  stm32g4xx_hal_tim.o(i.HAL_TIM_Base_Init)
    HAL_TIM_Base_MspInit                     0x080031b1   Thumb Code    98  tim.o(i.HAL_TIM_Base_MspInit)
    HAL_TIM_PWM_ConfigChannel                0x08003219   Thumb Code   848  stm32g4xx_hal_tim.o(i.HAL_TIM_PWM_ConfigChannel)
    HAL_TIM_PWM_Init                         0x0800357d   Thumb Code    98  stm32g4xx_hal_tim.o(i.HAL_TIM_PWM_Init)
    HAL_TIM_PWM_MspInit                      0x080035df   Thumb Code     2  stm32g4xx_hal_tim.o(i.HAL_TIM_PWM_MspInit)
    HAL_TIM_SlaveConfigSynchro               0x080035e1   Thumb Code    86  stm32g4xx_hal_tim.o(i.HAL_TIM_SlaveConfigSynchro)
    HAL_UARTEx_DisableFifoMode               0x08003637   Thumb Code    62  stm32g4xx_hal_uart_ex.o(i.HAL_UARTEx_DisableFifoMode)
    HAL_UARTEx_SetRxFifoThreshold            0x08003675   Thumb Code   134  stm32g4xx_hal_uart_ex.o(i.HAL_UARTEx_SetRxFifoThreshold)
    HAL_UARTEx_SetTxFifoThreshold            0x08003701   Thumb Code   134  stm32g4xx_hal_uart_ex.o(i.HAL_UARTEx_SetTxFifoThreshold)
    HAL_UART_Init                            0x0800378d   Thumb Code   110  stm32g4xx_hal_uart.o(i.HAL_UART_Init)
    HAL_UART_MspInit                         0x080037fd   Thumb Code   212  usart.o(i.HAL_UART_MspInit)
    HardFault_Handler                        0x080038e5   Thumb Code     6  stm32g4xx_mc_it.o(i.HardFault_Handler)
    MCI_Clear_Iqdref                         0x080039e1   Thumb Code    16  mc_interface.o(i.MCI_Clear_Iqdref)
    MCI_ExecBufferedCommands                 0x080039f1   Thumb Code   114  mc_interface.o(i.MCI_ExecBufferedCommands)
    MCI_ExecSpeedRamp                        0x08003a63   Thumb Code    14  mc_interface.o(i.MCI_ExecSpeedRamp)
    MCI_ExecTorqueRamp                       0x08003a71   Thumb Code    18  mc_interface.o(i.MCI_ExecTorqueRamp)
    MCI_FaultAcknowledged                    0x08003a83   Thumb Code    36  mc_interface.o(i.MCI_FaultAcknowledged)
    MCI_FaultProcessing                      0x08003aa7   Thumb Code    18  mc_interface.o(i.MCI_FaultProcessing)
    MCI_GetAvrgMecSpeedUnit                  0x08003ab9   Thumb Code    16  mc_interface.o(i.MCI_GetAvrgMecSpeedUnit)
    MCI_GetControlMode                       0x08003ac9   Thumb Code     4  mc_interface.o(i.MCI_GetControlMode)
    MCI_GetCurrentFaults                     0x08003acd   Thumb Code     4  mc_interface.o(i.MCI_GetCurrentFaults)
    MCI_GetFaultState                        0x08003ad1   Thumb Code    10  mc_interface.o(i.MCI_GetFaultState)
    MCI_GetIab                               0x08003adb   Thumb Code     6  mc_interface.o(i.MCI_GetIab)
    MCI_GetIalphabeta                        0x08003ae1   Thumb Code     6  mc_interface.o(i.MCI_GetIalphabeta)
    MCI_GetImposedMotorDirection             0x08003ae7   Thumb Code    54  mc_interface.o(i.MCI_GetImposedMotorDirection)
    MCI_GetIqd                               0x08003b1d   Thumb Code     6  mc_interface.o(i.MCI_GetIqd)
    MCI_GetIqdref                            0x08003b23   Thumb Code     6  mc_interface.o(i.MCI_GetIqdref)
    MCI_GetLastRampFinalDuration             0x08003b29   Thumb Code     4  mc_interface.o(i.MCI_GetLastRampFinalDuration)
    MCI_GetLastRampFinalSpeed                0x08003b2d   Thumb Code     6  mc_interface.o(i.MCI_GetLastRampFinalSpeed)
    MCI_GetLastRampFinalTorque               0x08003b33   Thumb Code     6  mc_interface.o(i.MCI_GetLastRampFinalTorque)
    MCI_GetMecSpeedRefUnit                   0x08003b39   Thumb Code     6  mc_interface.o(i.MCI_GetMecSpeedRefUnit)
    MCI_GetOccurredFaults                    0x08003b3f   Thumb Code     4  mc_interface.o(i.MCI_GetOccurredFaults)
    MCI_GetSTMState                          0x08003b43   Thumb Code     4  mc_interface.o(i.MCI_GetSTMState)
    MCI_GetTeref                             0x08003b47   Thumb Code     8  mc_interface.o(i.MCI_GetTeref)
    MCI_GetValphabeta                        0x08003b4f   Thumb Code     8  mc_interface.o(i.MCI_GetValphabeta)
    MCI_GetVqd                               0x08003b57   Thumb Code     8  mc_interface.o(i.MCI_GetVqd)
    MCI_Init                                 0x08003b5f   Thumb Code    28  mc_interface.o(i.MCI_Init)
    MCI_SetCurrentReferences                 0x08003b7b   Thumb Code    20  mc_interface.o(i.MCI_SetCurrentReferences)
    MCI_StartMotor                           0x08003b8f   Thumb Code    38  mc_interface.o(i.MCI_StartMotor)
    MCI_StopMotor                            0x08003bb5   Thumb Code    48  mc_interface.o(i.MCI_StopMotor)
    MCI_StopRamp                             0x08003be5   Thumb Code     6  mc_interface.o(i.MCI_StopRamp)
    MCM_Clarke                               0x08003bed   Thumb Code    72  mc_math.o(i.MCM_Clarke)
    MCM_Park                                 0x08003c39   Thumb Code   122  mc_math.o(i.MCM_Park)
    MCM_Rev_Park                             0x08003cbd   Thumb Code    54  mc_math.o(i.MCM_Rev_Park)
    MCM_Sqrt                                 0x08003cf5   Thumb Code    28  mc_math.o(i.MCM_Sqrt)
    MCM_Trig_Functions                       0x08003d15   Thumb Code    22  mc_math.o(i.MCM_Trig_Functions)
    MCPA_cfgLog                              0x08003d31   Thumb Code   238  mcpa.o(i.MCPA_cfgLog)
    MCPA_dataLog                             0x08003e21   Thumb Code   414  mcpa.o(i.MCPA_dataLog)
    MCPA_flushDataLog                        0x08003fc5   Thumb Code   124  mcpa.o(i.MCPA_flushDataLog)
    MCP_ReceivedPacket                       0x08004041   Thumb Code   282  mcp.o(i.MCP_ReceivedPacket)
    MC_GetSTMStateMotor1                     0x08004165   Thumb Code     8  mc_api.o(i.MC_GetSTMStateMotor1)
    MC_RunMotorControlTasks                  0x08004171   Thumb Code    22  mc_tasks.o(i.MC_RunMotorControlTasks)
    MC_Scheduler                             0x0800418d   Thumb Code   106  mc_tasks.o(i.MC_Scheduler)
    MC_StartMotor1                           0x08004201   Thumb Code     8  mc_api.o(i.MC_StartMotor1)
    MC_StopMotor1                            0x0800420d   Thumb Code     8  mc_api.o(i.MC_StopMotor1)
    MCboot                                   0x08004219   Thumb Code   222  mc_tasks.o(i.MCboot)
    MPM_CalcElMotorPower                     0x08004345   Thumb Code    70  motor_power_measurement.o(i.MPM_CalcElMotorPower)
    MPM_Clear                                0x0800438b   Thumb Code    26  motor_power_measurement.o(i.MPM_Clear)
    MPM_GetAvrgElMotorPowerW                 0x080043a5   Thumb Code     6  motor_power_measurement.o(i.MPM_GetAvrgElMotorPowerW)
    MX_ADC1_Init                             0x080043ad   Thumb Code   210  adc.o(i.MX_ADC1_Init)
    MX_ADC2_Init                             0x0800448d   Thumb Code   258  adc.o(i.MX_ADC2_Init)
    MX_CORDIC_Init                           0x080045a9   Thumb Code    28  cordic.o(i.MX_CORDIC_Init)
    MX_DAC1_Init                             0x080045cd   Thumb Code    98  dac.o(i.MX_DAC1_Init)
    MX_DMA_Init                              0x08004639   Thumb Code    40  dma.o(i.MX_DMA_Init)
    MX_GPIO_Init                             0x08004665   Thumb Code   178  gpio.o(i.MX_GPIO_Init)
    MX_MotorControl_Init                     0x08004725   Thumb Code    44  motorcontrol.o(i.MX_MotorControl_Init)
    MX_TIM1_Init                             0x08004759   Thumb Code   428  tim.o(i.MX_TIM1_Init)
    MX_USART2_UART_Init                      0x08004911   Thumb Code   100  usart.o(i.MX_USART2_UART_Init)
    NTC_CalcAvTemp                           0x0800497d   Thumb Code    58  ntc_temperature_sensor.o(i.NTC_CalcAvTemp)
    NTC_Clear                                0x080049b7   Thumb Code     6  ntc_temperature_sensor.o(i.NTC_Clear)
    NTC_GetAvTemp_C                          0x080049bd   Thumb Code    34  ntc_temperature_sensor.o(i.NTC_GetAvTemp_C)
    NTC_Init                                 0x080049df   Thumb Code    36  ntc_temperature_sensor.o(i.NTC_Init)
    NTC_SetFaultState                        0x08004a03   Thumb Code    24  ntc_temperature_sensor.o(i.NTC_SetFaultState)
    PID_GetKD                                0x08004a1b   Thumb Code     6  pid_regulator.o(i.PID_GetKD)
    PID_GetKDDivisorPOW2                     0x08004a21   Thumb Code     4  pid_regulator.o(i.PID_GetKDDivisorPOW2)
    PID_GetKI                                0x08004a25   Thumb Code     6  pid_regulator.o(i.PID_GetKI)
    PID_GetKIDivisor                         0x08004a2b   Thumb Code     4  pid_regulator.o(i.PID_GetKIDivisor)
    PID_GetKIDivisorPOW2                     0x08004a2f   Thumb Code     4  pid_regulator.o(i.PID_GetKIDivisorPOW2)
    PID_GetKP                                0x08004a33   Thumb Code     6  pid_regulator.o(i.PID_GetKP)
    PID_GetKPDivisorPOW2                     0x08004a39   Thumb Code     4  pid_regulator.o(i.PID_GetKPDivisorPOW2)
    PID_HandleInit                           0x08004a3d   Thumb Code    20  pid_regulator.o(i.PID_HandleInit)
    PID_SetIntegralTerm                      0x08004a51   Thumb Code     4  pid_regulator.o(i.PID_SetIntegralTerm)
    PID_SetKD                                0x08004a55   Thumb Code     4  pid_regulator.o(i.PID_SetKD)
    PID_SetKDDivisorPOW2                     0x08004a59   Thumb Code    12  pid_regulator.o(i.PID_SetKDDivisorPOW2)
    PID_SetKI                                0x08004a65   Thumb Code     4  pid_regulator.o(i.PID_SetKI)
    PID_SetKIDivisorPOW2                     0x08004a69   Thumb Code    36  pid_regulator.o(i.PID_SetKIDivisorPOW2)
    PID_SetKP                                0x08004a8d   Thumb Code     4  pid_regulator.o(i.PID_SetKP)
    PID_SetKPDivisorPOW2                     0x08004a91   Thumb Code    12  pid_regulator.o(i.PID_SetKPDivisorPOW2)
    PID_SetLowerIntegralTermLimit            0x08004a9d   Thumb Code     4  pid_regulator.o(i.PID_SetLowerIntegralTermLimit)
    PID_SetUpperIntegralTermLimit            0x08004aa1   Thumb Code     4  pid_regulator.o(i.PID_SetUpperIntegralTermLimit)
    PI_Controller                            0x08004aa5   Thumb Code   122  pid_regulator.o(i.PI_Controller)
    PQD_CalcElMotorPower                     0x08004b25   Thumb Code    90  pqd_motor_power_measurement.o(i.PQD_CalcElMotorPower)
    PWMC_CheckOverCurrent                    0x08004b85   Thumb Code     4  pwm_curr_fdbk.o(i.PWMC_CheckOverCurrent)
    PWMC_CurrentReadingCalibr                0x08004b89   Thumb Code    66  pwm_curr_fdbk.o(i.PWMC_CurrentReadingCalibr)
    PWMC_GetPhaseCurrents                    0x08004bcb   Thumb Code     4  pwm_curr_fdbk.o(i.PWMC_GetPhaseCurrents)
    PWMC_SetPhaseVoltage                     0x08004bcf   Thumb Code   526  pwm_curr_fdbk.o(i.PWMC_SetPhaseVoltage)
    PWMC_SwitchOffPWM                        0x08004ddd   Thumb Code     4  pwm_curr_fdbk.o(i.PWMC_SwitchOffPWM)
    PWMC_SwitchOnPWM                         0x08004de1   Thumb Code     4  pwm_curr_fdbk.o(i.PWMC_SwitchOnPWM)
    R3_2_BRK2_IRQHandler                     0x08004edd   Thumb Code    66  r3_2_g4xx_pwm_curr_fdbk.o(i.R3_2_BRK2_IRQHandler)
    R3_2_BRK_IRQHandler                      0x08004f1f   Thumb Code    34  r3_2_g4xx_pwm_curr_fdbk.o(i.R3_2_BRK_IRQHandler)
    R3_2_CurrentReadingPolarization          0x08004f41   Thumb Code   448  r3_2_g4xx_pwm_curr_fdbk.o(i.R3_2_CurrentReadingPolarization)
    R3_2_GetOffsetCalib                      0x08005115   Thumb Code    16  r3_2_g4xx_pwm_curr_fdbk.o(i.R3_2_GetOffsetCalib)
    R3_2_GetPhaseCurrents                    0x08005125   Thumb Code   290  r3_2_g4xx_pwm_curr_fdbk.o(i.R3_2_GetPhaseCurrents)
    R3_2_Init                                0x08005301   Thumb Code   676  r3_2_g4xx_pwm_curr_fdbk.o(i.R3_2_Init)
    R3_2_IsOverCurrentOccurred               0x080055a9   Thumb Code    38  r3_2_g4xx_pwm_curr_fdbk.o(i.R3_2_IsOverCurrentOccurred)
    R3_2_RLDetectionModeDisable              0x080055d1   Thumb Code   226  r3_2_g4xx_pwm_curr_fdbk.o(i.R3_2_RLDetectionModeDisable)
    R3_2_RLDetectionModeEnable               0x080056c5   Thumb Code   174  r3_2_g4xx_pwm_curr_fdbk.o(i.R3_2_RLDetectionModeEnable)
    R3_2_RLDetectionModeSetDuty              0x08005785   Thumb Code   122  r3_2_g4xx_pwm_curr_fdbk.o(i.R3_2_RLDetectionModeSetDuty)
    R3_2_SetADCSampPointPolarization         0x0800597d   Thumb Code    54  r3_2_g4xx_pwm_curr_fdbk.o(i.R3_2_SetADCSampPointPolarization)
    R3_2_SetADCSampPointSectX                0x080059b9   Thumb Code   132  r3_2_g4xx_pwm_curr_fdbk.o(i.R3_2_SetADCSampPointSectX)
    R3_2_SetOffsetCalib                      0x08005b3d   Thumb Code    22  r3_2_g4xx_pwm_curr_fdbk.o(i.R3_2_SetOffsetCalib)
    R3_2_SwitchOffPWM                        0x08005b53   Thumb Code   120  r3_2_g4xx_pwm_curr_fdbk.o(i.R3_2_SwitchOffPWM)
    R3_2_SwitchOnPWM                         0x08005bcb   Thumb Code   200  r3_2_g4xx_pwm_curr_fdbk.o(i.R3_2_SwitchOnPWM)
    R3_2_TIMx_UP_IRQHandler                  0x08005c93   Thumb Code   152  r3_2_g4xx_pwm_curr_fdbk.o(i.R3_2_TIMx_UP_IRQHandler)
    R3_2_TurnOnLowSides                      0x08005d2b   Thumb Code    96  r3_2_g4xx_pwm_curr_fdbk.o(i.R3_2_TurnOnLowSides)
    RCM_ExecNextConv                         0x08005d8d   Thumb Code   134  regular_conversion_manager.o(i.RCM_ExecNextConv)
    RCM_ExecRegularConv                      0x08005e25   Thumb Code   302  regular_conversion_manager.o(i.RCM_ExecRegularConv)
    RCM_ExecUserConv                         0x08005f69   Thumb Code    76  regular_conversion_manager.o(i.RCM_ExecUserConv)
    RCM_ReadOngoingConv                      0x08005fc1   Thumb Code    62  regular_conversion_manager.o(i.RCM_ReadOngoingConv)
    RCM_RegisterRegConv                      0x0800600d   Thumb Code   288  regular_conversion_manager.o(i.RCM_RegisterRegConv)
    REMNG_Calc                               0x0800613d   Thumb Code    44  ramp_ext_mngr.o(i.REMNG_Calc)
    REMNG_ExecRamp                           0x08006169   Thumb Code   130  ramp_ext_mngr.o(i.REMNG_ExecRamp)
    REMNG_Init                               0x080061eb   Thumb Code    16  ramp_ext_mngr.o(i.REMNG_Init)
    REMNG_RampCompleted                      0x080061fb   Thumb Code    14  ramp_ext_mngr.o(i.REMNG_RampCompleted)
    RI_GetIDSize                             0x08006209   Thumb Code    32  register_interface.o(i.RI_GetIDSize)
    RI_GetPtrReg                             0x08006229   Thumb Code   222  register_interface.o(i.RI_GetPtrReg)
    RI_GetRegCommandParser                   0x08006315   Thumb Code  1980  register_interface.o(i.RI_GetRegCommandParser)
    RI_SetRegCommandParser                   0x08006afd   Thumb Code  1602  register_interface.o(i.RI_SetRegCommandParser)
    RUC_Clear                                0x0800714d   Thumb Code   136  revup_ctrl.o(i.RUC_Clear)
    RUC_Exec                                 0x080071d5   Thumb Code   106  revup_ctrl.o(i.RUC_Exec)
    RUC_FirstAccelerationStageReached        0x0800723f   Thumb Code    20  revup_ctrl.o(i.RUC_FirstAccelerationStageReached)
    RUC_GetNumberOfPhases                    0x08007253   Thumb Code     6  revup_ctrl.o(i.RUC_GetNumberOfPhases)
    RUC_GetPhase                             0x08007259   Thumb Code    26  revup_ctrl.o(i.RUC_GetPhase)
    RUC_Init                                 0x08007273   Thumb Code    96  revup_ctrl.o(i.RUC_Init)
    RUC_SetPhase                             0x080072d3   Thumb Code    30  revup_ctrl.o(i.RUC_SetPhase)
    RVBS_CalcAvVbus                          0x080072f1   Thumb Code   102  r_divider_bus_voltage_sensor.o(i.RVBS_CalcAvVbus)
    RVBS_CheckFaultState                     0x08007357   Thumb Code    24  r_divider_bus_voltage_sensor.o(i.RVBS_CheckFaultState)
    RVBS_Clear                               0x0800736f   Thumb Code    44  r_divider_bus_voltage_sensor.o(i.RVBS_Clear)
    RVBS_Init                                0x0800739b   Thumb Code    22  r_divider_bus_voltage_sensor.o(i.RVBS_Init)
    SPD_GetAvrgMecSpeedUnit                  0x080073b1   Thumb Code     6  speed_pos_fdbk.o(i.SPD_GetAvrgMecSpeedUnit)
    SPD_GetElAngle                           0x080073b7   Thumb Code     6  speed_pos_fdbk.o(i.SPD_GetElAngle)
    SPD_GetInstElSpeedDpp                    0x080073bd   Thumb Code     6  speed_pos_fdbk.o(i.SPD_GetInstElSpeedDpp)
    SPD_GetS16Speed                          0x080073c3   Thumb Code    20  speed_pos_fdbk.o(i.SPD_GetS16Speed)
    SPD_IsMecSpeedReliable                   0x080073d7   Thumb Code    96  speed_pos_fdbk.o(i.SPD_IsMecSpeedReliable)
    STC_CalcTorqueReference                  0x08007437   Thumb Code    80  speed_torq_ctrl.o(i.STC_CalcTorqueReference)
    STC_Clear                                0x08007487   Thumb Code    16  speed_torq_ctrl.o(i.STC_Clear)
    STC_ExecRamp                             0x08007497   Thumb Code   140  speed_torq_ctrl.o(i.STC_ExecRamp)
    STC_ForceSpeedReferenceToCurrentSpeed    0x08007523   Thumb Code    16  speed_torq_ctrl.o(i.STC_ForceSpeedReferenceToCurrentSpeed)
    STC_GetDefaultIqdref                     0x08007533   Thumb Code    16  speed_torq_ctrl.o(i.STC_GetDefaultIqdref)
    STC_GetMecSpeedRefUnit                   0x08007543   Thumb Code     6  speed_torq_ctrl.o(i.STC_GetMecSpeedRefUnit)
    STC_GetMecSpeedRefUnitDefault            0x08007549   Thumb Code     6  speed_torq_ctrl.o(i.STC_GetMecSpeedRefUnitDefault)
    STC_GetSpeedSensor                       0x0800754f   Thumb Code     4  speed_torq_ctrl.o(i.STC_GetSpeedSensor)
    STC_GetTorqueRef                         0x08007553   Thumb Code     6  speed_torq_ctrl.o(i.STC_GetTorqueRef)
    STC_Init                                 0x08007559   Thumb Code    32  speed_torq_ctrl.o(i.STC_Init)
    STC_SetControlMode                       0x08007579   Thumb Code     8  speed_torq_ctrl.o(i.STC_SetControlMode)
    STC_SetSpeedSensor                       0x08007581   Thumb Code     4  speed_torq_ctrl.o(i.STC_SetSpeedSensor)
    STC_StopRamp                             0x08007585   Thumb Code     8  speed_torq_ctrl.o(i.STC_StopRamp)
    STO_OTF_ResetPLL                         0x0800758d   Thumb Code    10  sto_pll_speed_pos_fdbk.o(i.STO_OTF_ResetPLL)
    STO_PLL_CalcAvrgElSpeedDpp               0x08007597   Thumb Code    78  sto_pll_speed_pos_fdbk.o(i.STO_PLL_CalcAvrgElSpeedDpp)
    STO_PLL_CalcAvrgMecSpeedUnit             0x080075e5   Thumb Code   340  sto_pll_speed_pos_fdbk.o(i.STO_PLL_CalcAvrgMecSpeedUnit)
    STO_PLL_CalcElAngle                      0x08007739   Thumb Code   482  sto_pll_speed_pos_fdbk.o(i.STO_PLL_CalcElAngle)
    STO_PLL_Clear                            0x0800791b   Thumb Code   124  sto_pll_speed_pos_fdbk.o(i.STO_PLL_Clear)
    STO_PLL_ForceConvergency1                0x08007997   Thumb Code    10  sto_pll_speed_pos_fdbk.o(i.STO_PLL_ForceConvergency1)
    STO_PLL_ForceConvergency2                0x080079a1   Thumb Code    10  sto_pll_speed_pos_fdbk.o(i.STO_PLL_ForceConvergency2)
    STO_PLL_GetEstimatedBemf                 0x080079ab   Thumb Code    20  sto_pll_speed_pos_fdbk.o(i.STO_PLL_GetEstimatedBemf)
    STO_PLL_GetEstimatedBemfLevel            0x080079bf   Thumb Code     6  sto_pll_speed_pos_fdbk.o(i.STO_PLL_GetEstimatedBemfLevel)
    STO_PLL_GetEstimatedCurrent              0x080079c5   Thumb Code    24  sto_pll_speed_pos_fdbk.o(i.STO_PLL_GetEstimatedCurrent)
    STO_PLL_GetObservedBemfLevel             0x080079dd   Thumb Code     6  sto_pll_speed_pos_fdbk.o(i.STO_PLL_GetObservedBemfLevel)
    STO_PLL_GetObserverGains                 0x080079e3   Thumb Code    10  sto_pll_speed_pos_fdbk.o(i.STO_PLL_GetObserverGains)
    STO_PLL_Init                             0x080079ed   Thumb Code    90  sto_pll_speed_pos_fdbk.o(i.STO_PLL_Init)
    STO_PLL_IsObserverConverged              0x08007a4d   Thumb Code   168  sto_pll_speed_pos_fdbk.o(i.STO_PLL_IsObserverConverged)
    STO_PLL_IsVarianceTight                  0x08007af5   Thumb Code     8  sto_pll_speed_pos_fdbk.o(i.STO_PLL_IsVarianceTight)
    STO_PLL_SetObserverGains                 0x08007afd   Thumb Code     6  sto_pll_speed_pos_fdbk.o(i.STO_PLL_SetObserverGains)
    STO_ResetPLL                             0x08007b03   Thumb Code     8  sto_pll_speed_pos_fdbk.o(i.STO_ResetPLL)
    SysTick_Handler                          0x08007b0d   Thumb Code    36  stm32g4xx_mc_it.o(i.SysTick_Handler)
    SystemInit                               0x08007b35   Thumb Code    12  system_stm32g4xx.o(i.SystemInit)
    TIM1_BRK_TIM15_IRQHandler                0x08007b45   Thumb Code    54  stm32g4xx_mc_it.o(i.TIM1_BRK_TIM15_IRQHandler)
    TIM1_UP_TIM16_IRQHandler                 0x08007b89   Thumb Code    14  stm32g4xx_mc_it.o(i.TIM1_UP_TIM16_IRQHandler)
    TIM_Base_SetConfig                       0x08007ba1   Thumb Code   152  stm32g4xx_hal_tim.o(i.TIM_Base_SetConfig)
    TIM_OC2_SetConfig                        0x08007c55   Thumb Code   136  stm32g4xx_hal_tim.o(i.TIM_OC2_SetConfig)
    TSK_ChargeBootCapDelayHasElapsedM1       0x08007e1d   Thumb Code    14  mc_tasks.o(i.TSK_ChargeBootCapDelayHasElapsedM1)
    TSK_HardwareFaultTask                    0x08007e31   Thumb Code    24  mc_tasks.o(i.TSK_HardwareFaultTask)
    TSK_HighFrequencyTask                    0x08007e51   Thumb Code   344  mc_tasks.o(i.TSK_HighFrequencyTask)
    TSK_MediumFrequencyTaskM1                0x08007fe1   Thumb Code   784  mc_tasks.o(i.TSK_MediumFrequencyTaskM1)
    TSK_SafetyTask                           0x08008319   Thumb Code    26  mc_tasks.o(i.TSK_SafetyTask)
    TSK_SafetyTask_PWMOFF                    0x08008339   Thumb Code   128  mc_tasks.o(i.TSK_SafetyTask_PWMOFF)
    TSK_SetChargeBootCapDelayM1              0x080083d5   Thumb Code     6  mc_tasks.o(i.TSK_SetChargeBootCapDelayM1)
    TSK_SetStopPermanencyTimeM1              0x080083e1   Thumb Code     6  mc_tasks.o(i.TSK_SetStopPermanencyTimeM1)
    TSK_StopPermanencyTimeHasElapsedM1       0x080083ed   Thumb Code    14  mc_tasks.o(i.TSK_StopPermanencyTimeHasElapsedM1)
    UART_AdvFeatureConfig                    0x08008401   Thumb Code   218  stm32g4xx_hal_uart.o(i.UART_AdvFeatureConfig)
    UART_CheckIdleState                      0x080084db   Thumb Code   100  stm32g4xx_hal_uart.o(i.UART_CheckIdleState)
    UART_SetConfig                           0x08008541   Thumb Code   620  stm32g4xx_hal_uart.o(i.UART_SetConfig)
    UART_WaitOnFlagUntilTimeout              0x080087c5   Thumb Code   228  stm32g4xx_hal_uart.o(i.UART_WaitOnFlagUntilTimeout)
    UASPEP_IDLE_ENABLE                       0x080088a9   Thumb Code    26  usart_aspep_driver.o(i.UASPEP_IDLE_ENABLE)
    UASPEP_INIT                              0x080088c5   Thumb Code   168  usart_aspep_driver.o(i.UASPEP_INIT)
    UASPEP_RECEIVE_BUFFER                    0x08008971   Thumb Code    74  usart_aspep_driver.o(i.UASPEP_RECEIVE_BUFFER)
    UASPEP_SEND_PACKET                       0x080089c1   Thumb Code    74  usart_aspep_driver.o(i.UASPEP_SEND_PACKET)
    UI_HandleStartStopButton_cb              0x08008a11   Thumb Code    24  mc_tasks.o(i.UI_HandleStartStopButton_cb)
    USART2_IRQHandler                        0x08008a29   Thumb Code   234  stm32g4xx_mc_it.o(i.USART2_IRQHandler)
    VBS_GetAvBusVoltage_V                    0x08008b2d   Thumb Code    10  bus_voltage_sensor.o(i.VBS_GetAvBusVoltage_V)
    VBS_GetAvBusVoltage_d                    0x08008b37   Thumb Code     4  bus_voltage_sensor.o(i.VBS_GetAvBusVoltage_d)
    VSS_CalcAvrgMecSpeedUnit                 0x08008b3b   Thumb Code   130  virtual_speed_sensor.o(i.VSS_CalcAvrgMecSpeedUnit)
    VSS_CalcElAngle                          0x08008bbd   Thumb Code   158  virtual_speed_sensor.o(i.VSS_CalcElAngle)
    VSS_Clear                                0x08008c5b   Thumb Code    44  virtual_speed_sensor.o(i.VSS_Clear)
    VSS_Init                                 0x08008c87   Thumb Code     8  virtual_speed_sensor.o(i.VSS_Init)
    VSS_SetMecAcceleration                   0x08008c8f   Thumb Code   140  virtual_speed_sensor.o(i.VSS_SetMecAcceleration)
    VSS_SetMecAngle                          0x08008d1b   Thumb Code    14  virtual_speed_sensor.o(i.VSS_SetMecAngle)
    VSS_SetStartTransition                   0x08008d29   Thumb Code    28  virtual_speed_sensor.o(i.VSS_SetStartTransition)
    VSS_TransitionEnded                      0x08008d45   Thumb Code     6  virtual_speed_sensor.o(i.VSS_TransitionEnded)
    getScalingFactor                         0x08008d4d   Thumb Code    40  ramp_ext_mngr.o(i.getScalingFactor)
    main                                     0x08008d75   Thumb Code   260  main.o(i.main)
    mc_lock_pins                             0x08008e79   Thumb Code   210  mc_tasks.o(i.mc_lock_pins)
    startTimers                              0x08008f69   Thumb Code   100  pwm_common.o(i.startTimers)
    waitForPolarizationEnd                   0x08008fd5   Thumb Code    72  pwm_common.o(i.waitForPolarizationEnd)
    _fp_init                                 0x0800901d   Thumb Code    10  fpinit.o(x$fpl$fpinit)
    __fplib_config_fpu_vfp                   0x08009025   Thumb Code     0  fpinit.o(x$fpl$fpinit)
    __fplib_config_pureend_doubles           0x08009025   Thumb Code     0  fpinit.o(x$fpl$fpinit)
    R3_2_ParamsM1                            0x08009030   Data         204  mc_parameters.o(.constdata)
    CTL_BOARD                                0x08009106   Data          16  mc_configuration_registers.o(.constdata)
    FIRMWARE_NAME                            0x08009127   Data          24  mc_configuration_registers.o(.constdata)
    globalConfig_reg                         0x0800913f   Data          10  mc_configuration_registers.o(.constdata)
    M1_MotorConfig_reg                       0x08009157   Data          60  mc_configuration_registers.o(.constdata)
    UARTPrescTable                           0x080092b2   Data          24  stm32g4xx_hal_uart.o(.constdata)
    AHBPrescTable                            0x080092da   Data          16  system_stm32g4xx.o(.constdata)
    APBPrescTable                            0x080092ea   Data           8  system_stm32g4xx.o(.constdata)
    Region$$Table$$Base                      0x08009308   Number         0  anon$$obj.o(Region$$Table)
    Region$$Table$$Limit                     0x08009328   Number         0  anon$$obj.o(Region$$Table)
    pMCI                                     0x20000004   Data           4  motorcontrol.o(.data)
    PQD_MotorPowMeasM1                       0x20000008   Data         276  mc_config.o(.data)
    PIDSpeedHandle_M1                        0x2000011c   Data          44  mc_config.o(.data)
    PIDIqHandle_M1                           0x20000148   Data          44  mc_config.o(.data)
    PIDIdHandle_M1                           0x20000174   Data          44  mc_config.o(.data)
    SpeednTorqCtrlM1                         0x200001a0   Data          52  mc_config.o(.data)
    RevUpControlM1                           0x200001d4   Data         120  mc_config.o(.data)
    PWM_Handle_M1                            0x2000024c   Data         152  mc_config.o(.data)
    VirtualSpeedSensorM1                     0x200002e4   Data          56  mc_config.o(.data)
    STO_PLL_M1                               0x2000031c   Data         296  mc_config.o(.data)
    STO_M1                                   0x20000444   Data          20  mc_config.o(.data)
    TempSensor_M1                            0x20000458   Data          40  mc_config.o(.data)
    BusVoltageSensor_M1                      0x20000480   Data          40  mc_config.o(.data)
    RampExtMngrHFParamsM1                    0x200004a8   Data          24  mc_config.o(.data)
    CircleLimitationM1                       0x200004c0   Data         180  mc_config.o(.data)
    pSTC                                     0x20000574   Data           4  mc_config.o(.data)
    pPIDIq                                   0x20000578   Data           4  mc_config.o(.data)
    pPIDId                                   0x2000057c   Data           4  mc_config.o(.data)
    pTemperatureSensor                       0x20000580   Data           4  mc_config.o(.data)
    pMPM                                     0x20000584   Data           4  mc_config.o(.data)
    aspepOverUartA                           0x2000059c   Data         116  mcp_config.o(.data)
    MCP_Over_UartA                           0x20000610   Data          16  mcp_config.o(.data)
    MCPA_UART_A                              0x20000620   Data          44  mcp_config.o(.data)
    MCP_UserCallBack                         0x2000064c   Data           8  mcp_config.o(.data)
    PWR_BOARD_NAME                           0x20000680   Data           4  mc_configuration_registers.o(.data)
    FOCConfig_reg                            0x20000684   Data           4  mc_configuration_registers.o(.data)
    MotorConfig_reg                          0x20000688   Data           4  mc_configuration_registers.o(.data)
    ApplicationConfig_reg                    0x2000068c   Data           4  mc_configuration_registers.o(.data)
    uwTickPrio                               0x20000690   Data           4  stm32g4xx_hal.o(.data)
    uwTickFreq                               0x20000694   Data           4  stm32g4xx_hal.o(.data)
    uwTick                                   0x20000698   Data           4  stm32g4xx_hal.o(.data)
    SystemCoreClock                          0x2000069c   Data           4  system_stm32g4xx.o(.data)
    GLOBAL_TIMESTAMP                         0x200006a0   Data           4  mcpa.o(.data)
    hadc1                                    0x200006a4   Data         108  adc.o(.bss)
    hadc2                                    0x20000710   Data         108  adc.o(.bss)
    hcordic                                  0x2000077c   Data          40  cordic.o(.bss)
    hdac1                                    0x200007a4   Data          20  dac.o(.bss)
    Mci                                      0x200007c4   Data          32  mc_config.o(.bss)
    dataPtrTableA                            0x200019f8   Data          40  mcp_config.o(.bss)
    dataPtrTableBuffA                        0x20001a20   Data          40  mcp_config.o(.bss)
    dataSizeTableA                           0x20001a48   Data          10  mcp_config.o(.bss)
    dataSizeTableBuffA                       0x20001a52   Data          10  mcp_config.o(.bss)
    DAC_Handle                               0x20001acc   Data          12  dac_ui.o(.bss)
    htim1                                    0x20001ad8   Data          76  tim.o(.bss)
    huart2                                   0x20001b24   Data         144  usart.o(.bss)
    hdma_usart2_rx                           0x20001bb4   Data          96  usart.o(.bss)
    hdma_usart2_tx                           0x20001c14   Data          96  usart.o(.bss)
    __libspace_start                         0x20001c74   Data          96  libspace.o(.bss)
    __temporary_stack_top$libspace           0x20001cd4   Data           0  libspace.o(.bss)



==============================================================================

Memory Map of the image

  Image Entry point : 0x080001d9

  Load Region LR_IROM1 (Base: 0x08000000, Size: 0x000099cc, Max: 0x00020000, ABSOLUTE, COMPRESSED[0x00009508])

    Execution Region ER_IROM1 (Exec base: 0x08000000, Load base: 0x08000000, Size: 0x00009328, Max: 0x00020000, ABSOLUTE)

    Exec Addr    Load Addr    Size         Type   Attr      Idx    E Section Name        Object

    0x08000000   0x08000000   0x000001d8   Data   RO            3    RESET               startup_stm32g431xx.o
    0x080001d8   0x080001d8   0x00000008   Code   RO         7736  * !!!main             c_w.l(__main.o)
    0x080001e0   0x080001e0   0x00000034   Code   RO         7932    !!!scatter          c_w.l(__scatter.o)
    0x08000214   0x08000214   0x0000005a   Code   RO         7930    !!dczerorl2         c_w.l(__dczerorl2.o)
    0x0800026e   0x0800026e   0x00000002   PAD
    0x08000270   0x08000270   0x0000001c   Code   RO         7934    !!handler_zi        c_w.l(__scatter_zi.o)
    0x0800028c   0x0800028c   0x00000002   Code   RO         7798    .ARM.Collect$$libinit$$00000000  c_w.l(libinit.o)
    0x0800028e   0x0800028e   0x00000004   Code   RO         7810    .ARM.Collect$$libinit$$00000001  c_w.l(libinit2.o)
    0x08000292   0x08000292   0x00000000   Code   RO         7813    .ARM.Collect$$libinit$$00000004  c_w.l(libinit2.o)
    0x08000292   0x08000292   0x00000000   Code   RO         7816    .ARM.Collect$$libinit$$0000000A  c_w.l(libinit2.o)
    0x08000292   0x08000292   0x00000000   Code   RO         7818    .ARM.Collect$$libinit$$0000000C  c_w.l(libinit2.o)
    0x08000292   0x08000292   0x00000000   Code   RO         7820    .ARM.Collect$$libinit$$0000000E  c_w.l(libinit2.o)
    0x08000292   0x08000292   0x00000000   Code   RO         7823    .ARM.Collect$$libinit$$00000011  c_w.l(libinit2.o)
    0x08000292   0x08000292   0x00000000   Code   RO         7825    .ARM.Collect$$libinit$$00000013  c_w.l(libinit2.o)
    0x08000292   0x08000292   0x00000000   Code   RO         7827    .ARM.Collect$$libinit$$00000015  c_w.l(libinit2.o)
    0x08000292   0x08000292   0x00000000   Code   RO         7829    .ARM.Collect$$libinit$$00000017  c_w.l(libinit2.o)
    0x08000292   0x08000292   0x00000000   Code   RO         7831    .ARM.Collect$$libinit$$00000019  c_w.l(libinit2.o)
    0x08000292   0x08000292   0x00000000   Code   RO         7833    .ARM.Collect$$libinit$$0000001B  c_w.l(libinit2.o)
    0x08000292   0x08000292   0x00000000   Code   RO         7835    .ARM.Collect$$libinit$$0000001D  c_w.l(libinit2.o)
    0x08000292   0x08000292   0x00000000   Code   RO         7837    .ARM.Collect$$libinit$$0000001F  c_w.l(libinit2.o)
    0x08000292   0x08000292   0x00000000   Code   RO         7839    .ARM.Collect$$libinit$$00000021  c_w.l(libinit2.o)
    0x08000292   0x08000292   0x00000000   Code   RO         7841    .ARM.Collect$$libinit$$00000023  c_w.l(libinit2.o)
    0x08000292   0x08000292   0x00000000   Code   RO         7843    .ARM.Collect$$libinit$$00000025  c_w.l(libinit2.o)
    0x08000292   0x08000292   0x00000000   Code   RO         7847    .ARM.Collect$$libinit$$0000002C  c_w.l(libinit2.o)
    0x08000292   0x08000292   0x00000000   Code   RO         7849    .ARM.Collect$$libinit$$0000002E  c_w.l(libinit2.o)
    0x08000292   0x08000292   0x00000000   Code   RO         7851    .ARM.Collect$$libinit$$00000030  c_w.l(libinit2.o)
    0x08000292   0x08000292   0x00000000   Code   RO         7853    .ARM.Collect$$libinit$$00000032  c_w.l(libinit2.o)
    0x08000292   0x08000292   0x00000002   Code   RO         7854    .ARM.Collect$$libinit$$00000033  c_w.l(libinit2.o)
    0x08000294   0x08000294   0x00000002   Code   RO         7885    .ARM.Collect$$libshutdown$$00000000  c_w.l(libshutdown.o)
    0x08000296   0x08000296   0x00000000   Code   RO         7911    .ARM.Collect$$libshutdown$$00000002  c_w.l(libshutdown2.o)
    0x08000296   0x08000296   0x00000000   Code   RO         7913    .ARM.Collect$$libshutdown$$00000004  c_w.l(libshutdown2.o)
    0x08000296   0x08000296   0x00000000   Code   RO         7915    .ARM.Collect$$libshutdown$$00000006  c_w.l(libshutdown2.o)
    0x08000296   0x08000296   0x00000000   Code   RO         7918    .ARM.Collect$$libshutdown$$00000009  c_w.l(libshutdown2.o)
    0x08000296   0x08000296   0x00000000   Code   RO         7921    .ARM.Collect$$libshutdown$$0000000C  c_w.l(libshutdown2.o)
    0x08000296   0x08000296   0x00000000   Code   RO         7923    .ARM.Collect$$libshutdown$$0000000E  c_w.l(libshutdown2.o)
    0x08000296   0x08000296   0x00000000   Code   RO         7926    .ARM.Collect$$libshutdown$$00000011  c_w.l(libshutdown2.o)
    0x08000296   0x08000296   0x00000002   Code   RO         7927    .ARM.Collect$$libshutdown$$00000012  c_w.l(libshutdown2.o)
    0x08000298   0x08000298   0x00000000   Code   RO         7754    .ARM.Collect$$rtentry$$00000000  c_w.l(__rtentry.o)
    0x08000298   0x08000298   0x00000000   Code   RO         7769    .ARM.Collect$$rtentry$$00000002  c_w.l(__rtentry2.o)
    0x08000298   0x08000298   0x00000006   Code   RO         7781    .ARM.Collect$$rtentry$$00000004  c_w.l(__rtentry4.o)
    0x0800029e   0x0800029e   0x00000000   Code   RO         7771    .ARM.Collect$$rtentry$$00000009  c_w.l(__rtentry2.o)
    0x0800029e   0x0800029e   0x00000004   Code   RO         7772    .ARM.Collect$$rtentry$$0000000A  c_w.l(__rtentry2.o)
    0x080002a2   0x080002a2   0x00000000   Code   RO         7774    .ARM.Collect$$rtentry$$0000000C  c_w.l(__rtentry2.o)
    0x080002a2   0x080002a2   0x00000008   Code   RO         7775    .ARM.Collect$$rtentry$$0000000D  c_w.l(__rtentry2.o)
    0x080002aa   0x080002aa   0x00000002   Code   RO         7802    .ARM.Collect$$rtexit$$00000000  c_w.l(rtexit.o)
    0x080002ac   0x080002ac   0x00000000   Code   RO         7858    .ARM.Collect$$rtexit$$00000002  c_w.l(rtexit2.o)
    0x080002ac   0x080002ac   0x00000004   Code   RO         7859    .ARM.Collect$$rtexit$$00000003  c_w.l(rtexit2.o)
    0x080002b0   0x080002b0   0x00000006   Code   RO         7860    .ARM.Collect$$rtexit$$00000004  c_w.l(rtexit2.o)
    0x080002b6   0x080002b6   0x00000002   PAD
    0x080002b8   0x080002b8   0x00000040   Code   RO            4    .text               startup_stm32g431xx.o
    0x080002f8   0x080002f8   0x000000ee   Code   RO         7724    .text               c_w.l(lludivv7m.o)
    0x080003e6   0x080003e6   0x00000048   Code   RO         7726    .text               c_w.l(llsdiv.o)
    0x0800042e   0x0800042e   0x0000008a   Code   RO         7728    .text               c_w.l(rt_memcpy_v6.o)
    0x080004b8   0x080004b8   0x00000064   Code   RO         7730    .text               c_w.l(rt_memcpy_w.o)
    0x0800051c   0x0800051c   0x0000004e   Code   RO         7732    .text               c_w.l(rt_memclr_w.o)
    0x0800056a   0x0800056a   0x00000006   Code   RO         7734    .text               c_w.l(heapauxi.o)
    0x08000570   0x08000570   0x0000004a   Code   RO         7785    .text               c_w.l(sys_stackheap_outer.o)
    0x080005ba   0x080005ba   0x00000012   Code   RO         7787    .text               c_w.l(exit.o)
    0x080005cc   0x080005cc   0x00000008   Code   RO         7799    .text               c_w.l(libspace.o)
    0x080005d4   0x080005d4   0x0000000c   Code   RO         7855    .text               c_w.l(sys_exit.o)
    0x080005e0   0x080005e0   0x00000002   Code   RO         7874    .text               c_w.l(use_no_semi.o)
    0x080005e2   0x080005e2   0x00000000   Code   RO         7876    .text               c_w.l(indicate_semi.o)
    0x080005e2   0x080005e2   0x0000000c   Code   RO         1772    i.ADC1_2_IRQHandler  stm32g4xx_mc_it.o
    0x080005ee   0x080005ee   0x0000007c   Code   RO         2153    i.ASPEP_CheckBeacon  aspep.o
    0x0800066a   0x0800066a   0x00000016   Code   RO         2154    i.ASPEP_HWDMAReset  aspep.o
    0x08000680   0x08000680   0x0000009c   Code   RO         2155    i.ASPEP_HWDataReceivedIT  aspep.o
    0x0800071c   0x0800071c   0x00000094   Code   RO         2156    i.ASPEP_HWDataTransmittedIT  aspep.o
    0x080007b0   0x080007b0   0x000001ea   Code   RO         2157    i.ASPEP_RXframeProcess  aspep.o
    0x0800099a   0x0800099a   0x00000002   PAD
    0x0800099c   0x0800099c   0x000000d4   Code   RO         2158    i.ASPEP_TXframeProcess  aspep.o
    0x08000a70   0x08000a70   0x00000056   Code   RO         2159    i.ASPEP_getBuffer   aspep.o
    0x08000ac6   0x08000ac6   0x00000058   Code   RO         2161    i.ASPEP_sendPacket  aspep.o
    0x08000b1e   0x08000b1e   0x00000028   Code   RO         2163    i.ASPEP_start       aspep.o
    0x08000b46   0x08000b46   0x0000005c   Code   RO         6286    i.Circle_Limitation  circle_limitation.o
    0x08000ba2   0x08000ba2   0x00000002   PAD
    0x08000ba4   0x08000ba4   0x00000028   Code   RO         2067    i.DAC_Exec          dac_ui.o
    0x08000bcc   0x08000bcc   0x00000008   Code   RO         2068    i.DAC_GetChannelConfig  dac_ui.o
    0x08000bd4   0x08000bd4   0x0000001c   Code   RO         2069    i.DAC_Init          dac_ui.o
    0x08000bf0   0x08000bf0   0x00000010   Code   RO         2070    i.DAC_SetChannelConfig  dac_ui.o
    0x08000c00   0x08000c00   0x00000020   Code   RO         1773    i.DMA2_Channel2_IRQHandler  stm32g4xx_mc_it.o
    0x08000c20   0x08000c20   0x0000001c   Code   RO         1774    i.EXTI15_10_IRQHandler  stm32g4xx_mc_it.o
    0x08000c3c   0x08000c3c   0x00000004   Code   RO           13    i.Error_Handler     main.o
    0x08000c40   0x08000c40   0x00000034   Code   RO          942    i.FOC_CalcCurrRef   mc_tasks.o
    0x08000c74   0x08000c74   0x0000006c   Code   RO          943    i.FOC_Clear         mc_tasks.o
    0x08000ce0   0x08000ce0   0x00000002   Code   RO          944    i.FOC_InitAdditionalMethods  mc_tasks.o
    0x08000ce2   0x08000ce2   0x00000002   PAD
    0x08000ce4   0x08000ce4   0x000005dc   Code   RO         2582    i.HAL_ADCEx_InjectedConfigChannel  stm32g4xx_hal_adc_ex.o
    0x080012c0   0x080012c0   0x000000f8   Code   RO         2593    i.HAL_ADCEx_MultiModeConfigChannel  stm32g4xx_hal_adc_ex.o
    0x080013b8   0x080013b8   0x000004d8   Code   RO         2380    i.HAL_ADC_ConfigChannel  stm32g4xx_hal_adc.o
    0x08001890   0x08001890   0x00000240   Code   RO         2389    i.HAL_ADC_Init      stm32g4xx_hal_adc.o
    0x08001ad0   0x08001ad0   0x00000168   Code   RO          373    i.HAL_ADC_MspInit   adc.o
    0x08001c38   0x08001c38   0x00000034   Code   RO         4207    i.HAL_CORDIC_Init   stm32g4xx_hal_cordic.o
    0x08001c6c   0x08001c6c   0x0000002c   Code   RO          422    i.HAL_CORDIC_MspInit  cordic.o
    0x08001c98   0x08001c98   0x000001dc   Code   RO         4313    i.HAL_DAC_ConfigChannel  stm32g4xx_hal_dac.o
    0x08001e74   0x08001e74   0x00000028   Code   RO         4323    i.HAL_DAC_Init      stm32g4xx_hal_dac.o
    0x08001e9c   0x08001e9c   0x0000005c   Code   RO          464    i.HAL_DAC_MspInit   dac.o
    0x08001ef8   0x08001ef8   0x00000128   Code   RO         3577    i.HAL_DMA_Init      stm32g4xx_hal_dma.o
    0x08002020   0x08002020   0x00000028   Code   RO         2767    i.HAL_Delay         stm32g4xx_hal.o
    0x08002048   0x08002048   0x000001e4   Code   RO         3436    i.HAL_GPIO_Init     stm32g4xx_hal_gpio.o
    0x0800222c   0x0800222c   0x0000000a   Code   RO         3440    i.HAL_GPIO_WritePin  stm32g4xx_hal_gpio.o
    0x08002236   0x08002236   0x00000002   PAD
    0x08002238   0x08002238   0x0000000c   Code   RO         2771    i.HAL_GetTick       stm32g4xx_hal.o
    0x08002244   0x08002244   0x00000010   Code   RO         2774    i.HAL_IncTick       stm32g4xx_hal.o
    0x08002254   0x08002254   0x0000001e   Code   RO         2775    i.HAL_Init          stm32g4xx_hal.o
    0x08002272   0x08002272   0x00000002   PAD
    0x08002274   0x08002274   0x00000044   Code   RO         2776    i.HAL_InitTick      stm32g4xx_hal.o
    0x080022b8   0x080022b8   0x00000038   Code   RO         2349    i.HAL_MspInit       stm32g4xx_hal_msp.o
    0x080022f0   0x080022f0   0x0000001e   Code   RO         4068    i.HAL_NVIC_EnableIRQ  stm32g4xx_hal_cortex.o
    0x0800230e   0x0800230e   0x00000002   PAD
    0x08002310   0x08002310   0x00000064   Code   RO         4074    i.HAL_NVIC_SetPriority  stm32g4xx_hal_cortex.o
    0x08002374   0x08002374   0x00000024   Code   RO         4075    i.HAL_NVIC_SetPriorityGrouping  stm32g4xx_hal_cortex.o
    0x08002398   0x08002398   0x000000c0   Code   RO         3824    i.HAL_PWREx_ControlVoltageScaling  stm32g4xx_hal_pwr_ex.o
    0x08002458   0x08002458   0x00000010   Code   RO         3836    i.HAL_PWREx_DisableUCPDDeadBattery  stm32g4xx_hal_pwr_ex.o
    0x08002468   0x08002468   0x000002c4   Code   RO         3119    i.HAL_RCCEx_PeriphCLKConfig  stm32g4xx_hal_rcc_ex.o
    0x0800272c   0x0800272c   0x00000208   Code   RO         2995    i.HAL_RCC_ClockConfig  stm32g4xx_hal_rcc.o
    0x08002934   0x08002934   0x00000010   Code   RO         2998    i.HAL_RCC_EnableCSS  stm32g4xx_hal_rcc.o
    0x08002944   0x08002944   0x0000000c   Code   RO         3001    i.HAL_RCC_GetHCLKFreq  stm32g4xx_hal_rcc.o
    0x08002950   0x08002950   0x00000024   Code   RO         3003    i.HAL_RCC_GetPCLK1Freq  stm32g4xx_hal_rcc.o
    0x08002974   0x08002974   0x00000024   Code   RO         3004    i.HAL_RCC_GetPCLK2Freq  stm32g4xx_hal_rcc.o
    0x08002998   0x08002998   0x00000070   Code   RO         3005    i.HAL_RCC_GetSysClockFreq  stm32g4xx_hal_rcc.o
    0x08002a08   0x08002a08   0x000004ca   Code   RO         3008    i.HAL_RCC_OscConfig  stm32g4xx_hal_rcc.o
    0x08002ed2   0x08002ed2   0x00000002   Code   RO         4078    i.HAL_SYSTICK_Callback  stm32g4xx_hal_cortex.o
    0x08002ed4   0x08002ed4   0x0000002c   Code   RO         4079    i.HAL_SYSTICK_Config  stm32g4xx_hal_cortex.o
    0x08002f00   0x08002f00   0x00000008   Code   RO         4080    i.HAL_SYSTICK_IRQHandler  stm32g4xx_hal_cortex.o
    0x08002f08   0x08002f08   0x000000bc   Code   RO         5272    i.HAL_TIMEx_ConfigBreakDeadTime  stm32g4xx_hal_tim_ex.o
    0x08002fc4   0x08002fc4   0x000000f0   Code   RO         5273    i.HAL_TIMEx_ConfigBreakInput  stm32g4xx_hal_tim_ex.o
    0x080030b4   0x080030b4   0x00000098   Code   RO         5309    i.HAL_TIMEx_MasterConfigSynchronization  stm32g4xx_hal_tim_ex.o
    0x0800314c   0x0800314c   0x00000062   Code   RO         4600    i.HAL_TIM_Base_Init  stm32g4xx_hal_tim.o
    0x080031ae   0x080031ae   0x00000002   PAD
    0x080031b0   0x080031b0   0x00000068   Code   RO         2238    i.HAL_TIM_Base_MspInit  tim.o
    0x08003218   0x08003218   0x00000364   Code   RO         4672    i.HAL_TIM_PWM_ConfigChannel  stm32g4xx_hal_tim.o
    0x0800357c   0x0800357c   0x00000062   Code   RO         4675    i.HAL_TIM_PWM_Init  stm32g4xx_hal_tim.o
    0x080035de   0x080035de   0x00000002   Code   RO         4677    i.HAL_TIM_PWM_MspInit  stm32g4xx_hal_tim.o
    0x080035e0   0x080035e0   0x00000056   Code   RO         4689    i.HAL_TIM_SlaveConfigSynchro  stm32g4xx_hal_tim.o
    0x08003636   0x08003636   0x0000003e   Code   RO         6099    i.HAL_UARTEx_DisableFifoMode  stm32g4xx_hal_uart_ex.o
    0x08003674   0x08003674   0x0000008c   Code   RO         6107    i.HAL_UARTEx_SetRxFifoThreshold  stm32g4xx_hal_uart_ex.o
    0x08003700   0x08003700   0x0000008c   Code   RO         6108    i.HAL_UARTEx_SetTxFifoThreshold  stm32g4xx_hal_uart_ex.o
    0x0800378c   0x0800378c   0x0000006e   Code   RO         5720    i.HAL_UART_Init     stm32g4xx_hal_uart.o
    0x080037fa   0x080037fa   0x00000002   PAD
    0x080037fc   0x080037fc   0x000000e8   Code   RO         2286    i.HAL_UART_MspInit  usart.o
    0x080038e4   0x080038e4   0x00000006   Code   RO         1775    i.HardFault_Handler  stm32g4xx_mc_it.o
    0x080038ea   0x080038ea   0x00000002   PAD
    0x080038ec   0x080038ec   0x00000074   Code   RO         7450    i.LL_TIM_OC_EnablePreload  r3_2_g4xx_pwm_curr_fdbk.o
    0x08003960   0x08003960   0x00000080   Code   RO         7451    i.LL_TIM_OC_SetMode  r3_2_g4xx_pwm_curr_fdbk.o
    0x080039e0   0x080039e0   0x00000010   Code   RO         1442    i.MCI_Clear_Iqdref  mc_interface.o
    0x080039f0   0x080039f0   0x00000072   Code   RO         1443    i.MCI_ExecBufferedCommands  mc_interface.o
    0x08003a62   0x08003a62   0x0000000e   Code   RO         1444    i.MCI_ExecSpeedRamp  mc_interface.o
    0x08003a70   0x08003a70   0x00000012   Code   RO         1446    i.MCI_ExecTorqueRamp  mc_interface.o
    0x08003a82   0x08003a82   0x00000024   Code   RO         1448    i.MCI_FaultAcknowledged  mc_interface.o
    0x08003aa6   0x08003aa6   0x00000012   Code   RO         1449    i.MCI_FaultProcessing  mc_interface.o
    0x08003ab8   0x08003ab8   0x00000010   Code   RO         1450    i.MCI_GetAvrgMecSpeedUnit  mc_interface.o
    0x08003ac8   0x08003ac8   0x00000004   Code   RO         1453    i.MCI_GetControlMode  mc_interface.o
    0x08003acc   0x08003acc   0x00000004   Code   RO         1454    i.MCI_GetCurrentFaults  mc_interface.o
    0x08003ad0   0x08003ad0   0x0000000a   Code   RO         1456    i.MCI_GetFaultState  mc_interface.o
    0x08003ada   0x08003ada   0x00000006   Code   RO         1457    i.MCI_GetIab        mc_interface.o
    0x08003ae0   0x08003ae0   0x00000006   Code   RO         1459    i.MCI_GetIalphabeta  mc_interface.o
    0x08003ae6   0x08003ae6   0x00000036   Code   RO         1460    i.MCI_GetImposedMotorDirection  mc_interface.o
    0x08003b1c   0x08003b1c   0x00000006   Code   RO         1461    i.MCI_GetIqd        mc_interface.o
    0x08003b22   0x08003b22   0x00000006   Code   RO         1464    i.MCI_GetIqdref     mc_interface.o
    0x08003b28   0x08003b28   0x00000004   Code   RO         1466    i.MCI_GetLastRampFinalDuration  mc_interface.o
    0x08003b2c   0x08003b2c   0x00000006   Code   RO         1467    i.MCI_GetLastRampFinalSpeed  mc_interface.o
    0x08003b32   0x08003b32   0x00000006   Code   RO         1469    i.MCI_GetLastRampFinalTorque  mc_interface.o
    0x08003b38   0x08003b38   0x00000006   Code   RO         1470    i.MCI_GetMecSpeedRefUnit  mc_interface.o
    0x08003b3e   0x08003b3e   0x00000004   Code   RO         1472    i.MCI_GetOccurredFaults  mc_interface.o
    0x08003b42   0x08003b42   0x00000004   Code   RO         1475    i.MCI_GetSTMState   mc_interface.o
    0x08003b46   0x08003b46   0x00000008   Code   RO         1477    i.MCI_GetTeref      mc_interface.o
    0x08003b4e   0x08003b4e   0x00000008   Code   RO         1479    i.MCI_GetValphabeta  mc_interface.o
    0x08003b56   0x08003b56   0x00000008   Code   RO         1480    i.MCI_GetVqd        mc_interface.o
    0x08003b5e   0x08003b5e   0x0000001c   Code   RO         1481    i.MCI_Init          mc_interface.o
    0x08003b7a   0x08003b7a   0x00000014   Code   RO         1485    i.MCI_SetCurrentReferences  mc_interface.o
    0x08003b8e   0x08003b8e   0x00000026   Code   RO         1487    i.MCI_StartMotor    mc_interface.o
    0x08003bb4   0x08003bb4   0x00000030   Code   RO         1490    i.MCI_StopMotor     mc_interface.o
    0x08003be4   0x08003be4   0x00000006   Code   RO         1491    i.MCI_StopRamp      mc_interface.o
    0x08003bea   0x08003bea   0x00000002   PAD
    0x08003bec   0x08003bec   0x0000004c   Code   RO         1385    i.MCM_Clarke        mc_math.o
    0x08003c38   0x08003c38   0x00000084   Code   RO         1386    i.MCM_Park          mc_math.o
    0x08003cbc   0x08003cbc   0x00000036   Code   RO         1387    i.MCM_Rev_Park      mc_math.o
    0x08003cf2   0x08003cf2   0x00000002   PAD
    0x08003cf4   0x08003cf4   0x00000020   Code   RO         1388    i.MCM_Sqrt          mc_math.o
    0x08003d14   0x08003d14   0x0000001c   Code   RO         1389    i.MCM_Trig_Functions  mc_math.o
    0x08003d30   0x08003d30   0x000000ee   Code   RO         7683    i.MCPA_cfgLog       mcpa.o
    0x08003e1e   0x08003e1e   0x00000002   PAD
    0x08003e20   0x08003e20   0x000001a4   Code   RO         7684    i.MCPA_dataLog      mcpa.o
    0x08003fc4   0x08003fc4   0x0000007c   Code   RO         7685    i.MCPA_flushDataLog  mcpa.o
    0x08004040   0x08004040   0x00000124   Code   RO         7653    i.MCP_ReceivedPacket  mcp.o
    0x08004164   0x08004164   0x0000000c   Code   RO          589    i.MC_GetSTMStateMotor1  mc_api.o
    0x08004170   0x08004170   0x0000001c   Code   RO          946    i.MC_RunMotorControlTasks  mc_tasks.o
    0x0800418c   0x0800418c   0x00000074   Code   RO          947    i.MC_Scheduler      mc_tasks.o
    0x08004200   0x08004200   0x0000000c   Code   RO          603    i.MC_StartMotor1    mc_api.o
    0x0800420c   0x0800420c   0x0000000c   Code   RO          605    i.MC_StopMotor1     mc_api.o
    0x08004218   0x08004218   0x0000012c   Code   RO          948    i.MCboot            mc_tasks.o
    0x08004344   0x08004344   0x00000046   Code   RO         6343    i.MPM_CalcElMotorPower  motor_power_measurement.o
    0x0800438a   0x0800438a   0x0000001a   Code   RO         6344    i.MPM_Clear         motor_power_measurement.o
    0x080043a4   0x080043a4   0x00000006   Code   RO         6345    i.MPM_GetAvrgElMotorPowerW  motor_power_measurement.o
    0x080043aa   0x080043aa   0x00000002   PAD
    0x080043ac   0x080043ac   0x000000e0   Code   RO          374    i.MX_ADC1_Init      adc.o
    0x0800448c   0x0800448c   0x0000011c   Code   RO          375    i.MX_ADC2_Init      adc.o
    0x080045a8   0x080045a8   0x00000024   Code   RO          423    i.MX_CORDIC_Init    cordic.o
    0x080045cc   0x080045cc   0x0000006c   Code   RO          465    i.MX_DAC1_Init      dac.o
    0x08004638   0x08004638   0x0000002c   Code   RO          505    i.MX_DMA_Init       dma.o
    0x08004664   0x08004664   0x000000c0   Code   RO          348    i.MX_GPIO_Init      gpio.o
    0x08004724   0x08004724   0x00000034   Code   RO          529    i.MX_MotorControl_Init  motorcontrol.o
    0x08004758   0x08004758   0x000001b8   Code   RO         2240    i.MX_TIM1_Init      tim.o
    0x08004910   0x08004910   0x0000006c   Code   RO         2287    i.MX_USART2_UART_Init  usart.o
    0x0800497c   0x0800497c   0x0000003a   Code   RO         6385    i.NTC_CalcAvTemp    ntc_temperature_sensor.o
    0x080049b6   0x080049b6   0x00000006   Code   RO         6387    i.NTC_Clear         ntc_temperature_sensor.o
    0x080049bc   0x080049bc   0x00000022   Code   RO         6388    i.NTC_GetAvTemp_C   ntc_temperature_sensor.o
    0x080049de   0x080049de   0x00000024   Code   RO         6390    i.NTC_Init          ntc_temperature_sensor.o
    0x08004a02   0x08004a02   0x00000018   Code   RO         6391    i.NTC_SetFaultState  ntc_temperature_sensor.o
    0x08004a1a   0x08004a1a   0x00000006   Code   RO         6499    i.PID_GetKD         pid_regulator.o
    0x08004a20   0x08004a20   0x00000004   Code   RO         6501    i.PID_GetKDDivisorPOW2  pid_regulator.o
    0x08004a24   0x08004a24   0x00000006   Code   RO         6502    i.PID_GetKI         pid_regulator.o
    0x08004a2a   0x08004a2a   0x00000004   Code   RO         6503    i.PID_GetKIDivisor  pid_regulator.o
    0x08004a2e   0x08004a2e   0x00000004   Code   RO         6504    i.PID_GetKIDivisorPOW2  pid_regulator.o
    0x08004a32   0x08004a32   0x00000006   Code   RO         6505    i.PID_GetKP         pid_regulator.o
    0x08004a38   0x08004a38   0x00000004   Code   RO         6507    i.PID_GetKPDivisorPOW2  pid_regulator.o
    0x08004a3c   0x08004a3c   0x00000014   Code   RO         6508    i.PID_HandleInit    pid_regulator.o
    0x08004a50   0x08004a50   0x00000004   Code   RO         6509    i.PID_SetIntegralTerm  pid_regulator.o
    0x08004a54   0x08004a54   0x00000004   Code   RO         6510    i.PID_SetKD         pid_regulator.o
    0x08004a58   0x08004a58   0x0000000c   Code   RO         6511    i.PID_SetKDDivisorPOW2  pid_regulator.o
    0x08004a64   0x08004a64   0x00000004   Code   RO         6512    i.PID_SetKI         pid_regulator.o
    0x08004a68   0x08004a68   0x00000024   Code   RO         6513    i.PID_SetKIDivisorPOW2  pid_regulator.o
    0x08004a8c   0x08004a8c   0x00000004   Code   RO         6514    i.PID_SetKP         pid_regulator.o
    0x08004a90   0x08004a90   0x0000000c   Code   RO         6515    i.PID_SetKPDivisorPOW2  pid_regulator.o
    0x08004a9c   0x08004a9c   0x00000004   Code   RO         6516    i.PID_SetLowerIntegralTermLimit  pid_regulator.o
    0x08004aa0   0x08004aa0   0x00000004   Code   RO         6519    i.PID_SetUpperIntegralTermLimit  pid_regulator.o
    0x08004aa4   0x08004aa4   0x00000080   Code   RO         6521    i.PI_Controller     pid_regulator.o
    0x08004b24   0x08004b24   0x00000060   Code   RO         6670    i.PQD_CalcElMotorPower  pqd_motor_power_measurement.o
    0x08004b84   0x08004b84   0x00000004   Code   RO         1092    i.PWMC_CheckOverCurrent  pwm_curr_fdbk.o
    0x08004b88   0x08004b88   0x00000042   Code   RO         1094    i.PWMC_CurrentReadingCalibr  pwm_curr_fdbk.o
    0x08004bca   0x08004bca   0x00000004   Code   RO         1099    i.PWMC_GetPhaseCurrents  pwm_curr_fdbk.o
    0x08004bce   0x08004bce   0x0000020e   Code   RO         1119    i.PWMC_SetPhaseVoltage  pwm_curr_fdbk.o
    0x08004ddc   0x08004ddc   0x00000004   Code   RO         1120    i.PWMC_SwitchOffPWM  pwm_curr_fdbk.o
    0x08004de0   0x08004de0   0x00000004   Code   RO         1121    i.PWMC_SwitchOnPWM  pwm_curr_fdbk.o
    0x08004de4   0x08004de4   0x000000f8   Code   RO         7452    i.R3_2_ADCxInit     r3_2_g4xx_pwm_curr_fdbk.o
    0x08004edc   0x08004edc   0x00000042   Code   RO         7453    i.R3_2_BRK2_IRQHandler  r3_2_g4xx_pwm_curr_fdbk.o
    0x08004f1e   0x08004f1e   0x00000022   Code   RO         7454    i.R3_2_BRK_IRQHandler  r3_2_g4xx_pwm_curr_fdbk.o
    0x08004f40   0x08004f40   0x000001d4   Code   RO         7455    i.R3_2_CurrentReadingPolarization  r3_2_g4xx_pwm_curr_fdbk.o
    0x08005114   0x08005114   0x00000010   Code   RO         7456    i.R3_2_GetOffsetCalib  r3_2_g4xx_pwm_curr_fdbk.o
    0x08005124   0x08005124   0x00000128   Code   RO         7457    i.R3_2_GetPhaseCurrents  r3_2_g4xx_pwm_curr_fdbk.o
    0x0800524c   0x0800524c   0x00000060   Code   RO         7459    i.R3_2_HFCurrentsPolarizationAB  r3_2_g4xx_pwm_curr_fdbk.o
    0x080052ac   0x080052ac   0x00000054   Code   RO         7460    i.R3_2_HFCurrentsPolarizationC  r3_2_g4xx_pwm_curr_fdbk.o
    0x08005300   0x08005300   0x000002a8   Code   RO         7461    i.R3_2_Init         r3_2_g4xx_pwm_curr_fdbk.o
    0x080055a8   0x080055a8   0x00000026   Code   RO         7462    i.R3_2_IsOverCurrentOccurred  r3_2_g4xx_pwm_curr_fdbk.o
    0x080055ce   0x080055ce   0x00000002   PAD
    0x080055d0   0x080055d0   0x000000f4   Code   RO         7463    i.R3_2_RLDetectionModeDisable  r3_2_g4xx_pwm_curr_fdbk.o
    0x080056c4   0x080056c4   0x000000c0   Code   RO         7464    i.R3_2_RLDetectionModeEnable  r3_2_g4xx_pwm_curr_fdbk.o
    0x08005784   0x08005784   0x00000080   Code   RO         7465    i.R3_2_RLDetectionModeSetDuty  r3_2_g4xx_pwm_curr_fdbk.o
    0x08005804   0x08005804   0x00000050   Code   RO         7466    i.R3_2_RLGetPhaseCurrents  r3_2_g4xx_pwm_curr_fdbk.o
    0x08005854   0x08005854   0x000000d2   Code   RO         7467    i.R3_2_RLSwitchOnPWM  r3_2_g4xx_pwm_curr_fdbk.o
    0x08005926   0x08005926   0x00000054   Code   RO         7468    i.R3_2_RLTurnOnLowSides  r3_2_g4xx_pwm_curr_fdbk.o
    0x0800597a   0x0800597a   0x00000002   PAD
    0x0800597c   0x0800597c   0x0000003c   Code   RO         7469    i.R3_2_SetADCSampPointPolarization  r3_2_g4xx_pwm_curr_fdbk.o
    0x080059b8   0x080059b8   0x00000088   Code   RO         7470    i.R3_2_SetADCSampPointSectX  r3_2_g4xx_pwm_curr_fdbk.o
    0x08005a40   0x08005a40   0x000000fc   Code   RO         7472    i.R3_2_SetAOReferenceVoltage  r3_2_g4xx_pwm_curr_fdbk.o
    0x08005b3c   0x08005b3c   0x00000016   Code   RO         7473    i.R3_2_SetOffsetCalib  r3_2_g4xx_pwm_curr_fdbk.o
    0x08005b52   0x08005b52   0x00000078   Code   RO         7474    i.R3_2_SwitchOffPWM  r3_2_g4xx_pwm_curr_fdbk.o
    0x08005bca   0x08005bca   0x000000c8   Code   RO         7475    i.R3_2_SwitchOnPWM  r3_2_g4xx_pwm_curr_fdbk.o
    0x08005c92   0x08005c92   0x00000098   Code   RO         7476    i.R3_2_TIMx_UP_IRQHandler  r3_2_g4xx_pwm_curr_fdbk.o
    0x08005d2a   0x08005d2a   0x00000060   Code   RO         7477    i.R3_2_TurnOnLowSides  r3_2_g4xx_pwm_curr_fdbk.o
    0x08005d8a   0x08005d8a   0x00000002   PAD
    0x08005d8c   0x08005d8c   0x00000098   Code   RO         1301    i.RCM_ExecNextConv  regular_conversion_manager.o
    0x08005e24   0x08005e24   0x00000144   Code   RO         1302    i.RCM_ExecRegularConv  regular_conversion_manager.o
    0x08005f68   0x08005f68   0x00000058   Code   RO         1303    i.RCM_ExecUserConv  regular_conversion_manager.o
    0x08005fc0   0x08005fc0   0x0000004c   Code   RO         1307    i.RCM_ReadOngoingConv  regular_conversion_manager.o
    0x0800600c   0x0800600c   0x00000130   Code   RO         1308    i.RCM_RegisterRegConv  regular_conversion_manager.o
    0x0800613c   0x0800613c   0x0000002c   Code   RO         6778    i.REMNG_Calc        ramp_ext_mngr.o
    0x08006168   0x08006168   0x00000082   Code   RO         6779    i.REMNG_ExecRamp    ramp_ext_mngr.o
    0x080061ea   0x080061ea   0x00000010   Code   RO         6781    i.REMNG_Init        ramp_ext_mngr.o
    0x080061fa   0x080061fa   0x0000000e   Code   RO         6782    i.REMNG_RampCompleted  ramp_ext_mngr.o
    0x08006208   0x08006208   0x00000020   Code   RO         1880    i.RI_GetIDSize      register_interface.o
    0x08006228   0x08006228   0x000000ec   Code   RO         1881    i.RI_GetPtrReg      register_interface.o
    0x08006314   0x08006314   0x000007e8   Code   RO         1882    i.RI_GetRegCommandParser  register_interface.o
    0x08006afc   0x08006afc   0x00000650   Code   RO         1883    i.RI_SetRegCommandParser  register_interface.o
    0x0800714c   0x0800714c   0x00000088   Code   RO         6838    i.RUC_Clear         revup_ctrl.o
    0x080071d4   0x080071d4   0x0000006a   Code   RO         6840    i.RUC_Exec          revup_ctrl.o
    0x0800723e   0x0800723e   0x00000014   Code   RO         6841    i.RUC_FirstAccelerationStageReached  revup_ctrl.o
    0x08007252   0x08007252   0x00000006   Code   RO         6842    i.RUC_GetNumberOfPhases  revup_ctrl.o
    0x08007258   0x08007258   0x0000001a   Code   RO         6843    i.RUC_GetPhase      revup_ctrl.o
    0x08007272   0x08007272   0x00000060   Code   RO         6849    i.RUC_Init          revup_ctrl.o
    0x080072d2   0x080072d2   0x0000001e   Code   RO         6852    i.RUC_SetPhase      revup_ctrl.o
    0x080072f0   0x080072f0   0x00000066   Code   RO         6730    i.RVBS_CalcAvVbus   r_divider_bus_voltage_sensor.o
    0x08007356   0x08007356   0x00000018   Code   RO         6732    i.RVBS_CheckFaultState  r_divider_bus_voltage_sensor.o
    0x0800736e   0x0800736e   0x0000002c   Code   RO         6733    i.RVBS_Clear        r_divider_bus_voltage_sensor.o
    0x0800739a   0x0800739a   0x00000016   Code   RO         6734    i.RVBS_Init         r_divider_bus_voltage_sensor.o
    0x080073b0   0x080073b0   0x00000006   Code   RO         6971    i.SPD_GetAvrgMecSpeedUnit  speed_pos_fdbk.o
    0x080073b6   0x080073b6   0x00000006   Code   RO         6972    i.SPD_GetElAngle    speed_pos_fdbk.o
    0x080073bc   0x080073bc   0x00000006   Code   RO         6975    i.SPD_GetInstElSpeedDpp  speed_pos_fdbk.o
    0x080073c2   0x080073c2   0x00000014   Code   RO         6977    i.SPD_GetS16Speed   speed_pos_fdbk.o
    0x080073d6   0x080073d6   0x00000060   Code   RO         6978    i.SPD_IsMecSpeedReliable  speed_pos_fdbk.o
    0x08007436   0x08007436   0x00000050   Code   RO         7048    i.STC_CalcTorqueReference  speed_torq_ctrl.o
    0x08007486   0x08007486   0x00000010   Code   RO         7049    i.STC_Clear         speed_torq_ctrl.o
    0x08007496   0x08007496   0x0000008c   Code   RO         7050    i.STC_ExecRamp      speed_torq_ctrl.o
    0x08007522   0x08007522   0x00000010   Code   RO         7051    i.STC_ForceSpeedReferenceToCurrentSpeed  speed_torq_ctrl.o
    0x08007532   0x08007532   0x00000010   Code   RO         7053    i.STC_GetDefaultIqdref  speed_torq_ctrl.o
    0x08007542   0x08007542   0x00000006   Code   RO         7055    i.STC_GetMecSpeedRefUnit  speed_torq_ctrl.o
    0x08007548   0x08007548   0x00000006   Code   RO         7056    i.STC_GetMecSpeedRefUnitDefault  speed_torq_ctrl.o
    0x0800754e   0x0800754e   0x00000004   Code   RO         7058    i.STC_GetSpeedSensor  speed_torq_ctrl.o
    0x08007552   0x08007552   0x00000006   Code   RO         7059    i.STC_GetTorqueRef  speed_torq_ctrl.o
    0x08007558   0x08007558   0x00000020   Code   RO         7060    i.STC_Init          speed_torq_ctrl.o
    0x08007578   0x08007578   0x00000008   Code   RO         7062    i.STC_SetControlMode  speed_torq_ctrl.o
    0x08007580   0x08007580   0x00000004   Code   RO         7064    i.STC_SetSpeedSensor  speed_torq_ctrl.o
    0x08007584   0x08007584   0x00000008   Code   RO         7065    i.STC_StopRamp      speed_torq_ctrl.o
    0x0800758c   0x0800758c   0x0000000a   Code   RO         7181    i.STO_OTF_ResetPLL  sto_pll_speed_pos_fdbk.o
    0x08007596   0x08007596   0x0000004e   Code   RO         7183    i.STO_PLL_CalcAvrgElSpeedDpp  sto_pll_speed_pos_fdbk.o
    0x080075e4   0x080075e4   0x00000154   Code   RO         7184    i.STO_PLL_CalcAvrgMecSpeedUnit  sto_pll_speed_pos_fdbk.o
    0x08007738   0x08007738   0x000001e2   Code   RO         7185    i.STO_PLL_CalcElAngle  sto_pll_speed_pos_fdbk.o
    0x0800791a   0x0800791a   0x0000007c   Code   RO         7186    i.STO_PLL_Clear     sto_pll_speed_pos_fdbk.o
    0x08007996   0x08007996   0x0000000a   Code   RO         7187    i.STO_PLL_ForceConvergency1  sto_pll_speed_pos_fdbk.o
    0x080079a0   0x080079a0   0x0000000a   Code   RO         7188    i.STO_PLL_ForceConvergency2  sto_pll_speed_pos_fdbk.o
    0x080079aa   0x080079aa   0x00000014   Code   RO         7189    i.STO_PLL_GetEstimatedBemf  sto_pll_speed_pos_fdbk.o
    0x080079be   0x080079be   0x00000006   Code   RO         7190    i.STO_PLL_GetEstimatedBemfLevel  sto_pll_speed_pos_fdbk.o
    0x080079c4   0x080079c4   0x00000018   Code   RO         7191    i.STO_PLL_GetEstimatedCurrent  sto_pll_speed_pos_fdbk.o
    0x080079dc   0x080079dc   0x00000006   Code   RO         7192    i.STO_PLL_GetObservedBemfLevel  sto_pll_speed_pos_fdbk.o
    0x080079e2   0x080079e2   0x0000000a   Code   RO         7193    i.STO_PLL_GetObserverGains  sto_pll_speed_pos_fdbk.o
    0x080079ec   0x080079ec   0x00000060   Code   RO         7194    i.STO_PLL_Init      sto_pll_speed_pos_fdbk.o
    0x08007a4c   0x08007a4c   0x000000a8   Code   RO         7196    i.STO_PLL_IsObserverConverged  sto_pll_speed_pos_fdbk.o
    0x08007af4   0x08007af4   0x00000008   Code   RO         7197    i.STO_PLL_IsVarianceTight  sto_pll_speed_pos_fdbk.o
    0x08007afc   0x08007afc   0x00000006   Code   RO         7200    i.STO_PLL_SetObserverGains  sto_pll_speed_pos_fdbk.o
    0x08007b02   0x08007b02   0x00000008   Code   RO         7201    i.STO_ResetPLL      sto_pll_speed_pos_fdbk.o
    0x08007b0a   0x08007b0a   0x00000002   PAD
    0x08007b0c   0x08007b0c   0x00000028   Code   RO         1776    i.SysTick_Handler   stm32g4xx_mc_it.o
    0x08007b34   0x08007b34   0x00000010   Code   RO         6207    i.SystemInit        system_stm32g4xx.o
    0x08007b44   0x08007b44   0x00000044   Code   RO         1777    i.TIM1_BRK_TIM15_IRQHandler  stm32g4xx_mc_it.o
    0x08007b88   0x08007b88   0x00000018   Code   RO         1778    i.TIM1_UP_TIM16_IRQHandler  stm32g4xx_mc_it.o
    0x08007ba0   0x08007ba0   0x000000b4   Code   RO         4693    i.TIM_Base_SetConfig  stm32g4xx_hal_tim.o
    0x08007c54   0x08007c54   0x00000090   Code   RO         4705    i.TIM_OC2_SetConfig  stm32g4xx_hal_tim.o
    0x08007ce4   0x08007ce4   0x00000138   Code   RO         4706    i.TIM_SlaveTimer_SetConfig  stm32g4xx_hal_tim.o
    0x08007e1c   0x08007e1c   0x00000014   Code   RO          949    i.TSK_ChargeBootCapDelayHasElapsedM1  mc_tasks.o
    0x08007e30   0x08007e30   0x00000020   Code   RO          950    i.TSK_HardwareFaultTask  mc_tasks.o
    0x08007e50   0x08007e50   0x00000190   Code   RO          951    i.TSK_HighFrequencyTask  mc_tasks.o
    0x08007fe0   0x08007fe0   0x00000338   Code   RO          953    i.TSK_MediumFrequencyTaskM1  mc_tasks.o
    0x08008318   0x08008318   0x00000020   Code   RO          954    i.TSK_SafetyTask    mc_tasks.o
    0x08008338   0x08008338   0x0000009c   Code   RO          955    i.TSK_SafetyTask_PWMOFF  mc_tasks.o
    0x080083d4   0x080083d4   0x0000000c   Code   RO          956    i.TSK_SetChargeBootCapDelayM1  mc_tasks.o
    0x080083e0   0x080083e0   0x0000000c   Code   RO          957    i.TSK_SetStopPermanencyTimeM1  mc_tasks.o
    0x080083ec   0x080083ec   0x00000014   Code   RO          958    i.TSK_StopPermanencyTimeHasElapsedM1  mc_tasks.o
    0x08008400   0x08008400   0x000000da   Code   RO         5734    i.UART_AdvFeatureConfig  stm32g4xx_hal_uart.o
    0x080084da   0x080084da   0x00000064   Code   RO         5735    i.UART_CheckIdleState  stm32g4xx_hal_uart.o
    0x0800853e   0x0800853e   0x00000002   PAD
    0x08008540   0x08008540   0x00000284   Code   RO         5750    i.UART_SetConfig    stm32g4xx_hal_uart.o
    0x080087c4   0x080087c4   0x000000e4   Code   RO         5757    i.UART_WaitOnFlagUntilTimeout  stm32g4xx_hal_uart.o
    0x080088a8   0x080088a8   0x0000001a   Code   RO         2008    i.UASPEP_IDLE_ENABLE  usart_aspep_driver.o
    0x080088c2   0x080088c2   0x00000002   PAD
    0x080088c4   0x080088c4   0x000000ac   Code   RO         2009    i.UASPEP_INIT       usart_aspep_driver.o
    0x08008970   0x08008970   0x00000050   Code   RO         2010    i.UASPEP_RECEIVE_BUFFER  usart_aspep_driver.o
    0x080089c0   0x080089c0   0x00000050   Code   RO         2011    i.UASPEP_SEND_PACKET  usart_aspep_driver.o
    0x08008a10   0x08008a10   0x00000018   Code   RO          959    i.UI_HandleStartStopButton_cb  mc_tasks.o
    0x08008a28   0x08008a28   0x00000104   Code   RO         1779    i.USART2_IRQHandler  stm32g4xx_mc_it.o
    0x08008b2c   0x08008b2c   0x0000000a   Code   RO         6245    i.VBS_GetAvBusVoltage_V  bus_voltage_sensor.o
    0x08008b36   0x08008b36   0x00000004   Code   RO         6246    i.VBS_GetAvBusVoltage_d  bus_voltage_sensor.o
    0x08008b3a   0x08008b3a   0x00000082   Code   RO         7354    i.VSS_CalcAvrgMecSpeedUnit  virtual_speed_sensor.o
    0x08008bbc   0x08008bbc   0x0000009e   Code   RO         7355    i.VSS_CalcElAngle   virtual_speed_sensor.o
    0x08008c5a   0x08008c5a   0x0000002c   Code   RO         7356    i.VSS_Clear         virtual_speed_sensor.o
    0x08008c86   0x08008c86   0x00000008   Code   RO         7358    i.VSS_Init          virtual_speed_sensor.o
    0x08008c8e   0x08008c8e   0x0000008c   Code   RO         7363    i.VSS_SetMecAcceleration  virtual_speed_sensor.o
    0x08008d1a   0x08008d1a   0x0000000e   Code   RO         7364    i.VSS_SetMecAngle   virtual_speed_sensor.o
    0x08008d28   0x08008d28   0x0000001c   Code   RO         7365    i.VSS_SetStartTransition  virtual_speed_sensor.o
    0x08008d44   0x08008d44   0x00000006   Code   RO         7366    i.VSS_TransitionEnded  virtual_speed_sensor.o
    0x08008d4a   0x08008d4a   0x00000002   PAD
    0x08008d4c   0x08008d4c   0x00000028   Code   RO         6784    i.getScalingFactor  ramp_ext_mngr.o
    0x08008d74   0x08008d74   0x00000104   Code   RO           15    i.main              main.o
    0x08008e78   0x08008e78   0x000000f0   Code   RO          960    i.mc_lock_pins      mc_tasks.o
    0x08008f68   0x08008f68   0x0000006c   Code   RO         6694    i.startTimers       pwm_common.o
    0x08008fd4   0x08008fd4   0x00000048   Code   RO         6695    i.waitForPolarizationEnd  pwm_common.o
    0x0800901c   0x0800901c   0x0000000a   Code   RO         7870    x$fpl$fpinit        fz_wm.l(fpinit.o)
    0x08009026   0x08009026   0x00000002   PAD
    0x08009028   0x08009028   0x00000002   Data   RO          962    .constdata          mc_tasks.o
    0x0800902a   0x0800902a   0x00000006   Data   RO         1780    .constdata          stm32g4xx_mc_it.o
    0x08009030   0x08009030   0x000000cc   Data   RO         1856    .constdata          mc_parameters.o
    0x080090fc   0x080090fc   0x00000004   Data   RO         1884    .constdata          register_interface.o
    0x08009100   0x08009100   0x00000006   Data   RO         2012    .constdata          usart_aspep_driver.o
    0x08009106   0x08009106   0x00000010   Data   RO         2118    .constdata          mc_configuration_registers.o
    0x08009116   0x08009116   0x00000011   Data   RO         2119    .constdata          mc_configuration_registers.o
    0x08009127   0x08009127   0x00000018   Data   RO         2120    .constdata          mc_configuration_registers.o
    0x0800913f   0x0800913f   0x0000000a   Data   RO         2121    .constdata          mc_configuration_registers.o
    0x08009149   0x08009149   0x0000000e   Data   RO         2122    .constdata          mc_configuration_registers.o
    0x08009157   0x08009157   0x0000003c   Data   RO         2123    .constdata          mc_configuration_registers.o
    0x08009193   0x08009193   0x0000000e   Data   RO         2124    .constdata          mc_configuration_registers.o
    0x080091a1   0x080091a1   0x00000110   Data   RO         2164    .constdata          aspep.o
    0x080092b1   0x080092b1   0x00000001   PAD
    0x080092b2   0x080092b2   0x00000018   Data   RO         5758    .constdata          stm32g4xx_hal_uart.o
    0x080092ca   0x080092ca   0x00000010   Data   RO         6112    .constdata          stm32g4xx_hal_uart_ex.o
    0x080092da   0x080092da   0x00000010   Data   RO         6208    .constdata          system_stm32g4xx.o
    0x080092ea   0x080092ea   0x00000008   Data   RO         6209    .constdata          system_stm32g4xx.o
    0x080092f2   0x080092f2   0x00000014   Data   RO         7479    .constdata          r3_2_g4xx_pwm_curr_fdbk.o
    0x08009306   0x08009306   0x00000002   PAD
    0x08009308   0x08009308   0x00000020   Data   RO         7928    Region$$Table       anon$$obj.o


    Execution Region RW_IRAM1 (Exec base: 0x20000000, Load base: 0x08009328, Size: 0x000022d8, Max: 0x00008000, ABSOLUTE, COMPRESSED[0x000001e0])

    Exec Addr    Load Addr    Size         Type   Attr      Idx    E Section Name        Object

    0x20000000   COMPRESSED   0x00000004   Data   RW          377    .data               adc.o
    0x20000004   COMPRESSED   0x00000004   Data   RW          530    .data               motorcontrol.o
    0x20000008   COMPRESSED   0x00000114   Data   RW          856    .data               mc_config.o
    0x2000011c   COMPRESSED   0x0000002c   Data   RW          857    .data               mc_config.o
    0x20000148   COMPRESSED   0x0000002c   Data   RW          858    .data               mc_config.o
    0x20000174   COMPRESSED   0x0000002c   Data   RW          859    .data               mc_config.o
    0x200001a0   COMPRESSED   0x00000034   Data   RW          860    .data               mc_config.o
    0x200001d4   COMPRESSED   0x00000078   Data   RW          861    .data               mc_config.o
    0x2000024c   COMPRESSED   0x00000098   Data   RW          862    .data               mc_config.o
    0x200002e4   COMPRESSED   0x00000038   Data   RW          863    .data               mc_config.o
    0x2000031c   COMPRESSED   0x00000128   Data   RW          864    .data               mc_config.o
    0x20000444   COMPRESSED   0x00000014   Data   RW          865    .data               mc_config.o
    0x20000458   COMPRESSED   0x00000028   Data   RW          866    .data               mc_config.o
    0x20000480   COMPRESSED   0x00000028   Data   RW          867    .data               mc_config.o
    0x200004a8   COMPRESSED   0x00000018   Data   RW          868    .data               mc_config.o
    0x200004c0   COMPRESSED   0x000000b4   Data   RW          869    .data               mc_config.o
    0x20000574   COMPRESSED   0x00000004   Data   RW          870    .data               mc_config.o
    0x20000578   COMPRESSED   0x00000004   Data   RW          871    .data               mc_config.o
    0x2000057c   COMPRESSED   0x00000004   Data   RW          872    .data               mc_config.o
    0x20000580   COMPRESSED   0x00000004   Data   RW          873    .data               mc_config.o
    0x20000584   COMPRESSED   0x00000004   Data   RW          874    .data               mc_config.o
    0x20000588   COMPRESSED   0x00000014   Data   RW          911    .data               mcp_config.o
    0x2000059c   COMPRESSED   0x00000074   Data   RW          912    .data               mcp_config.o
    0x20000610   COMPRESSED   0x00000010   Data   RW          913    .data               mcp_config.o
    0x20000620   COMPRESSED   0x0000002c   Data   RW          914    .data               mcp_config.o
    0x2000064c   COMPRESSED   0x00000008   Data   RW          915    .data               mcp_config.o
    0x20000654   COMPRESSED   0x00000014   Data   RW          963    .data               mc_tasks.o
    0x20000668   COMPRESSED   0x00000006   Data   RW         1312    .data               regular_conversion_manager.o
    0x2000066e   COMPRESSED   0x00000001   Data   RW         1781    .data               stm32g4xx_mc_it.o
    0x2000066f   COMPRESSED   0x00000001   PAD
    0x20000670   COMPRESSED   0x00000010   Data   RW         1885    .data               register_interface.o
    0x20000680   COMPRESSED   0x00000004   Data   RW         2125    .data               mc_configuration_registers.o
    0x20000684   COMPRESSED   0x00000004   Data   RW         2126    .data               mc_configuration_registers.o
    0x20000688   COMPRESSED   0x00000004   Data   RW         2127    .data               mc_configuration_registers.o
    0x2000068c   COMPRESSED   0x00000004   Data   RW         2128    .data               mc_configuration_registers.o
    0x20000690   COMPRESSED   0x0000000c   Data   RW         2795    .data               stm32g4xx_hal.o
    0x2000069c   COMPRESSED   0x00000004   Data   RW         6210    .data               system_stm32g4xx.o
    0x200006a0   COMPRESSED   0x00000004   Data   RW         7686    .data               mcpa.o
    0x200006a4        -       0x000000d8   Zero   RW          376    .bss                adc.o
    0x2000077c        -       0x00000028   Zero   RW          424    .bss                cordic.o
    0x200007a4        -       0x00000014   Zero   RW          466    .bss                dac.o
    0x200007b8        -       0x0000000c   Zero   RW          854    .bss                mc_config.o
    0x200007c4        -       0x00000020   Zero   RW          855    .bss                mc_config.o
    0x200007e4        -       0x00000106   Zero   RW          903    .bss                mcp_config.o
    0x200008ea        -       0x00000102   Zero   RW          904    .bss                mcp_config.o
    0x200009ec        -       0x00000806   Zero   RW          905    .bss                mcp_config.o
    0x200011f2        -       0x00000806   Zero   RW          906    .bss                mcp_config.o
    0x200019f8        -       0x00000028   Zero   RW          907    .bss                mcp_config.o
    0x20001a20        -       0x00000028   Zero   RW          908    .bss                mcp_config.o
    0x20001a48        -       0x0000000a   Zero   RW          909    .bss                mcp_config.o
    0x20001a52        -       0x0000000a   Zero   RW          910    .bss                mcp_config.o
    0x20001a5c        -       0x00000026   Zero   RW          961    .bss                mc_tasks.o
    0x20001a82   COMPRESSED   0x00000002   PAD
    0x20001a84        -       0x00000048   Zero   RW         1311    .bss                regular_conversion_manager.o
    0x20001acc        -       0x0000000c   Zero   RW         2071    .bss                dac_ui.o
    0x20001ad8        -       0x0000004c   Zero   RW         2241    .bss                tim.o
    0x20001b24        -       0x00000150   Zero   RW         2288    .bss                usart.o
    0x20001c74        -       0x00000060   Zero   RW         7800    .bss                c_w.l(libspace.o)
    0x20001cd4   COMPRESSED   0x00000004   PAD
    0x20001cd8        -       0x00000200   Zero   RW            2    HEAP                startup_stm32g431xx.o
    0x20001ed8        -       0x00000400   Zero   RW            1    STACK               startup_stm32g431xx.o


==============================================================================

Image component sizes


      Code (inc. data)   RO Data    RW Data    ZI Data      Debug   Object Name

       868         58          0          4        216       2986   adc.o
      1366         14        272          0          0       9072   aspep.o
        14          0          0          0          0       1708   bus_voltage_sensor.o
        92          0          0          0          0       1624   circle_limitation.o
        80         12          0          0         40       1552   cordic.o
       200         14          0          0         20       1693   dac.o
        92         12          0          0         12      19001   dac_ui.o
         0          0          0          0          0       4204   digital_output.o
        44          4          0          0          0        774   dma.o
       192         14          0          0          0        955   gpio.o
       264          0          0          0          0     731395   main.o
        36         12          0          0          0       1404   mc_api.o
         0          0          0       1408         44       1700   mc_config.o
         0          0        155         16          0       3702   mc_configuration_registers.o
       522          0          0          0          0      16657   mc_interface.o
       322         24          0          0          0       9267   mc_math.o
         0          0        204          0          0        216   mc_parameters.o
      2378        318          2         20         38      18568   mc_tasks.o
       292         10          0          0          0       1697   mcp.o
         0          0          0        204       4728       1755   mcp_config.o
       782          6          0          4          0       4976   mcpa.o
       102          0          0          0          0       2542   motor_power_measurement.o
        52          8          0          4          0       1034   motorcontrol.o
       158          0          0          0          0       3958   ntc_temperature_sensor.o
       266          6          0          0          0      12236   pid_regulator.o
        96          6          0          0          0       1243   pqd_motor_power_measurement.o
       180          8          0          0          0      52159   pwm_common.o
       608          0          0          0          0       4850   pwm_curr_fdbk.o
      4246        132         20          0          0     177991   r3_2_g4xx_pwm_curr_fdbk.o
       192          0          0          0          0       3606   r_divider_bus_voltage_sensor.o
       244          0          0          0          0       4416   ramp_ext_mngr.o
      3908        136          4         16          0      12460   register_interface.o
       944         82          0          6         72      71580   regular_conversion_manager.o
       420          0          0          0          0       5884   revup_ctrl.o
       134          0          0          0          0       4058   speed_pos_fdbk.o
       342          0          0          0          0       9525   speed_torq_ctrl.o
        64         26        472          0       1536        840   startup_stm32g431xx.o
       166         26          0         12          0       4297   stm32g4xx_hal.o
      1816         58          0          0          0      71411   stm32g4xx_hal_adc.o
      1748         52          0          0          0      70957   stm32g4xx_hal_adc_ex.o
        52          0          0          0          0       1222   stm32g4xx_hal_cordic.o
       220         16          0          0          0      34479   stm32g4xx_hal_cortex.o
       516         10          0          0          0       2587   stm32g4xx_hal_dac.o
       296         44          0          0          0       1623   stm32g4xx_hal_dma.o
       494         18          0          0          0       2060   stm32g4xx_hal_gpio.o
        56          6          0          0          0        838   stm32g4xx_hal_msp.o
       208         16          0          0          0       1417   stm32g4xx_hal_pwr_ex.o
      1958         94          0          0          0       7398   stm32g4xx_hal_rcc.o
       708          8          0          0          0       1864   stm32g4xx_hal_rcc_ex.o
      1788         62          0          0          0       9877   stm32g4xx_hal_tim.o
       580         18          0          0          0       3741   stm32g4xx_hal_tim_ex.o
      1300         44         24          0          0      24751   stm32g4xx_hal_uart.o
       342         12         16          0          0       3389   stm32g4xx_hal_uart_ex.o
       470         70          6          1          0      90227   stm32g4xx_mc_it.o
      1406          6          0          0          0      15697   sto_pll_speed_pos_fdbk.o
        16          4         24          4          0       1095   system_stm32g4xx.o
       544         18          0          0         76       2268   tim.o
       340         28          0          0        336       1932   usart.o
       358         16          6          0          0      40106   usart_aspep_driver.o
       528          0          0          0          0       6654   virtual_speed_sensor.o

    ----------------------------------------------------------------------
     35450       1528       1240       1700       7120    1603178   Object Totals
         0          0         32          0          0          0   (incl. Generated)
        40          0          3          1          2          0   (incl. Padding)

    ----------------------------------------------------------------------

      Code (inc. data)   RO Data    RW Data    ZI Data      Debug   Library Member Name

        90          0          0          0          0          0   __dczerorl2.o
         8          0          0          0          0         68   __main.o
         0          0          0          0          0          0   __rtentry.o
        12          0          0          0          0          0   __rtentry2.o
         6          0          0          0          0          0   __rtentry4.o
        52          8          0          0          0          0   __scatter.o
        28          0          0          0          0          0   __scatter_zi.o
        18          0          0          0          0         80   exit.o
         6          0          0          0          0        152   heapauxi.o
         0          0          0          0          0          0   indicate_semi.o
         2          0          0          0          0          0   libinit.o
         6          0          0          0          0          0   libinit2.o
         2          0          0          0          0          0   libshutdown.o
         2          0          0          0          0          0   libshutdown2.o
         8          4          0          0         96         68   libspace.o
        72          0          0          0          0         76   llsdiv.o
       238          0          0          0          0        100   lludivv7m.o
        78          0          0          0          0         80   rt_memclr_w.o
       138          0          0          0          0         68   rt_memcpy_v6.o
       100          0          0          0          0         80   rt_memcpy_w.o
         2          0          0          0          0          0   rtexit.o
        10          0          0          0          0          0   rtexit2.o
        12          4          0          0          0         68   sys_exit.o
        74          0          0          0          0         80   sys_stackheap_outer.o
         2          0          0          0          0         68   use_no_semi.o
        10          0          0          0          0        116   fpinit.o

    ----------------------------------------------------------------------
       982         16          0          0        100       1104   Library Totals
         6          0          0          0          4          0   (incl. Padding)

    ----------------------------------------------------------------------

      Code (inc. data)   RO Data    RW Data    ZI Data      Debug   Library Name

       966         16          0          0         96        988   c_w.l
        10          0          0          0          0        116   fz_wm.l

    ----------------------------------------------------------------------
       982         16          0          0        100       1104   Library Totals

    ----------------------------------------------------------------------

==============================================================================


      Code (inc. data)   RO Data    RW Data    ZI Data      Debug   

     36432       1544       1240       1700       7220    1576266   Grand Totals
     36432       1544       1240        480       7220    1576266   ELF Image Totals (compressed)
     36432       1544       1240        480          0          0   ROM Totals

==============================================================================

    Total RO  Size (Code + RO Data)                37672 (  36.79kB)
    Total RW  Size (RW Data + ZI Data)              8920 (   8.71kB)
    Total ROM Size (Code + RO Data + RW Data)      38152 (  37.26kB)

==============================================================================

