Component: ARM Compiler 6.16 Tool: armlink [5dfeaa00]

==============================================================================

Section Cross References

    startup_stm32g431xx.o(RESET) refers to startup_stm32g431xx.o(STACK) for __initial_sp
    startup_stm32g431xx.o(RESET) refers to startup_stm32g431xx.o(.text) for Reset_Handler
    startup_stm32g431xx.o(RESET) refers to stm32g4xx_mc_it.o(.text.HardFault_Handler) for HardFault_Handler
    startup_stm32g431xx.o(RESET) refers to stm32g4xx_mc_it.o(.text.SysTick_Handler) for SysTick_Handler
    startup_stm32g431xx.o(RESET) refers to stm32g4xx_mc_it.o(.text.ADC1_2_IRQHandler) for ADC1_2_IRQHandler
    startup_stm32g431xx.o(RESET) refers to stm32g4xx_mc_it.o(.text.TIM1_BRK_TIM15_IRQHandler) for TIM1_BRK_TIM15_IRQHandler
    startup_stm32g431xx.o(RESET) refers to stm32g4xx_mc_it.o(.text.TIM1_UP_TIM16_IRQHandler) for TIM1_UP_TIM16_IRQHandler
    startup_stm32g431xx.o(RESET) refers to stm32g4xx_it.o(.text.TIM2_IRQHandler) for TIM2_IRQHandler
    startup_stm32g431xx.o(RESET) refers to stm32g4xx_mc_it.o(.text.USART2_IRQHandler) for USART2_IRQHandler
    startup_stm32g431xx.o(RESET) refers to stm32g4xx_mc_it.o(.text.EXTI15_10_IRQHandler) for EXTI15_10_IRQHandler
    startup_stm32g431xx.o(RESET) refers to stm32g4xx_mc_it.o(.text.DMA2_Channel2_IRQHandler) for DMA2_Channel2_IRQHandler
    startup_stm32g431xx.o(.text) refers to system_stm32g4xx.o(.text.SystemInit) for SystemInit
    startup_stm32g431xx.o(.text) refers to entry.o(.ARM.Collect$$$$00000000) for __main
    main.o(.text.HandsOn1) refers to mc_api.o(.text.MC_ProgramSpeedRampMotor1) for MC_ProgramSpeedRampMotor1
    main.o(.text.HandsOn1) refers to main.o(.bss.Run_Count) for Run_Count
    main.o(.text.HandsOn1) refers to mc_api.o(.text.MC_StartMotor1) for MC_StartMotor1
    main.o(.text.HandsOn1) refers to stm32g4xx_hal.o(.text.HAL_Delay) for HAL_Delay
    main.o(.text.HandsOn1) refers to mc_api.o(.text.MC_StopMotor1) for MC_StopMotor1
    main.o(.ARM.exidx.text.HandsOn1) refers to main.o(.text.HandsOn1) for [Anonymous Symbol]
    main.o(.text.HandsOn2_Init) refers to main.o(.bss..L_MergedGlobals) for .L_MergedGlobals
    main.o(.text.HandsOn2_Init) refers to regular_conversion_manager.o(.text.RCM_RegisterRegConv) for RCM_RegisterRegConv
    main.o(.text.HandsOn2_Init) refers to mc_api.o(.text.MC_StartMotor1) for MC_StartMotor1
    main.o(.ARM.exidx.text.HandsOn2_Init) refers to main.o(.text.HandsOn2_Init) for [Anonymous Symbol]
    main.o(.text.HandsOn2) refers to stm32g4xx_hal.o(.text.HAL_Delay) for HAL_Delay
    main.o(.text.HandsOn2) refers to regular_conversion_manager.o(.text.RCM_GetUserConvState) for RCM_GetUserConvState
    main.o(.text.HandsOn2) refers to main.o(.bss..L_MergedGlobals) for .L_MergedGlobals
    main.o(.text.HandsOn2) refers to regular_conversion_manager.o(.text.RCM_GetUserConv) for RCM_GetUserConv
    main.o(.text.HandsOn2) refers to regular_conversion_manager.o(.text.RCM_RequestUserConv) for RCM_RequestUserConv
    main.o(.text.HandsOn2) refers to mc_api.o(.text.MC_ProgramSpeedRampMotor1) for MC_ProgramSpeedRampMotor1
    main.o(.ARM.exidx.text.HandsOn2) refers to main.o(.text.HandsOn2) for [Anonymous Symbol]
    main.o(.text.HandsOn3) refers to mc_api.o(.text.MC_GetSTMStateMotor1) for MC_GetSTMStateMotor1
    main.o(.text.HandsOn3) refers to main.o(.bss..L_MergedGlobals) for .L_MergedGlobals
    main.o(.text.HandsOn3) refers to mc_api.o(.text.MC_GetOccurredFaultsMotor1) for MC_GetOccurredFaultsMotor1
    main.o(.text.HandsOn3) refers to stm32g4xx_hal.o(.text.HAL_Delay) for HAL_Delay
    main.o(.text.HandsOn3) refers to mc_api.o(.text.MC_AcknowledgeFaultMotor1) for MC_AcknowledgeFaultMotor1
    main.o(.text.HandsOn3) refers to mc_api.o(.text.MC_ProgramSpeedRampMotor1) for MC_ProgramSpeedRampMotor1
    main.o(.text.HandsOn3) refers to mc_api.o(.text.MC_StartMotor1) for MC_StartMotor1
    main.o(.ARM.exidx.text.HandsOn3) refers to main.o(.text.HandsOn3) for [Anonymous Symbol]
    main.o(.text.main) refers to stm32g4xx_hal.o(.text.HAL_Init) for HAL_Init
    main.o(.text.main) refers to stm32g4xx_hal_pwr_ex.o(.text.HAL_PWREx_ControlVoltageScaling) for HAL_PWREx_ControlVoltageScaling
    main.o(.text.main) refers to stm32g4xx_hal_rcc.o(.text.HAL_RCC_OscConfig) for HAL_RCC_OscConfig
    main.o(.text.main) refers to stm32g4xx_hal_rcc.o(.text.HAL_RCC_ClockConfig) for HAL_RCC_ClockConfig
    main.o(.text.main) refers to stm32g4xx_hal_rcc.o(.text.HAL_RCC_EnableCSS) for HAL_RCC_EnableCSS
    main.o(.text.main) refers to gpio.o(.text.MX_GPIO_Init) for MX_GPIO_Init
    main.o(.text.main) refers to dma.o(.text.MX_DMA_Init) for MX_DMA_Init
    main.o(.text.main) refers to adc.o(.text.MX_ADC1_Init) for MX_ADC1_Init
    main.o(.text.main) refers to adc.o(.text.MX_ADC2_Init) for MX_ADC2_Init
    main.o(.text.main) refers to cordic.o(.text.MX_CORDIC_Init) for MX_CORDIC_Init
    main.o(.text.main) refers to dac.o(.text.MX_DAC1_Init) for MX_DAC1_Init
[...]
    HAL_TIM_TriggerCallback                  0x08003c45   Thumb Code     2  stm32g4xx_hal_tim.o(.text.HAL_TIM_TriggerCallback)
    HAL_UARTEx_DisableFifoMode               0x08003c49   Thumb Code    54  stm32g4xx_hal_uart_ex.o(.text.HAL_UARTEx_DisableFifoMode)
    HAL_UARTEx_SetRxFifoThreshold            0x08003c81   Thumb Code   140  stm32g4xx_hal_uart_ex.o(.text.HAL_UARTEx_SetRxFifoThreshold)
    HAL_UARTEx_SetTxFifoThreshold            0x08003d0d   Thumb Code   140  stm32g4xx_hal_uart_ex.o(.text.HAL_UARTEx_SetTxFifoThreshold)
    HAL_UART_Init                            0x08003d99   Thumb Code   202  stm32g4xx_hal_uart.o(.text.HAL_UART_Init)
    HAL_UART_MspInit                         0x08003e65   Thumb Code   254  usart.o(.text.HAL_UART_MspInit)
    HardFault_Handler                        0x08003f65   Thumb Code     6  stm32g4xx_mc_it.o(.text.HardFault_Handler)
    MCI_Clear_Iqdref                         0x08003f6d   Thumb Code    16  mc_interface.o(.text.MCI_Clear_Iqdref)
    MCI_ExecBufferedCommands                 0x08003f7d   Thumb Code   128  mc_interface.o(.text.MCI_ExecBufferedCommands)
    MCI_ExecSpeedRamp                        0x08003ffd   Thumb Code    16  mc_interface.o(.text.MCI_ExecSpeedRamp)
    MCI_ExecTorqueRamp                       0x0800400d   Thumb Code    14  mc_interface.o(.text.MCI_ExecTorqueRamp)
    MCI_FaultAcknowledged                    0x0800401d   Thumb Code    42  mc_interface.o(.text.MCI_FaultAcknowledged)
    MCI_FaultProcessing                      0x08004049   Thumb Code    18  mc_interface.o(.text.MCI_FaultProcessing)
    MCI_GetAvrgMecSpeedUnit                  0x0800405d   Thumb Code    16  mc_interface.o(.text.MCI_GetAvrgMecSpeedUnit)
    MCI_GetControlMode                       0x0800406d   Thumb Code     4  mc_interface.o(.text.MCI_GetControlMode)
    MCI_GetCurrentFaults                     0x08004071   Thumb Code     4  mc_interface.o(.text.MCI_GetCurrentFaults)
    MCI_GetFaultState                        0x08004075   Thumb Code    10  mc_interface.o(.text.MCI_GetFaultState)
    MCI_GetIab                               0x08004081   Thumb Code     6  mc_interface.o(.text.MCI_GetIab)
    MCI_GetIalphabeta                        0x08004089   Thumb Code     6  mc_interface.o(.text.MCI_GetIalphabeta)
    MCI_GetImposedMotorDirection             0x08004091   Thumb Code    68  mc_interface.o(.text.MCI_GetImposedMotorDirection)
    MCI_GetIqd                               0x080040d5   Thumb Code     6  mc_interface.o(.text.MCI_GetIqd)
    MCI_GetIqdref                            0x080040dd   Thumb Code     6  mc_interface.o(.text.MCI_GetIqdref)
    MCI_GetLastRampFinalDuration             0x080040e5   Thumb Code     4  mc_interface.o(.text.MCI_GetLastRampFinalDuration)
    MCI_GetLastRampFinalSpeed                0x080040e9   Thumb Code     6  mc_interface.o(.text.MCI_GetLastRampFinalSpeed)
    MCI_GetLastRampFinalTorque               0x080040f1   Thumb Code     6  mc_interface.o(.text.MCI_GetLastRampFinalTorque)
    MCI_GetMecSpeedRefUnit                   0x080040f9   Thumb Code     6  mc_interface.o(.text.MCI_GetMecSpeedRefUnit)
    MCI_GetOccurredFaults                    0x08004101   Thumb Code     4  mc_interface.o(.text.MCI_GetOccurredFaults)
    MCI_GetSTMState                          0x08004105   Thumb Code     4  mc_interface.o(.text.MCI_GetSTMState)
    MCI_GetTeref                             0x08004109   Thumb Code     8  mc_interface.o(.text.MCI_GetTeref)
    MCI_GetValphabeta                        0x08004111   Thumb Code     8  mc_interface.o(.text.MCI_GetValphabeta)
    MCI_GetVqd                               0x08004119   Thumb Code     8  mc_interface.o(.text.MCI_GetVqd)
    MCI_Init                                 0x08004121   Thumb Code    24  mc_interface.o(.text.MCI_Init)
    MCI_SetCurrentReferences                 0x08004139   Thumb Code    16  mc_interface.o(.text.MCI_SetCurrentReferences)
    MCI_StartMotor                           0x08004149   Thumb Code    40  mc_interface.o(.text.MCI_StartMotor)
    MCI_StopMotor                            0x08004171   Thumb Code    56  mc_interface.o(.text.MCI_StopMotor)
    MCI_StopRamp                             0x080041a9   Thumb Code     6  mc_interface.o(.text.MCI_StopRamp)
    MCM_Clarke                               0x080041b1   Thumb Code    74  mc_math.o(.text.MCM_Clarke)
    MCM_Park                                 0x080041fd   Thumb Code   122  mc_math.o(.text.MCM_Park)
    MCM_Rev_Park                             0x08004279   Thumb Code    38  mc_math.o(.text.MCM_Rev_Park)
    MCM_Sqrt                                 0x080042a1   Thumb Code    38  mc_math.o(.text.MCM_Sqrt)
    MCM_Trig_Functions                       0x080042c9   Thumb Code    28  mc_math.o(.text.MCM_Trig_Functions)
    MCPA_cfgLog                              0x080042e5   Thumb Code   338  mcpa.o(.text.MCPA_cfgLog)
    MCPA_dataLog                             0x08004439   Thumb Code   730  mcpa.o(.text.MCPA_dataLog)
    MCPA_flushDataLog                        0x08004715   Thumb Code   172  mcpa.o(.text.MCPA_flushDataLog)
    MCP_ReceivedPacket                       0x080047c1   Thumb Code   504  mcp.o(.text.MCP_ReceivedPacket)
    MC_AcknowledgeFaultMotor1                0x080049b9   Thumb Code    14  mc_api.o(.text.MC_AcknowledgeFaultMotor1)
    MC_GetOccurredFaultsMotor1               0x080049c9   Thumb Code    14  mc_api.o(.text.MC_GetOccurredFaultsMotor1)
    MC_GetSTMStateMotor1                     0x080049d9   Thumb Code    14  mc_api.o(.text.MC_GetSTMStateMotor1)
    MC_ProgramSpeedRampMotor1                0x080049e9   Thumb Code    22  mc_api.o(.text.MC_ProgramSpeedRampMotor1)
    MC_RunMotorControlTasks                  0x08004a01   Thumb Code    30  mc_tasks.o(.text.MC_RunMotorControlTasks)
    MC_Scheduler                             0x08004a21   Thumb Code   124  mc_tasks.o(.text.MC_Scheduler)
    MC_StartMotor1                           0x08004a9d   Thumb Code    14  mc_api.o(.text.MC_StartMotor1)
    MC_StopMotor1                            0x08004aad   Thumb Code    14  mc_api.o(.text.MC_StopMotor1)
    MCboot                                   0x08004abd   Thumb Code   334  mc_tasks.o(.text.MCboot)
    MPM_CalcElMotorPower                     0x08004c0d   Thumb Code   266  motor_power_measurement.o(.text.MPM_CalcElMotorPower)
    MPM_Clear                                0x08004d19   Thumb Code    12  motor_power_measurement.o(.text.MPM_Clear)
    MPM_GetAvrgElMotorPowerW                 0x08004d25   Thumb Code     6  motor_power_measurement.o(.text.MPM_GetAvrgElMotorPowerW)
    MX_ADC1_Init                             0x08004d2d   Thumb Code   226  adc.o(.text.MX_ADC1_Init)
    MX_ADC2_Init                             0x08004e11   Thumb Code   294  adc.o(.text.MX_ADC2_Init)
    MX_CORDIC_Init                           0x08004f39   Thumb Code    38  cordic.o(.text.MX_CORDIC_Init)
    MX_DAC1_Init                             0x08004f61   Thumb Code    94  dac.o(.text.MX_DAC1_Init)
    MX_DMA_Init                              0x08004fc1   Thumb Code    50  dma.o(.text.MX_DMA_Init)
    MX_GPIO_Init                             0x08004ff5   Thumb Code   200  gpio.o(.text.MX_GPIO_Init)
    MX_MotorControl_Init                     0x080050bd   Thumb Code    64  motorcontrol.o(.text.MX_MotorControl_Init)
    MX_TIM1_Init                             0x080050fd   Thumb Code   478  tim.o(.text.MX_TIM1_Init)
    MX_TIM2_Init                             0x080052dd   Thumb Code   122  tim.o(.text.MX_TIM2_Init)
    MX_TIM3_Init                             0x08005359   Thumb Code   122  tim.o(.text.MX_TIM3_Init)
    MX_USART2_UART_Init                      0x080053d5   Thumb Code   130  usart.o(.text.MX_USART2_UART_Init)
    NTC_CalcAvTemp                           0x08005459   Thumb Code    58  ntc_temperature_sensor.o(.text.NTC_CalcAvTemp)
    NTC_Clear                                0x08005495   Thumb Code     6  ntc_temperature_sensor.o(.text.NTC_Clear)
    NTC_GetAvTemp_C                          0x0800549d   Thumb Code    34  ntc_temperature_sensor.o(.text.NTC_GetAvTemp_C)
    NTC_Init                                 0x080054c1   Thumb Code    42  ntc_temperature_sensor.o(.text.NTC_Init)
    NTC_SetFaultState                        0x080054ed   Thumb Code    24  ntc_temperature_sensor.o(.text.NTC_SetFaultState)
    PID_GetKD                                0x08005505   Thumb Code     6  pid_regulator.o(.text.PID_GetKD)
    PID_GetKDDivisorPOW2                     0x0800550d   Thumb Code     4  pid_regulator.o(.text.PID_GetKDDivisorPOW2)
    PID_GetKI                                0x08005511   Thumb Code     6  pid_regulator.o(.text.PID_GetKI)
    PID_GetKIDivisor                         0x08005519   Thumb Code     4  pid_regulator.o(.text.PID_GetKIDivisor)
    PID_GetKIDivisorPOW2                     0x0800551d   Thumb Code     4  pid_regulator.o(.text.PID_GetKIDivisorPOW2)
    PID_GetKP                                0x08005521   Thumb Code     6  pid_regulator.o(.text.PID_GetKP)
    PID_GetKPDivisorPOW2                     0x08005529   Thumb Code     4  pid_regulator.o(.text.PID_GetKPDivisorPOW2)
    PID_HandleInit                           0x0800552d   Thumb Code    16  pid_regulator.o(.text.PID_HandleInit)
    PID_SetIntegralTerm                      0x0800553d   Thumb Code     4  pid_regulator.o(.text.PID_SetIntegralTerm)
    PID_SetKD                                0x08005541   Thumb Code     4  pid_regulator.o(.text.PID_SetKD)
    PID_SetKDDivisorPOW2                     0x08005545   Thumb Code    12  pid_regulator.o(.text.PID_SetKDDivisorPOW2)
    PID_SetKI                                0x08005551   Thumb Code     4  pid_regulator.o(.text.PID_SetKI)
    PID_SetKIDivisorPOW2                     0x08005555   Thumb Code    50  pid_regulator.o(.text.PID_SetKIDivisorPOW2)
    PID_SetKP                                0x08005589   Thumb Code     4  pid_regulator.o(.text.PID_SetKP)
    PID_SetKPDivisorPOW2                     0x0800558d   Thumb Code    12  pid_regulator.o(.text.PID_SetKPDivisorPOW2)
    PID_SetLowerIntegralTermLimit            0x08005599   Thumb Code     4  pid_regulator.o(.text.PID_SetLowerIntegralTermLimit)
    PID_SetUpperIntegralTermLimit            0x0800559d   Thumb Code     4  pid_regulator.o(.text.PID_SetUpperIntegralTermLimit)
    PI_Controller                            0x080055a1   Thumb Code   284  pid_regulator.o(.text.PI_Controller)
    PQD_CalcElMotorPower                     0x080056bd   Thumb Code    92  pqd_motor_power_measurement.o(.text.PQD_CalcElMotorPower)
    PWMC_CheckOverCurrent                    0x08005719   Thumb Code     4  pwm_curr_fdbk.o(.text.PWMC_CheckOverCurrent)
    PWMC_CurrentReadingCalibr                0x0800571d   Thumb Code    58  pwm_curr_fdbk.o(.text.PWMC_CurrentReadingCalibr)
    PWMC_GetPhaseCurrents                    0x08005759   Thumb Code     4  pwm_curr_fdbk.o(.text.PWMC_GetPhaseCurrents)
    PWMC_SetPhaseVoltage                     0x0800575d   Thumb Code   454  pwm_curr_fdbk.o(.text.PWMC_SetPhaseVoltage)
    PWMC_SwitchOffPWM                        0x08005925   Thumb Code     4  pwm_curr_fdbk.o(.text.PWMC_SwitchOffPWM)
    PWMC_SwitchOnPWM                         0x08005929   Thumb Code     4  pwm_curr_fdbk.o(.text.PWMC_SwitchOnPWM)
    R3_2_BRK2_IRQHandler                     0x08005a51   Thumb Code    80  r3_2_g4xx_pwm_curr_fdbk.o(.text.R3_2_BRK2_IRQHandler)
    R3_2_BRK_IRQHandler                      0x08005aa1   Thumb Code    34  r3_2_g4xx_pwm_curr_fdbk.o(.text.R3_2_BRK_IRQHandler)
    R3_2_CurrentReadingPolarization          0x08005ac5   Thumb Code   412  r3_2_g4xx_pwm_curr_fdbk.o(.text.R3_2_CurrentReadingPolarization)
    R3_2_GetOffsetCalib                      0x08005c61   Thumb Code    16  r3_2_g4xx_pwm_curr_fdbk.o(.text.R3_2_GetOffsetCalib)
    R3_2_GetPhaseCurrents                    0x08005c71   Thumb Code   316  r3_2_g4xx_pwm_curr_fdbk.o(.text.R3_2_GetPhaseCurrents)
    R3_2_Init                                0x08005e5d   Thumb Code  1682  r3_2_g4xx_pwm_curr_fdbk.o(.text.R3_2_Init)
    R3_2_IsOverCurrentOccurred               0x080064f1   Thumb Code    38  r3_2_g4xx_pwm_curr_fdbk.o(.text.R3_2_IsOverCurrentOccurred)
    R3_2_RLDetectionModeDisable              0x08006519   Thumb Code   276  r3_2_g4xx_pwm_curr_fdbk.o(.text.R3_2_RLDetectionModeDisable)
    R3_2_RLDetectionModeEnable               0x0800662d   Thumb Code   214  r3_2_g4xx_pwm_curr_fdbk.o(.text.R3_2_RLDetectionModeEnable)
    R3_2_RLDetectionModeSetDuty              0x08006705   Thumb Code   138  r3_2_g4xx_pwm_curr_fdbk.o(.text.R3_2_RLDetectionModeSetDuty)
    R3_2_SetADCSampPointPolarization         0x08006929   Thumb Code    58  r3_2_g4xx_pwm_curr_fdbk.o(.text.R3_2_SetADCSampPointPolarization)
    R3_2_SetADCSampPointSectX                0x08006965   Thumb Code   136  r3_2_g4xx_pwm_curr_fdbk.o(.text.R3_2_SetADCSampPointSectX)
    R3_2_SetOffsetCalib                      0x080069ed   Thumb Code    22  r3_2_g4xx_pwm_curr_fdbk.o(.text.R3_2_SetOffsetCalib)
    R3_2_SwitchOffPWM                        0x08006a05   Thumb Code   118  r3_2_g4xx_pwm_curr_fdbk.o(.text.R3_2_SwitchOffPWM)
    R3_2_SwitchOnPWM                         0x08006a7d   Thumb Code   178  r3_2_g4xx_pwm_curr_fdbk.o(.text.R3_2_SwitchOnPWM)
    R3_2_TIMx_UP_IRQHandler                  0x08006b31   Thumb Code   142  r3_2_g4xx_pwm_curr_fdbk.o(.text.R3_2_TIMx_UP_IRQHandler)
    R3_2_TurnOnLowSides                      0x08006bc1   Thumb Code   102  r3_2_g4xx_pwm_curr_fdbk.o(.text.R3_2_TurnOnLowSides)
    RCM_ExecNextConv                         0x08006c29   Thumb Code   130  regular_conversion_manager.o(.text.RCM_ExecNextConv)
    RCM_ExecRegularConv                      0x08006cad   Thumb Code   386  regular_conversion_manager.o(.text.RCM_ExecRegularConv)
    RCM_ExecUserConv                         0x08006e31   Thumb Code    78  regular_conversion_manager.o(.text.RCM_ExecUserConv)
    RCM_ReadOngoingConv                      0x08006e81   Thumb Code    80  regular_conversion_manager.o(.text.RCM_ReadOngoingConv)
    RCM_RegisterRegConv                      0x08006ed1   Thumb Code   482  regular_conversion_manager.o(.text.RCM_RegisterRegConv)
    REMNG_Calc                               0x080070b5   Thumb Code    44  ramp_ext_mngr.o(.text.REMNG_Calc)
    REMNG_ExecRamp                           0x080070e1   Thumb Code   134  ramp_ext_mngr.o(.text.REMNG_ExecRamp)
    REMNG_Init                               0x08007169   Thumb Code    16  ramp_ext_mngr.o(.text.REMNG_Init)
    REMNG_RampCompleted                      0x08007179   Thumb Code    10  ramp_ext_mngr.o(.text.REMNG_RampCompleted)
    RI_GetIDSize                             0x08007185   Thumb Code    30  register_interface.o(.text.RI_GetIDSize)
    RI_GetPtrReg                             0x080071a5   Thumb Code   364  register_interface.o(.text.RI_GetPtrReg)
    RI_GetRegCommandParser                   0x08007311   Thumb Code  2320  register_interface.o(.text.RI_GetRegCommandParser)
    RI_SetRegCommandParser                   0x08007c21   Thumb Code  1590  register_interface.o(.text.RI_SetRegCommandParser)
    RUC_Clear                                0x08008259   Thumb Code   132  revup_ctrl.o(.text.RUC_Clear)
    RUC_Exec                                 0x080082dd   Thumb Code   108  revup_ctrl.o(.text.RUC_Exec)
    RUC_FirstAccelerationStageReached        0x08008349   Thumb Code    18  revup_ctrl.o(.text.RUC_FirstAccelerationStageReached)
    RUC_GetNumberOfPhases                    0x0800835d   Thumb Code     6  revup_ctrl.o(.text.RUC_GetNumberOfPhases)
    RUC_GetPhase                             0x08008365   Thumb Code    20  revup_ctrl.o(.text.RUC_GetPhase)
    RUC_Init                                 0x08008379   Thumb Code   116  revup_ctrl.o(.text.RUC_Init)
    RUC_SetPhase                             0x080083ed   Thumb Code    20  revup_ctrl.o(.text.RUC_SetPhase)
    RVBS_CalcAvVbus                          0x08008401   Thumb Code   158  r_divider_bus_voltage_sensor.o(.text.RVBS_CalcAvVbus)
    RVBS_CheckFaultState                     0x080084a1   Thumb Code    26  r_divider_bus_voltage_sensor.o(.text.RVBS_CheckFaultState)
    RVBS_Clear                               0x080084bd   Thumb Code    96  r_divider_bus_voltage_sensor.o(.text.RVBS_Clear)
    RVBS_Init                                0x0800851d   Thumb Code    26  r_divider_bus_voltage_sensor.o(.text.RVBS_Init)
    SPD_GetAvrgMecSpeedUnit                  0x08008539   Thumb Code     6  speed_pos_fdbk.o(.text.SPD_GetAvrgMecSpeedUnit)
    SPD_GetElAngle                           0x08008541   Thumb Code     6  speed_pos_fdbk.o(.text.SPD_GetElAngle)
    SPD_GetInstElSpeedDpp                    0x08008549   Thumb Code     6  speed_pos_fdbk.o(.text.SPD_GetInstElSpeedDpp)
    SPD_GetS16Speed                          0x08008551   Thumb Code    20  speed_pos_fdbk.o(.text.SPD_GetS16Speed)
    SPD_IsMecSpeedReliable                   0x08008565   Thumb Code    88  speed_pos_fdbk.o(.text.SPD_IsMecSpeedReliable)
    STC_CalcTorqueReference                  0x080085bd   Thumb Code    84  speed_torq_ctrl.o(.text.STC_CalcTorqueReference)
    STC_Clear                                0x08008611   Thumb Code    16  speed_torq_ctrl.o(.text.STC_Clear)
    STC_ExecRamp                             0x08008621   Thumb Code   150  speed_torq_ctrl.o(.text.STC_ExecRamp)
    STC_ForceSpeedReferenceToCurrentSpeed    0x080086b9   Thumb Code    16  speed_torq_ctrl.o(.text.STC_ForceSpeedReferenceToCurrentSpeed)
    STC_GetDefaultIqdref                     0x080086c9   Thumb Code     6  speed_torq_ctrl.o(.text.STC_GetDefaultIqdref)
    STC_GetMecSpeedRefUnit                   0x080086d1   Thumb Code     6  speed_torq_ctrl.o(.text.STC_GetMecSpeedRefUnit)
    STC_GetMecSpeedRefUnitDefault            0x080086d9   Thumb Code     6  speed_torq_ctrl.o(.text.STC_GetMecSpeedRefUnitDefault)
    STC_GetSpeedSensor                       0x080086e1   Thumb Code     4  speed_torq_ctrl.o(.text.STC_GetSpeedSensor)
    STC_GetTorqueRef                         0x080086e5   Thumb Code     6  speed_torq_ctrl.o(.text.STC_GetTorqueRef)
    STC_Init                                 0x080086ed   Thumb Code    42  speed_torq_ctrl.o(.text.STC_Init)
    STC_SetControlMode                       0x08008719   Thumb Code     8  speed_torq_ctrl.o(.text.STC_SetControlMode)
    STC_SetSpeedSensor                       0x08008721   Thumb Code     4  speed_torq_ctrl.o(.text.STC_SetSpeedSensor)
    STC_StopRamp                             0x08008725   Thumb Code     8  speed_torq_ctrl.o(.text.STC_StopRamp)
    STO_OTF_ResetPLL                         0x0800872d   Thumb Code    10  sto_pll_speed_pos_fdbk.o(.text.STO_OTF_ResetPLL)
    STO_PLL_CalcAvrgElSpeedDpp               0x08008739   Thumb Code    76  sto_pll_speed_pos_fdbk.o(.text.STO_PLL_CalcAvrgElSpeedDpp)
    STO_PLL_CalcAvrgMecSpeedUnit             0x08008785   Thumb Code   552  sto_pll_speed_pos_fdbk.o(.text.STO_PLL_CalcAvrgMecSpeedUnit)
    STO_PLL_CalcElAngle                      0x080089ad   Thumb Code   446  sto_pll_speed_pos_fdbk.o(.text.STO_PLL_CalcElAngle)
    STO_PLL_Clear                            0x08008b6d   Thumb Code    72  sto_pll_speed_pos_fdbk.o(.text.STO_PLL_Clear)
    STO_PLL_ForceConvergency1                0x08008bb5   Thumb Code    10  sto_pll_speed_pos_fdbk.o(.text.STO_PLL_ForceConvergency1)
    STO_PLL_ForceConvergency2                0x08008bc1   Thumb Code    10  sto_pll_speed_pos_fdbk.o(.text.STO_PLL_ForceConvergency2)
    STO_PLL_GetEstimatedBemf                 0x08008bcd   Thumb Code     4  sto_pll_speed_pos_fdbk.o(.text.STO_PLL_GetEstimatedBemf)
    STO_PLL_GetEstimatedBemfLevel            0x08008bd1   Thumb Code     6  sto_pll_speed_pos_fdbk.o(.text.STO_PLL_GetEstimatedBemfLevel)
    STO_PLL_GetEstimatedCurrent              0x08008bd9   Thumb Code    18  sto_pll_speed_pos_fdbk.o(.text.STO_PLL_GetEstimatedCurrent)
    STO_PLL_GetObservedBemfLevel             0x08008bed   Thumb Code     6  sto_pll_speed_pos_fdbk.o(.text.STO_PLL_GetObservedBemfLevel)
    STO_PLL_GetObserverGains                 0x08008bf5   Thumb Code    10  sto_pll_speed_pos_fdbk.o(.text.STO_PLL_GetObserverGains)
    STO_PLL_Init                             0x08008c01   Thumb Code   212  sto_pll_speed_pos_fdbk.o(.text.STO_PLL_Init)
    STO_PLL_IsObserverConverged              0x08008cd5   Thumb Code   200  sto_pll_speed_pos_fdbk.o(.text.STO_PLL_IsObserverConverged)
    STO_PLL_IsVarianceTight                  0x08008d9d   Thumb Code     8  sto_pll_speed_pos_fdbk.o(.text.STO_PLL_IsVarianceTight)
    STO_PLL_SetObserverGains                 0x08008da5   Thumb Code     6  sto_pll_speed_pos_fdbk.o(.text.STO_PLL_SetObserverGains)
    STO_ResetPLL                             0x08008dad   Thumb Code     8  sto_pll_speed_pos_fdbk.o(.text.STO_ResetPLL)
    SysTick_Handler                          0x08008db5   Thumb Code    38  stm32g4xx_mc_it.o(.text.SysTick_Handler)
    SystemInit                               0x08008ddd   Thumb Code    18  system_stm32g4xx.o(.text.SystemInit)
    TIM1_BRK_TIM15_IRQHandler                0x08008df1   Thumb Code    82  stm32g4xx_mc_it.o(.text.TIM1_BRK_TIM15_IRQHandler)
    TIM1_UP_TIM16_IRQHandler                 0x08008e45   Thumb Code    26  stm32g4xx_mc_it.o(.text.TIM1_UP_TIM16_IRQHandler)
    TIM2_IRQHandler                          0x08008e61   Thumb Code    12  stm32g4xx_it.o(.text.TIM2_IRQHandler)
    TIM_Base_SetConfig                       0x08008e6d   Thumb Code   266  stm32g4xx_hal_tim.o(.text.TIM_Base_SetConfig)
    TSK_ChargeBootCapDelayHasElapsedM1       0x080090d5   Thumb Code    18  mc_tasks.o(.text.TSK_ChargeBootCapDelayHasElapsedM1)
    TSK_HardwareFaultTask                    0x080090e9   Thumb Code    36  mc_tasks.o(.text.TSK_HardwareFaultTask)
    TSK_HighFrequencyTask                    0x0800910d   Thumb Code   420  mc_tasks.o(.text.TSK_HighFrequencyTask)
    TSK_MediumFrequencyTaskM1                0x080092b1   Thumb Code   940  mc_tasks.o(.text.TSK_MediumFrequencyTaskM1)
    TSK_SafetyTask                           0x0800965d   Thumb Code    32  mc_tasks.o(.text.TSK_SafetyTask)
    TSK_SafetyTask_PWMOFF                    0x0800967d   Thumb Code   172  mc_tasks.o(.text.TSK_SafetyTask_PWMOFF)
    TSK_SetChargeBootCapDelayM1              0x08009729   Thumb Code    12  mc_tasks.o(.text.TSK_SetChargeBootCapDelayM1)
    TSK_SetStopPermanencyTimeM1              0x08009735   Thumb Code    12  mc_tasks.o(.text.TSK_SetStopPermanencyTimeM1)
    TSK_StopPermanencyTimeHasElapsedM1       0x08009741   Thumb Code    18  mc_tasks.o(.text.TSK_StopPermanencyTimeHasElapsedM1)
    UART_AdvFeatureConfig                    0x08009755   Thumb Code   232  stm32g4xx_hal_uart.o(.text.UART_AdvFeatureConfig)
    UART_SetConfig                           0x0800983d   Thumb Code   672  stm32g4xx_hal_uart.o(.text.UART_SetConfig)
    UART_WaitOnFlagUntilTimeout              0x08009aed   Thumb Code   532  stm32g4xx_hal_uart.o(.text.UART_WaitOnFlagUntilTimeout)
    UASPEP_IDLE_ENABLE                       0x08009d01   Thumb Code    72  usart_aspep_driver.o(.text.UASPEP_IDLE_ENABLE)
    UASPEP_INIT                              0x08009d49   Thumb Code   332  usart_aspep_driver.o(.text.UASPEP_INIT)
    UASPEP_RECEIVE_BUFFER                    0x08009e95   Thumb Code    64  usart_aspep_driver.o(.text.UASPEP_RECEIVE_BUFFER)
    UASPEP_SEND_PACKET                       0x08009ed5   Thumb Code    58  usart_aspep_driver.o(.text.UASPEP_SEND_PACKET)
    UI_HandleStartStopButton_cb              0x08009f11   Thumb Code    24  mc_tasks.o(.text.UI_HandleStartStopButton_cb)
    USART2_IRQHandler                        0x08009f29   Thumb Code   486  stm32g4xx_mc_it.o(.text.USART2_IRQHandler)
    VBS_GetAvBusVoltage_V                    0x0800a111   Thumb Code    10  bus_voltage_sensor.o(.text.VBS_GetAvBusVoltage_V)
    VBS_GetAvBusVoltage_d                    0x0800a11d   Thumb Code     4  bus_voltage_sensor.o(.text.VBS_GetAvBusVoltage_d)
    VSS_CalcAvrgMecSpeedUnit                 0x0800a121   Thumb Code   144  virtual_speed_sensor.o(.text.VSS_CalcAvrgMecSpeedUnit)
    VSS_CalcElAngle                          0x0800a1b1   Thumb Code   170  virtual_speed_sensor.o(.text.VSS_CalcElAngle)
    VSS_Clear                                0x0800a25d   Thumb Code    26  virtual_speed_sensor.o(.text.VSS_Clear)
    VSS_Init                                 0x0800a279   Thumb Code     4  virtual_speed_sensor.o(.text.VSS_Init)
    VSS_SetMecAcceleration                   0x0800a27d   Thumb Code   148  virtual_speed_sensor.o(.text.VSS_SetMecAcceleration)
    VSS_SetMecAngle                          0x0800a311   Thumb Code    14  virtual_speed_sensor.o(.text.VSS_SetMecAngle)
    VSS_SetStartTransition                   0x0800a321   Thumb Code    34  virtual_speed_sensor.o(.text.VSS_SetStartTransition)
    VSS_TransitionEnded                      0x0800a345   Thumb Code     6  virtual_speed_sensor.o(.text.VSS_TransitionEnded)
    getScalingFactor                         0x0800a34d   Thumb Code   108  ramp_ext_mngr.o(.text.getScalingFactor)
    main                                     0x0800a3b9   Thumb Code   634  main.o(.text.main)
    mc_lock_pins                             0x0800a635   Thumb Code   296  mc_tasks.o(.text.mc_lock_pins)
    startTimers                              0x0800a75d   Thumb Code   114  pwm_common.o(.text.startTimers)
    waitForPolarizationEnd                   0x0800a7d1   Thumb Code    76  pwm_common.o(.text.waitForPolarizationEnd)
    __scatterload_copy                       0x0800a81d   Thumb Code    14  handlers.o(i.__scatterload_copy)
    __scatterload_null                       0x0800a82b   Thumb Code     2  handlers.o(i.__scatterload_null)
    __scatterload_zeroinit                   0x0800a82d   Thumb Code    14  handlers.o(i.__scatterload_zeroinit)
    AHBPrescTable                            0x0800a83a   Data          16  system_stm32g4xx.o(.rodata.AHBPrescTable)
    APBPrescTable                            0x0800a84a   Data           8  system_stm32g4xx.o(.rodata.APBPrescTable)
    CTL_BOARD                                0x0800a958   Data          16  mc_configuration_registers.o(.rodata.CTL_BOARD)
    FIRMWARE_NAME                            0x0800a968   Data          24  mc_configuration_registers.o(.rodata.FIRMWARE_NAME)
    M1_MotorConfig_reg                       0x0800a99c   Data          60  mc_configuration_registers.o(.rodata.M1_MotorConfig_reg)
    R3_2_ParamsM1                            0x0800a9ec   Data         204  mc_parameters.o(.rodata.R3_2_ParamsM1)
    UARTPrescTable                           0x0800aab8   Data          24  stm32g4xx_hal_uart.o(.rodata.UARTPrescTable)
    globalConfig_reg                         0x0800ab00   Data          10  mc_configuration_registers.o(.rodata.globalConfig_reg)
    Region$$Table$$Base                      0x0800ab0c   Number         0  anon$$obj.o(Region$$Table)
    Region$$Table$$Limit                     0x0800ab2c   Number         0  anon$$obj.o(Region$$Table)
    uwTickPrio                               0x20000000   Data           4  stm32g4xx_hal.o(.data..L_MergedGlobals)
    uwTickFreq                               0x20000004   Data           4  stm32g4xx_hal.o(.data..L_MergedGlobals)
    ApplicationConfig_reg                    0x20000008   Data           4  mc_configuration_registers.o(.data.ApplicationConfig_reg)
    BusVoltageSensor_M1                      0x2000000c   Data          40  mc_config.o(.data.BusVoltageSensor_M1)
    CircleLimitationM1                       0x20000034   Data         180  mc_config.o(.data.CircleLimitationM1)
    FOCConfig_reg                            0x200000e8   Data           4  mc_configuration_registers.o(.data.FOCConfig_reg)
    MCPA_UART_A                              0x200000ec   Data          44  mcp_config.o(.data.MCPA_UART_A)
    MCP_Over_UartA                           0x20000118   Data          16  mcp_config.o(.data.MCP_Over_UartA)
    MotorConfig_reg                          0x20000128   Data           4  mc_configuration_registers.o(.data.MotorConfig_reg)
    PIDIdHandle_M1                           0x2000012c   Data          44  mc_config.o(.data.PIDIdHandle_M1)
    PIDIqHandle_M1                           0x20000158   Data          44  mc_config.o(.data.PIDIqHandle_M1)
    PIDSpeedHandle_M1                        0x20000184   Data          44  mc_config.o(.data.PIDSpeedHandle_M1)
    PQD_MotorPowMeasM1                       0x200001b0   Data         276  mc_config.o(.data.PQD_MotorPowMeasM1)
    PWM_Handle_M1                            0x200002c4   Data         152  mc_config.o(.data.PWM_Handle_M1)
    PWR_BOARD_NAME                           0x2000035c   Data           4  mc_configuration_registers.o(.data.PWR_BOARD_NAME)
    RampExtMngrHFParamsM1                    0x20000360   Data          24  mc_config.o(.data.RampExtMngrHFParamsM1)
    RevUpControlM1                           0x20000378   Data         120  mc_config.o(.data.RevUpControlM1)
    STO_M1                                   0x200003f0   Data          20  mc_config.o(.data.STO_M1)
    STO_PLL_M1                               0x20000404   Data         296  mc_config.o(.data.STO_PLL_M1)
    SpeednTorqCtrlM1                         0x2000052c   Data          52  mc_config.o(.data.SpeednTorqCtrlM1)
    SystemCoreClock                          0x20000564   Data           4  system_stm32g4xx.o(.data.SystemCoreClock)
    TempSensor_M1                            0x20000568   Data          40  mc_config.o(.data.TempSensor_M1)
    VirtualSpeedSensorM1                     0x200005a4   Data          56  mc_config.o(.data.VirtualSpeedSensorM1)
    aspepOverUartA                           0x200005dc   Data         116  mcp_config.o(.data.aspepOverUartA)
    pMPM                                     0x20000650   Data           4  mc_config.o(.data.pMPM)
    pPIDId                                   0x20000654   Data           4  mc_config.o(.data.pPIDId)
    pPIDIq                                   0x20000658   Data           4  mc_config.o(.data.pPIDIq)
    pSTC                                     0x2000065c   Data           4  mc_config.o(.data.pSTC)
    pTemperatureSensor                       0x20000660   Data           4  mc_config.o(.data.pTemperatureSensor)
    ADC_UserHandle                           0x20000668   Data           1  main.o(.bss..L_MergedGlobals)
    ADC_UserValue                            0x2000066a   Data           2  main.o(.bss..L_MergedGlobals)
    Set_Speed                                0x2000066c   Data           2  main.o(.bss..L_MergedGlobals)
    ADC_Userconv                             0x20000674   Data          12  main.o(.bss..L_MergedGlobals)
    DAC_Handle                               0x20000710   Data          12  dac_ui.o(.bss.DAC_Handle)
    GLOBAL_TIMESTAMP                         0x2000071c   Data           4  mcpa.o(.bss.GLOBAL_TIMESTAMP)
    MCP_UserCallBack                         0x2000193c   Data           8  mcp_config.o(.bss.MCP_UserCallBack)
    Mci                                      0x20001944   Data          32  mc_config.o(.bss.Mci)
    dataPtrTableA                            0x20001974   Data          40  mcp_config.o(.bss.dataPtrTableA)
    dataPtrTableBuffA                        0x2000199c   Data          40  mcp_config.o(.bss.dataPtrTableBuffA)
    dataSizeTableA                           0x200019c4   Data          10  mcp_config.o(.bss.dataSizeTableA)
    dataSizeTableBuffA                       0x200019ce   Data          10  mcp_config.o(.bss.dataSizeTableBuffA)
    hadc1                                    0x200019d8   Data         108  adc.o(.bss.hadc1)
    hadc2                                    0x20001a44   Data         108  adc.o(.bss.hadc2)
    hcordic                                  0x20001ab0   Data          40  cordic.o(.bss.hcordic)
    hdac1                                    0x20001ad8   Data          20  dac.o(.bss.hdac1)
    hdma_usart2_rx                           0x20001aec   Data          96  usart.o(.bss.hdma_usart2_rx)
    hdma_usart2_tx                           0x20001b4c   Data          96  usart.o(.bss.hdma_usart2_tx)
    htim1                                    0x20001bac   Data          76  tim.o(.bss.htim1)
    htim2                                    0x20001bf8   Data          76  tim.o(.bss.htim2)
    htim3                                    0x20001c44   Data          76  tim.o(.bss.htim3)
    huart2                                   0x20001c90   Data         144  usart.o(.bss.huart2)
    pMCI                                     0x20001d20   Data           4  motorcontrol.o(.bss.pMCI)
    uwTick                                   0x20001d24   Data           4  stm32g4xx_hal.o(.bss.uwTick)
    __initial_sp                             0x20002128   Data           0  startup_stm32g431xx.o(STACK)



==============================================================================

Memory Map of the image

  Image Entry point : 0x080001d9

  Load Region LR_IROM1 (Base: 0x08000000, Size: 0x0000b198, Max: 0x00020000, ABSOLUTE, COMPRESSED[0x0000ad10])

    Execution Region ER_IROM1 (Exec base: 0x08000000, Load base: 0x08000000, Size: 0x0000ab2c, Max: 0x00020000, ABSOLUTE)

    Exec Addr    Load Addr    Size         Type   Attr      Idx    E Section Name        Object

    0x08000000   0x08000000   0x000001d8   Data   RO            3    RESET               startup_stm32g431xx.o
    0x080001d8   0x080001d8   0x00000000   Code   RO         2613  * .ARM.Collect$$$$00000000  mc_w.l(entry.o)
    0x080001d8   0x080001d8   0x00000004   Code   RO         2634    .ARM.Collect$$$$00000001  mc_w.l(entry2.o)
    0x080001dc   0x080001dc   0x00000004   Code   RO         2637    .ARM.Collect$$$$00000004  mc_w.l(entry5.o)
    0x080001e0   0x080001e0   0x00000000   Code   RO         2639    .ARM.Collect$$$$00000008  mc_w.l(entry7b.o)
    0x080001e0   0x080001e0   0x00000000   Code   RO         2641    .ARM.Collect$$$$0000000A  mc_w.l(entry8b.o)
    0x080001e0   0x080001e0   0x00000008   Code   RO         2642    .ARM.Collect$$$$0000000B  mc_w.l(entry9a.o)
    0x080001e8   0x080001e8   0x00000000   Code   RO         2644    .ARM.Collect$$$$0000000D  mc_w.l(entry10a.o)
    0x080001e8   0x080001e8   0x00000000   Code   RO         2646    .ARM.Collect$$$$0000000F  mc_w.l(entry11a.o)
    0x080001e8   0x080001e8   0x00000004   Code   RO         2635    .ARM.Collect$$$$00002712  mc_w.l(entry2.o)
    0x080001ec   0x080001ec   0x00000024   Code   RO            4    .text               startup_stm32g431xx.o
    0x08000210   0x08000210   0x00000062   Code   RO         2616    .text               mc_w.l(uldiv.o)
    0x08000272   0x08000272   0x00000024   Code   RO         2618    .text               mc_w.l(memcpya.o)
    0x08000296   0x08000296   0x00000024   Code   RO         2620    .text               mc_w.l(memseta.o)
    0x080002ba   0x080002ba   0x0000001e   Code   RO         2648    .text               mc_w.l(llshl.o)
    0x080002d8   0x080002d8   0x00000020   Code   RO         2650    .text               mc_w.l(llushr.o)
    0x080002f8   0x080002f8   0x00000024   Code   RO         2657    .text               mc_w.l(init.o)
    0x0800031c   0x0800031c   0x00000056   Code   RO         2667    .text               mc_w.l(__dczerorl2.o)
    0x08000372   0x08000372   0x00000002   PAD
    0x08000374   0x08000374   0x0000004c   Code   RO          535    .text.ADC1_2_IRQHandler  stm32g4xx_mc_it.o
    0x080003c0   0x080003c0   0x0000001e   Code   RO          684    .text.ASPEP_HWDMAReset  aspep.o
    0x080003de   0x080003de   0x00000002   PAD
    0x080003e0   0x080003e0   0x000000a6   Code   RO          682    .text.ASPEP_HWDataReceivedIT  aspep.o
    0x08000486   0x08000486   0x00000002   PAD
    0x08000488   0x08000488   0x000000b0   Code   RO          678    .text.ASPEP_HWDataTransmittedIT  aspep.o
    0x08000538   0x08000538   0x000005d4   Code   RO          680    .text.ASPEP_RXframeProcess  aspep.o
    0x08000b0c   0x08000b0c   0x000000e8   Code   RO          668    .text.ASPEP_TXframeProcess  aspep.o
    0x08000bf4   0x08000bf4   0x0000005c   Code   RO          672    .text.ASPEP_getBuffer  aspep.o
    0x08000c50   0x08000c50   0x00000050   Code   RO          676    .text.ASPEP_sendPacket  aspep.o
    0x08000ca0   0x08000ca0   0x00000026   Code   RO          664    .text.ASPEP_start   aspep.o
    0x08000cc6   0x08000cc6   0x00000002   PAD
    0x08000cc8   0x08000cc8   0x0000004e   Code   RO         2115    .text.Circle_Limitation  circle_limitation.o
    0x08000d16   0x08000d16   0x00000002   PAD
    0x08000d18   0x08000d18   0x00000026   Code   RO          633    .text.DAC_Exec      dac_ui.o
    0x08000d3e   0x08000d3e   0x00000002   PAD
    0x08000d40   0x08000d40   0x00000008   Code   RO          637    .text.DAC_GetChannelConfig  dac_ui.o
    0x08000d48   0x08000d48   0x0000001e   Code   RO          631    .text.DAC_Init      dac_ui.o
    0x08000d66   0x08000d66   0x00000002   PAD
    0x08000d68   0x08000d68   0x00000010   Code   RO          635    .text.DAC_SetChannelConfig  dac_ui.o
    0x08000d78   0x08000d78   0x00000020   Code   RO          541    .text.DMA2_Channel2_IRQHandler  stm32g4xx_mc_it.o
    0x08000d98   0x08000d98   0x0000001a   Code   RO          549    .text.EXTI15_10_IRQHandler  stm32g4xx_mc_it.o
    0x08000db2   0x08000db2   0x00000002   PAD
    0x08000db4   0x08000db4   0x0000000a   Code   RO           23    .text.Error_Handler  main.o
    0x08000dbe   0x08000dbe   0x00000002   PAD
    0x08000dc0   0x08000dc0   0x00000030   Code   RO          278    .text.FOC_CalcCurrRef  mc_tasks.o
    0x08000df0   0x08000df0   0x0000006a   Code   RO          258    .text.FOC_Clear     mc_tasks.o
    0x08000e5a   0x08000e5a   0x00000002   PAD
    0x08000e5c   0x08000e5c   0x00000002   Code   RO          276    .text.FOC_InitAdditionalMethods  mc_tasks.o
    0x08000e5e   0x08000e5e   0x00000002   PAD
    0x08000e60   0x08000e60   0x00000474   Code   RO          862    .text.HAL_ADCEx_InjectedConfigChannel  stm32g4xx_hal_adc_ex.o
    0x080012d4   0x080012d4   0x000000c0   Code   RO          864    .text.HAL_ADCEx_MultiModeConfigChannel  stm32g4xx_hal_adc_ex.o
    0x08001394   0x08001394   0x000003aa   Code   RO          804    .text.HAL_ADC_ConfigChannel  stm32g4xx_hal_adc.o
    0x0800173e   0x0800173e   0x00000002   PAD
    0x08001740   0x08001740   0x00000248   Code   RO          752    .text.HAL_ADC_Init  stm32g4xx_hal_adc.o
    0x08001988   0x08001988   0x00000176   Code   RO           52    .text.HAL_ADC_MspInit  adc.o
    0x08001afe   0x08001afe   0x00000002   PAD
    0x08001b00   0x08001b00   0x00000034   Code   RO         1385    .text.HAL_CORDIC_Init  stm32g4xx_hal_cordic.o
    0x08001b34   0x08001b34   0x0000002e   Code   RO           69    .text.HAL_CORDIC_MspInit  cordic.o
    0x08001b62   0x08001b62   0x00000002   PAD
    0x08001b64   0x08001b64   0x000001e8   Code   RO         1463    .text.HAL_DAC_ConfigChannel  stm32g4xx_hal_dac.o
    0x08001d4c   0x08001d4c   0x00000028   Code   RO         1427    .text.HAL_DAC_Init  stm32g4xx_hal_dac.o
    0x08001d74   0x08001d74   0x00000060   Code   RO           84    .text.HAL_DAC_MspInit  dac.o
    0x08001dd4   0x08001dd4   0x0000012a   Code   RO         1167    .text.HAL_DMA_Init  stm32g4xx_hal_dma.o
    0x08001efe   0x08001efe   0x00000002   PAD
    0x08001f00   0x08001f00   0x00000028   Code   RO          903    .text.HAL_Delay     stm32g4xx_hal.o
    0x08001f28   0x08001f28   0x000001da   Code   RO         1117    .text.HAL_GPIO_Init  stm32g4xx_hal_gpio.o
    0x08002102   0x08002102   0x00000002   PAD
    0x08002104   0x08002104   0x0000000c   Code   RO         1123    .text.HAL_GPIO_WritePin  stm32g4xx_hal_gpio.o
    0x08002110   0x08002110   0x0000000c   Code   RO          895    .text.HAL_GetTick   stm32g4xx_hal.o
    0x0800211c   0x0800211c   0x0000001a   Code   RO          893    .text.HAL_IncTick   stm32g4xx_hal.o
    0x08002136   0x08002136   0x00000002   PAD
    0x08002138   0x08002138   0x0000001e   Code   RO          883    .text.HAL_Init      stm32g4xx_hal.o
    0x08002156   0x08002156   0x00000002   PAD
    0x08002158   0x08002158   0x0000004e   Code   RO          885    .text.HAL_InitTick  stm32g4xx_hal.o
    0x080021a6   0x080021a6   0x00000002   PAD
    0x080021a8   0x080021a8   0x00000040   Code   RO          744    .text.HAL_MspInit   stm32g4xx_hal_msp.o
    0x080021e8   0x080021e8   0x00000020   Code   RO         1343    .text.HAL_NVIC_EnableIRQ  stm32g4xx_hal_cortex.o
    0x08002208   0x08002208   0x00000056   Code   RO         1341    .text.HAL_NVIC_SetPriority  stm32g4xx_hal_cortex.o
    0x0800225e   0x0800225e   0x00000002   PAD
    0x08002260   0x08002260   0x00000020   Code   RO         1339    .text.HAL_NVIC_SetPriorityGrouping  stm32g4xx_hal_cortex.o
    0x08002280   0x08002280   0x0000013a   Code   RO         1259    .text.HAL_PWREx_ControlVoltageScaling  stm32g4xx_hal_pwr_ex.o
    0x080023ba   0x080023ba   0x00000002   PAD
    0x080023bc   0x080023bc   0x00000012   Code   RO         1329    .text.HAL_PWREx_DisableUCPDDeadBattery  stm32g4xx_hal_pwr_ex.o
    0x080023ce   0x080023ce   0x00000002   PAD
    0x080023d0   0x080023d0   0x0000026a   Code   RO         1001    .text.HAL_RCCEx_PeriphCLKConfig  stm32g4xx_hal_rcc_ex.o
    0x0800263a   0x0800263a   0x00000002   PAD
    0x0800263c   0x0800263c   0x00000314   Code   RO          967    .text.HAL_RCC_ClockConfig  stm32g4xx_hal_rcc.o
    0x08002950   0x08002950   0x00000012   Code   RO          983    .text.HAL_RCC_EnableCSS  stm32g4xx_hal_rcc.o
    0x08002962   0x08002962   0x00000002   PAD
    0x08002964   0x08002964   0x0000000c   Code   RO          973    .text.HAL_RCC_GetHCLKFreq  stm32g4xx_hal_rcc.o
    0x08002970   0x08002970   0x0000002a   Code   RO          975    .text.HAL_RCC_GetPCLK1Freq  stm32g4xx_hal_rcc.o
    0x0800299a   0x0800299a   0x00000002   PAD
    0x0800299c   0x0800299c   0x0000002a   Code   RO          977    .text.HAL_RCC_GetPCLK2Freq  stm32g4xx_hal_rcc.o
    0x080029c6   0x080029c6   0x00000002   PAD
    0x080029c8   0x080029c8   0x0000007a   Code   RO          969    .text.HAL_RCC_GetSysClockFreq  stm32g4xx_hal_rcc.o
    0x08002a42   0x08002a42   0x00000002   PAD
    0x08002a44   0x08002a44   0x000004b0   Code   RO          965    .text.HAL_RCC_OscConfig  stm32g4xx_hal_rcc.o
    0x08002ef4   0x08002ef4   0x00000002   Code   RO         1369    .text.HAL_SYSTICK_Callback  stm32g4xx_hal_cortex.o
    0x08002ef6   0x08002ef6   0x00000002   PAD
    0x08002ef8   0x08002ef8   0x0000002c   Code   RO         1351    .text.HAL_SYSTICK_Config  stm32g4xx_hal_cortex.o
    0x08002f24   0x08002f24   0x00000004   Code   RO         1367    .text.HAL_SYSTICK_IRQHandler  stm32g4xx_hal_cortex.o
    0x08002f28   0x08002f28   0x00000002   Code   RO         1878    .text.HAL_TIMEx_Break2Callback  stm32g4xx_hal_tim_ex.o
    0x08002f2a   0x08002f2a   0x00000002   PAD
    0x08002f2c   0x08002f2c   0x00000002   Code   RO         1876    .text.HAL_TIMEx_BreakCallback  stm32g4xx_hal_tim_ex.o
    0x08002f2e   0x08002f2e   0x00000002   PAD
    0x08002f30   0x08002f30   0x00000002   Code   RO         1872    .text.HAL_TIMEx_CommutCallback  stm32g4xx_hal_tim_ex.o
    0x08002f32   0x08002f32   0x00000002   PAD
    0x08002f34   0x08002f34   0x000000c0   Code   RO         1824    .text.HAL_TIMEx_ConfigBreakDeadTime  stm32g4xx_hal_tim_ex.o
    0x08002ff4   0x08002ff4   0x000000da   Code   RO         1826    .text.HAL_TIMEx_ConfigBreakInput  stm32g4xx_hal_tim_ex.o
    0x080030ce   0x080030ce   0x00000002   PAD
    0x080030d0   0x080030d0   0x00000002   Code   RO         1882    .text.HAL_TIMEx_DirectionChangeCallback  stm32g4xx_hal_tim_ex.o
    0x080030d2   0x080030d2   0x00000002   PAD
    0x080030d4   0x080030d4   0x00000002   Code   RO         1880    .text.HAL_TIMEx_EncoderIndexCallback  stm32g4xx_hal_tim_ex.o
    0x080030d6   0x080030d6   0x00000002   PAD
    0x080030d8   0x080030d8   0x00000002   Code   RO         1884    .text.HAL_TIMEx_IndexErrorCallback  stm32g4xx_hal_tim_ex.o
    0x080030da   0x080030da   0x00000002   PAD
    0x080030dc   0x080030dc   0x000000a2   Code   RO         1822    .text.HAL_TIMEx_MasterConfigSynchronization  stm32g4xx_hal_tim_ex.o
    0x0800317e   0x0800317e   0x00000002   PAD
    0x08003180   0x08003180   0x00000002   Code   RO         1886    .text.HAL_TIMEx_TransitionErrorCallback  stm32g4xx_hal_tim_ex.o
    0x08003182   0x08003182   0x00000002   PAD
    0x08003184   0x08003184   0x00000062   Code   RO         1527    .text.HAL_TIM_Base_Init  stm32g4xx_hal_tim.o
    0x080031e6   0x080031e6   0x00000002   PAD
    0x080031e8   0x080031e8   0x000000ca   Code   RO          704    .text.HAL_TIM_Base_MspInit  tim.o
    0x080032b2   0x080032b2   0x00000002   PAD
    0x080032b4   0x080032b4   0x000000a0   Code   RO         1541    .text.HAL_TIM_Base_Start_IT  stm32g4xx_hal_tim.o
    0x08003354   0x08003354   0x00000200   Code   RO         1707    .text.HAL_TIM_ConfigClockSource  stm32g4xx_hal_tim.o
    0x08003554   0x08003554   0x00000002   Code   RO         1663    .text.HAL_TIM_IC_CaptureCallback  stm32g4xx_hal_tim.o
    0x08003556   0x08003556   0x00000002   PAD
    0x08003558   0x08003558   0x00000210   Code   RO         1661    .text.HAL_TIM_IRQHandler  stm32g4xx_hal_tim.o
    0x08003768   0x08003768   0x00000002   Code   RO         1665    .text.HAL_TIM_OC_DelayElapsedCallback  stm32g4xx_hal_tim.o
    0x0800376a   0x0800376a   0x00000002   PAD
    0x0800376c   0x0800376c   0x000003c2   Code   RO         1681    .text.HAL_TIM_PWM_ConfigChannel  stm32g4xx_hal_tim.o
    0x08003b2e   0x08003b2e   0x00000002   PAD
    0x08003b30   0x08003b30   0x00000062   Code   RO         1581    .text.HAL_TIM_PWM_Init  stm32g4xx_hal_tim.o
    0x08003b92   0x08003b92   0x00000002   PAD
    0x08003b94   0x08003b94   0x00000002   Code   RO         1583    .text.HAL_TIM_PWM_MspInit  stm32g4xx_hal_tim.o
    0x08003b96   0x08003b96   0x00000002   PAD
    0x08003b98   0x08003b98   0x00000002   Code   RO         1667    .text.HAL_TIM_PWM_PulseFinishedCallback  stm32g4xx_hal_tim.o
    0x08003b9a   0x08003b9a   0x00000002   PAD
    0x08003b9c   0x08003b9c   0x00000050   Code   RO           25    .text.HAL_TIM_PeriodElapsedCallback  main.o
    0x08003bec   0x08003bec   0x00000058   Code   RO         1711    .text.HAL_TIM_SlaveConfigSynchro  stm32g4xx_hal_tim.o
    0x08003c44   0x08003c44   0x00000002   Code   RO         1671    .text.HAL_TIM_TriggerCallback  stm32g4xx_hal_tim.o
    0x08003c46   0x08003c46   0x00000002   PAD
    0x08003c48   0x08003c48   0x00000036   Code   RO         2063    .text.HAL_UARTEx_DisableFifoMode  stm32g4xx_hal_uart_ex.o
    0x08003c7e   0x08003c7e   0x00000002   PAD
    0x08003c80   0x08003c80   0x0000008c   Code   RO         2067    .text.HAL_UARTEx_SetRxFifoThreshold  stm32g4xx_hal_uart_ex.o
    0x08003d0c   0x08003d0c   0x0000008c   Code   RO         2065    .text.HAL_UARTEx_SetTxFifoThreshold  stm32g4xx_hal_uart_ex.o
    0x08003d98   0x08003d98   0x000000ca   Code   RO         1901    .text.HAL_UART_Init  stm32g4xx_hal_uart.o
    0x08003e62   0x08003e62   0x00000002   PAD
    0x08003e64   0x08003e64   0x000000fe   Code   RO          721    .text.HAL_UART_MspInit  usart.o
    0x08003f62   0x08003f62   0x00000002   PAD
    0x08003f64   0x08003f64   0x00000006   Code   RO          545    .text.HardFault_Handler  stm32g4xx_mc_it.o
    0x08003f6a   0x08003f6a   0x00000002   PAD
    0x08003f6c   0x08003f6c   0x00000010   Code   RO          525    .text.MCI_Clear_Iqdref  mc_interface.o
    0x08003f7c   0x08003f7c   0x00000080   Code   RO          461    .text.MCI_ExecBufferedCommands  mc_interface.o
    0x08003ffc   0x08003ffc   0x00000010   Code   RO          427    .text.MCI_ExecSpeedRamp  mc_interface.o
    0x0800400c   0x0800400c   0x0000000e   Code   RO          431    .text.MCI_ExecTorqueRamp  mc_interface.o
    0x0800401a   0x0800401a   0x00000002   PAD
    0x0800401c   0x0800401c   0x0000002a   Code   RO          457    .text.MCI_FaultAcknowledged  mc_interface.o
    0x08004046   0x08004046   0x00000002   PAD
    0x08004048   0x08004048   0x00000012   Code   RO          459    .text.MCI_FaultProcessing  mc_interface.o
    0x0800405a   0x0800405a   0x00000002   PAD
    0x0800405c   0x0800405c   0x00000010   Code   RO          487    .text.MCI_GetAvrgMecSpeedUnit  mc_interface.o
    0x0800406c   0x0800406c   0x00000004   Code   RO          467    .text.MCI_GetControlMode  mc_interface.o
    0x08004070   0x08004070   0x00000004   Code   RO          445    .text.MCI_GetCurrentFaults  mc_interface.o
    0x08004074   0x08004074   0x0000000a   Code   RO          465    .text.MCI_GetFaultState  mc_interface.o
    0x0800407e   0x0800407e   0x00000002   PAD
    0x08004080   0x08004080   0x00000006   Code   RO          495    .text.MCI_GetIab    mc_interface.o
    0x08004086   0x08004086   0x00000002   PAD
    0x08004088   0x08004088   0x00000006   Code   RO          499    .text.MCI_GetIalphabeta  mc_interface.o
    0x0800408e   0x0800408e   0x00000002   PAD
    0x08004090   0x08004090   0x00000044   Code   RO          469    .text.MCI_GetImposedMotorDirection  mc_interface.o
    0x080040d4   0x080040d4   0x00000006   Code   RO          501    .text.MCI_GetIqd    mc_interface.o
    0x080040da   0x080040da   0x00000002   PAD
    0x080040dc   0x080040dc   0x00000006   Code   RO          507    .text.MCI_GetIqdref  mc_interface.o
    0x080040e2   0x080040e2   0x00000002   PAD
    0x080040e4   0x080040e4   0x00000004   Code   RO          475    .text.MCI_GetLastRampFinalDuration  mc_interface.o
    0x080040e8   0x080040e8   0x00000006   Code   RO          471    .text.MCI_GetLastRampFinalSpeed  mc_interface.o
    0x080040ee   0x080040ee   0x00000002   PAD
    0x080040f0   0x080040f0   0x00000006   Code   RO          473    .text.MCI_GetLastRampFinalTorque  mc_interface.o
    0x080040f6   0x080040f6   0x00000002   PAD
    0x080040f8   0x080040f8   0x00000006   Code   RO          491    .text.MCI_GetMecSpeedRefUnit  mc_interface.o
    0x080040fe   0x080040fe   0x00000002   PAD
    0x08004100   0x08004100   0x00000004   Code   RO          443    .text.MCI_GetOccurredFaults  mc_interface.o
    0x08004104   0x08004104   0x00000004   Code   RO          441    .text.MCI_GetSTMState  mc_interface.o
    0x08004108   0x08004108   0x00000008   Code   RO          517    .text.MCI_GetTeref  mc_interface.o
    0x08004110   0x08004110   0x00000008   Code   RO          513    .text.MCI_GetValphabeta  mc_interface.o
    0x08004118   0x08004118   0x00000008   Code   RO          511    .text.MCI_GetVqd    mc_interface.o
    0x08004120   0x08004120   0x00000018   Code   RO          425    .text.MCI_Init      mc_interface.o
    0x08004138   0x08004138   0x00000010   Code   RO          435    .text.MCI_SetCurrentReferences  mc_interface.o
    0x08004148   0x08004148   0x00000028   Code   RO          439    .text.MCI_StartMotor  mc_interface.o
    0x08004170   0x08004170   0x00000038   Code   RO          455    .text.MCI_StopMotor  mc_interface.o
    0x080041a8   0x080041a8   0x00000006   Code   RO          483    .text.MCI_StopRamp  mc_interface.o
    0x080041ae   0x080041ae   0x00000002   PAD
    0x080041b0   0x080041b0   0x0000004a   Code   RO          405    .text.MCM_Clarke    mc_math.o
    0x080041fa   0x080041fa   0x00000002   PAD
    0x080041fc   0x080041fc   0x0000007a   Code   RO          407    .text.MCM_Park      mc_math.o
    0x08004276   0x08004276   0x00000002   PAD
    0x08004278   0x08004278   0x00000026   Code   RO          411    .text.MCM_Rev_Park  mc_math.o
    0x0800429e   0x0800429e   0x00000002   PAD
    0x080042a0   0x080042a0   0x00000026   Code   RO          413    .text.MCM_Sqrt      mc_math.o
    0x080042c6   0x080042c6   0x00000002   PAD
    0x080042c8   0x080042c8   0x0000001c   Code   RO          409    .text.MCM_Trig_Functions  mc_math.o
    0x080042e4   0x080042e4   0x00000152   Code   RO         2603    .text.MCPA_cfgLog   mcpa.o
    0x08004436   0x08004436   0x00000002   PAD
    0x08004438   0x08004438   0x000002da   Code   RO         2599    .text.MCPA_dataLog  mcpa.o
    0x08004712   0x08004712   0x00000002   PAD
    0x08004714   0x08004714   0x000000ac   Code   RO         2601    .text.MCPA_flushDataLog  mcpa.o
    0x080047c0   0x080047c0   0x000001f8   Code   RO         2587    .text.MCP_ReceivedPacket  mcp.o
    0x080049b8   0x080049b8   0x0000000e   Code   RO          186    .text.MC_AcknowledgeFaultMotor1  mc_api.o
    0x080049c6   0x080049c6   0x00000002   PAD
    0x080049c8   0x080049c8   0x0000000e   Code   RO          188    .text.MC_GetOccurredFaultsMotor1  mc_api.o
    0x080049d6   0x080049d6   0x00000002   PAD
    0x080049d8   0x080049d8   0x0000000e   Code   RO          192    .text.MC_GetSTMStateMotor1  mc_api.o
    0x080049e6   0x080049e6   0x00000002   PAD
    0x080049e8   0x080049e8   0x00000016   Code   RO          118    .text.MC_ProgramSpeedRampMotor1  mc_api.o
    0x080049fe   0x080049fe   0x00000002   PAD
    0x08004a00   0x08004a00   0x0000001e   Code   RO          260    .text.MC_RunMotorControlTasks  mc_tasks.o
    0x08004a1e   0x08004a1e   0x00000002   PAD
    0x08004a20   0x08004a20   0x0000007c   Code   RO          262    .text.MC_Scheduler  mc_tasks.o
    0x08004a9c   0x08004a9c   0x0000000e   Code   RO          114    .text.MC_StartMotor1  mc_api.o
    0x08004aaa   0x08004aaa   0x00000002   PAD
    0x08004aac   0x08004aac   0x0000000e   Code   RO          116    .text.MC_StopMotor1  mc_api.o
    0x08004aba   0x08004aba   0x00000002   PAD
    0x08004abc   0x08004abc   0x0000014e   Code   RO          256    .text.MCboot        mc_tasks.o
    0x08004c0a   0x08004c0a   0x00000002   PAD
    0x08004c0c   0x08004c0c   0x0000010a   Code   RO         2138    .text.MPM_CalcElMotorPower  motor_power_measurement.o
    0x08004d16   0x08004d16   0x00000002   PAD
    0x08004d18   0x08004d18   0x0000000c   Code   RO         2136    .text.MPM_Clear     motor_power_measurement.o
    0x08004d24   0x08004d24   0x00000006   Code   RO         2142    .text.MPM_GetAvrgElMotorPowerW  motor_power_measurement.o
    0x08004d2a   0x08004d2a   0x00000002   PAD
    0x08004d2c   0x08004d2c   0x000000e2   Code   RO           48    .text.MX_ADC1_Init  adc.o
    0x08004e0e   0x08004e0e   0x00000002   PAD
    0x08004e10   0x08004e10   0x00000126   Code   RO           50    .text.MX_ADC2_Init  adc.o
    0x08004f36   0x08004f36   0x00000002   PAD
    0x08004f38   0x08004f38   0x00000026   Code   RO           67    .text.MX_CORDIC_Init  cordic.o
    0x08004f5e   0x08004f5e   0x00000002   PAD
    0x08004f60   0x08004f60   0x0000005e   Code   RO           82    .text.MX_DAC1_Init  dac.o
    0x08004fbe   0x08004fbe   0x00000002   PAD
    0x08004fc0   0x08004fc0   0x00000032   Code   RO           97    .text.MX_DMA_Init   dma.o
    0x08004ff2   0x08004ff2   0x00000002   PAD
    0x08004ff4   0x08004ff4   0x000000c8   Code   RO           39    .text.MX_GPIO_Init  gpio.o
    0x080050bc   0x080050bc   0x00000040   Code   RO          105    .text.MX_MotorControl_Init  motorcontrol.o
    0x080050fc   0x080050fc   0x000001de   Code   RO          696    .text.MX_TIM1_Init  tim.o
    0x080052da   0x080052da   0x00000002   PAD
    0x080052dc   0x080052dc   0x0000007a   Code   RO          700    .text.MX_TIM2_Init  tim.o
    0x08005356   0x08005356   0x00000002   PAD
    0x08005358   0x08005358   0x0000007a   Code   RO          702    .text.MX_TIM3_Init  tim.o
    0x080053d2   0x080053d2   0x00000002   PAD
    0x080053d4   0x080053d4   0x00000082   Code   RO          719    .text.MX_USART2_UART_Init  usart.o
    0x08005456   0x08005456   0x00000002   PAD
    0x08005458   0x08005458   0x0000003a   Code   RO         2158    .text.NTC_CalcAvTemp  ntc_temperature_sensor.o
    0x08005492   0x08005492   0x00000002   PAD
    0x08005494   0x08005494   0x00000006   Code   RO         2156    .text.NTC_Clear     ntc_temperature_sensor.o
    0x0800549a   0x0800549a   0x00000002   PAD
    0x0800549c   0x0800549c   0x00000022   Code   RO         2162    .text.NTC_GetAvTemp_C  ntc_temperature_sensor.o
    0x080054be   0x080054be   0x00000002   PAD
    0x080054c0   0x080054c0   0x0000002a   Code   RO         2154    .text.NTC_Init      ntc_temperature_sensor.o
    0x080054ea   0x080054ea   0x00000002   PAD
    0x080054ec   0x080054ec   0x00000018   Code   RO         2152    .text.NTC_SetFaultState  ntc_temperature_sensor.o
    0x08005504   0x08005504   0x00000006   Code   RO         2232    .text.PID_GetKD     pid_regulator.o
    0x0800550a   0x0800550a   0x00000002   PAD
    0x0800550c   0x0800550c   0x00000004   Code   RO         2236    .text.PID_GetKDDivisorPOW2  pid_regulator.o
    0x08005510   0x08005510   0x00000006   Code   RO         2200    .text.PID_GetKI     pid_regulator.o
    0x08005516   0x08005516   0x00000002   PAD
    0x08005518   0x08005518   0x00000004   Code   RO         2214    .text.PID_GetKIDivisor  pid_regulator.o
    0x0800551c   0x0800551c   0x00000004   Code   RO         2216    .text.PID_GetKIDivisorPOW2  pid_regulator.o
    0x08005520   0x08005520   0x00000006   Code   RO         2198    .text.PID_GetKP     pid_regulator.o
    0x08005526   0x08005526   0x00000002   PAD
    0x08005528   0x08005528   0x00000004   Code   RO         2210    .text.PID_GetKPDivisorPOW2  pid_regulator.o
    0x0800552c   0x0800552c   0x00000010   Code   RO         2192    .text.PID_HandleInit  pid_regulator.o
    0x0800553c   0x0800553c   0x00000004   Code   RO         2206    .text.PID_SetIntegralTerm  pid_regulator.o
    0x08005540   0x08005540   0x00000004   Code   RO         2230    .text.PID_SetKD     pid_regulator.o
    0x08005544   0x08005544   0x0000000c   Code   RO         2238    .text.PID_SetKDDivisorPOW2  pid_regulator.o
    0x08005550   0x08005550   0x00000004   Code   RO         2196    .text.PID_SetKI     pid_regulator.o
    0x08005554   0x08005554   0x00000032   Code   RO         2218    .text.PID_SetKIDivisorPOW2  pid_regulator.o
    0x08005586   0x08005586   0x00000002   PAD
    0x08005588   0x08005588   0x00000004   Code   RO         2194    .text.PID_SetKP     pid_regulator.o
    0x0800558c   0x0800558c   0x0000000c   Code   RO         2212    .text.PID_SetKPDivisorPOW2  pid_regulator.o
    0x08005598   0x08005598   0x00000004   Code   RO         2222    .text.PID_SetLowerIntegralTermLimit  pid_regulator.o
    0x0800559c   0x0800559c   0x00000004   Code   RO         2220    .text.PID_SetUpperIntegralTermLimit  pid_regulator.o
    0x080055a0   0x080055a0   0x0000011c   Code   RO         2240    .text.PI_Controller  pid_regulator.o
    0x080056bc   0x080056bc   0x0000005c   Code   RO         2252    .text.PQD_CalcElMotorPower  pqd_motor_power_measurement.o
    0x08005718   0x08005718   0x00000004   Code   RO          324    .text.PWMC_CheckOverCurrent  pwm_curr_fdbk.o
    0x0800571c   0x0800571c   0x0000003a   Code   RO          318    .text.PWMC_CurrentReadingCalibr  pwm_curr_fdbk.o
    0x08005756   0x08005756   0x00000002   PAD
    0x08005758   0x08005758   0x00000004   Code   RO          310    .text.PWMC_GetPhaseCurrents  pwm_curr_fdbk.o
    0x0800575c   0x0800575c   0x000001c6   Code   RO          312    .text.PWMC_SetPhaseVoltage  pwm_curr_fdbk.o
    0x08005922   0x08005922   0x00000002   PAD
    0x08005924   0x08005924   0x00000004   Code   RO          314    .text.PWMC_SwitchOffPWM  pwm_curr_fdbk.o
    0x08005928   0x08005928   0x00000004   Code   RO          316    .text.PWMC_SwitchOnPWM  pwm_curr_fdbk.o
    0x0800592c   0x0800592c   0x00000124   Code   RO         2529    .text.R3_2_ADCxInit  r3_2_g4xx_pwm_curr_fdbk.o
    0x08005a50   0x08005a50   0x00000050   Code   RO         2559    .text.R3_2_BRK2_IRQHandler  r3_2_g4xx_pwm_curr_fdbk.o
    0x08005aa0   0x08005aa0   0x00000022   Code   RO         2561    .text.R3_2_BRK_IRQHandler  r3_2_g4xx_pwm_curr_fdbk.o
    0x08005ac2   0x08005ac2   0x00000002   PAD
    0x08005ac4   0x08005ac4   0x0000019c   Code   RO         2535    .text.R3_2_CurrentReadingPolarization  r3_2_g4xx_pwm_curr_fdbk.o
    0x08005c60   0x08005c60   0x00000010   Code   RO         2533    .text.R3_2_GetOffsetCalib  r3_2_g4xx_pwm_curr_fdbk.o
    0x08005c70   0x08005c70   0x0000013c   Code   RO         2547    .text.R3_2_GetPhaseCurrents  r3_2_g4xx_pwm_curr_fdbk.o
    0x08005dac   0x08005dac   0x0000005a   Code   RO         2537    .text.R3_2_HFCurrentsPolarizationAB  r3_2_g4xx_pwm_curr_fdbk.o
    0x08005e06   0x08005e06   0x00000002   PAD
    0x08005e08   0x08005e08   0x00000054   Code   RO         2545    .text.R3_2_HFCurrentsPolarizationC  r3_2_g4xx_pwm_curr_fdbk.o
    0x08005e5c   0x08005e5c   0x00000692   Code   RO         2527    .text.R3_2_Init     r3_2_g4xx_pwm_curr_fdbk.o
    0x080064ee   0x080064ee   0x00000002   PAD
    0x080064f0   0x080064f0   0x00000026   Code   RO         2563    .text.R3_2_IsOverCurrentOccurred  r3_2_g4xx_pwm_curr_fdbk.o
    0x08006516   0x08006516   0x00000002   PAD
    0x08006518   0x08006518   0x00000114   Code   RO         2573    .text.R3_2_RLDetectionModeDisable  r3_2_g4xx_pwm_curr_fdbk.o
    0x0800662c   0x0800662c   0x000000d6   Code   RO         2565    .text.R3_2_RLDetectionModeEnable  r3_2_g4xx_pwm_curr_fdbk.o
    0x08006702   0x08006702   0x00000002   PAD
    0x08006704   0x08006704   0x0000008a   Code   RO         2575    .text.R3_2_RLDetectionModeSetDuty  r3_2_g4xx_pwm_curr_fdbk.o
    0x0800678e   0x0800678e   0x00000002   PAD
    0x08006790   0x08006790   0x00000054   Code   RO         2567    .text.R3_2_RLGetPhaseCurrents  r3_2_g4xx_pwm_curr_fdbk.o
    0x080067e4   0x080067e4   0x000000de   Code   RO         2571    .text.R3_2_RLSwitchOnPWM  r3_2_g4xx_pwm_curr_fdbk.o
    0x080068c2   0x080068c2   0x00000002   PAD
    0x080068c4   0x080068c4   0x00000062   Code   RO         2569    .text.R3_2_RLTurnOnLowSides  r3_2_g4xx_pwm_curr_fdbk.o
    0x08006926   0x08006926   0x00000002   PAD
    0x08006928   0x08006928   0x0000003a   Code   RO         2539    .text.R3_2_SetADCSampPointPolarization  r3_2_g4xx_pwm_curr_fdbk.o
    0x08006962   0x08006962   0x00000002   PAD
    0x08006964   0x08006964   0x00000088   Code   RO         2551    .text.R3_2_SetADCSampPointSectX  r3_2_g4xx_pwm_curr_fdbk.o
    0x080069ec   0x080069ec   0x00000016   Code   RO         2531    .text.R3_2_SetOffsetCalib  r3_2_g4xx_pwm_curr_fdbk.o
    0x08006a02   0x08006a02   0x00000002   PAD
    0x08006a04   0x08006a04   0x00000076   Code   RO         2543    .text.R3_2_SwitchOffPWM  r3_2_g4xx_pwm_curr_fdbk.o
    0x08006a7a   0x08006a7a   0x00000002   PAD
    0x08006a7c   0x08006a7c   0x000000b2   Code   RO         2541    .text.R3_2_SwitchOnPWM  r3_2_g4xx_pwm_curr_fdbk.o
    0x08006b2e   0x08006b2e   0x00000002   PAD
    0x08006b30   0x08006b30   0x0000008e   Code   RO         2557    .text.R3_2_TIMx_UP_IRQHandler  r3_2_g4xx_pwm_curr_fdbk.o
    0x08006bbe   0x08006bbe   0x00000002   PAD
    0x08006bc0   0x08006bc0   0x00000066   Code   RO         2555    .text.R3_2_TurnOnLowSides  r3_2_g4xx_pwm_curr_fdbk.o
    0x08006c26   0x08006c26   0x00000002   PAD
    0x08006c28   0x08006c28   0x00000082   Code   RO          392    .text.RCM_ExecNextConv  regular_conversion_manager.o
    0x08006caa   0x08006caa   0x00000002   PAD
    0x08006cac   0x08006cac   0x00000182   Code   RO          380    .text.RCM_ExecRegularConv  regular_conversion_manager.o
    0x08006e2e   0x08006e2e   0x00000002   PAD
    0x08006e30   0x08006e30   0x0000004e   Code   RO          386    .text.RCM_ExecUserConv  regular_conversion_manager.o
    0x08006e7e   0x08006e7e   0x00000002   PAD
    0x08006e80   0x08006e80   0x00000050   Code   RO          394    .text.RCM_ReadOngoingConv  regular_conversion_manager.o
    0x08006ed0   0x08006ed0   0x000001e2   Code   RO          378    .text.RCM_RegisterRegConv  regular_conversion_manager.o
    0x080070b2   0x080070b2   0x00000002   PAD
    0x080070b4   0x080070b4   0x0000002c   Code   RO         2293    .text.REMNG_Calc    ramp_ext_mngr.o
    0x080070e0   0x080070e0   0x00000086   Code   RO         2295    .text.REMNG_ExecRamp  ramp_ext_mngr.o
    0x08007166   0x08007166   0x00000002   PAD
    0x08007168   0x08007168   0x00000010   Code   RO         2291    .text.REMNG_Init    ramp_ext_mngr.o
    0x08007178   0x08007178   0x0000000a   Code   RO         2301    .text.REMNG_RampCompleted  ramp_ext_mngr.o
    0x08007182   0x08007182   0x00000002   PAD
    0x08007184   0x08007184   0x0000001e   Code   RO          571    .text.RI_GetIDSize  register_interface.o
    0x080071a2   0x080071a2   0x00000002   PAD
    0x080071a4   0x080071a4   0x0000016c   Code   RO          573    .text.RI_GetPtrReg  register_interface.o
    0x08007310   0x08007310   0x00000910   Code   RO          569    .text.RI_GetRegCommandParser  register_interface.o
    0x08007c20   0x08007c20   0x00000636   Code   RO          567    .text.RI_SetRegCommandParser  register_interface.o
    0x08008256   0x08008256   0x00000002   PAD
    0x08008258   0x08008258   0x00000084   Code   RO         2315    .text.RUC_Clear     revup_ctrl.o
    0x080082dc   0x080082dc   0x0000006c   Code   RO         2319    .text.RUC_Exec      revup_ctrl.o
    0x08008348   0x08008348   0x00000012   Code   RO         2329    .text.RUC_FirstAccelerationStageReached  revup_ctrl.o
    0x0800835a   0x0800835a   0x00000002   PAD
    0x0800835c   0x0800835c   0x00000006   Code   RO         2345    .text.RUC_GetNumberOfPhases  revup_ctrl.o
    0x08008362   0x08008362   0x00000002   PAD
    0x08008364   0x08008364   0x00000014   Code   RO         2347    .text.RUC_GetPhase  revup_ctrl.o
    0x08008378   0x08008378   0x00000074   Code   RO         2313    .text.RUC_Init      revup_ctrl.o
    0x080083ec   0x080083ec   0x00000014   Code   RO         2337    .text.RUC_SetPhase  revup_ctrl.o
    0x08008400   0x08008400   0x0000009e   Code   RO         2281    .text.RVBS_CalcAvVbus  r_divider_bus_voltage_sensor.o
    0x0800849e   0x0800849e   0x00000002   PAD
    0x080084a0   0x080084a0   0x0000001a   Code   RO         2279    .text.RVBS_CheckFaultState  r_divider_bus_voltage_sensor.o
    0x080084ba   0x080084ba   0x00000002   PAD
    0x080084bc   0x080084bc   0x00000060   Code   RO         2275    .text.RVBS_Clear    r_divider_bus_voltage_sensor.o
    0x0800851c   0x0800851c   0x0000001a   Code   RO         2273    .text.RVBS_Init     r_divider_bus_voltage_sensor.o
    0x08008536   0x08008536   0x00000002   PAD
    0x08008538   0x08008538   0x00000006   Code   RO         2363    .text.SPD_GetAvrgMecSpeedUnit  speed_pos_fdbk.o
    0x0800853e   0x0800853e   0x00000002   PAD
    0x08008540   0x08008540   0x00000006   Code   RO         2359    .text.SPD_GetElAngle  speed_pos_fdbk.o
    0x08008546   0x08008546   0x00000002   PAD
    0x08008548   0x08008548   0x00000006   Code   RO         2367    .text.SPD_GetInstElSpeedDpp  speed_pos_fdbk.o
    0x0800854e   0x0800854e   0x00000002   PAD
    0x08008550   0x08008550   0x00000014   Code   RO         2373    .text.SPD_GetS16Speed  speed_pos_fdbk.o
    0x08008564   0x08008564   0x00000058   Code   RO         2371    .text.SPD_IsMecSpeedReliable  speed_pos_fdbk.o
    0x080085bc   0x080085bc   0x00000054   Code   RO         2407    .text.STC_CalcTorqueReference  speed_torq_ctrl.o
    0x08008610   0x08008610   0x00000010   Code   RO         2393    .text.STC_Clear     speed_torq_ctrl.o
    0x08008620   0x08008620   0x00000096   Code   RO         2403    .text.STC_ExecRamp  speed_torq_ctrl.o
    0x080086b6   0x080086b6   0x00000002   PAD
    0x080086b8   0x080086b8   0x00000010   Code   RO         2423    .text.STC_ForceSpeedReferenceToCurrentSpeed  speed_torq_ctrl.o
    0x080086c8   0x080086c8   0x00000006   Code   RO         2419    .text.STC_GetDefaultIqdref  speed_torq_ctrl.o
    0x080086ce   0x080086ce   0x00000002   PAD
    0x080086d0   0x080086d0   0x00000006   Code   RO         2395    .text.STC_GetMecSpeedRefUnit  speed_torq_ctrl.o
    0x080086d6   0x080086d6   0x00000002   PAD
    0x080086d8   0x080086d8   0x00000006   Code   RO         2409    .text.STC_GetMecSpeedRefUnitDefault  speed_torq_ctrl.o
    0x080086de   0x080086de   0x00000002   PAD
    0x080086e0   0x080086e0   0x00000004   Code   RO         2391    .text.STC_GetSpeedSensor  speed_torq_ctrl.o
    0x080086e4   0x080086e4   0x00000006   Code   RO         2397    .text.STC_GetTorqueRef  speed_torq_ctrl.o
    0x080086ea   0x080086ea   0x00000002   PAD
    0x080086ec   0x080086ec   0x0000002a   Code   RO         2387    .text.STC_Init      speed_torq_ctrl.o
    0x08008716   0x08008716   0x00000002   PAD
    0x08008718   0x08008718   0x00000008   Code   RO         2399    .text.STC_SetControlMode  speed_torq_ctrl.o
    0x08008720   0x08008720   0x00000004   Code   RO         2389    .text.STC_SetSpeedSensor  speed_torq_ctrl.o
    0x08008724   0x08008724   0x00000008   Code   RO         2405    .text.STC_StopRamp  speed_torq_ctrl.o
    0x0800872c   0x0800872c   0x0000000a   Code   RO         2461    .text.STO_OTF_ResetPLL  sto_pll_speed_pos_fdbk.o
    0x08008736   0x08008736   0x00000002   PAD
    0x08008738   0x08008738   0x0000004c   Code   RO         2443    .text.STO_PLL_CalcAvrgElSpeedDpp  sto_pll_speed_pos_fdbk.o
    0x08008784   0x08008784   0x00000228   Code   RO         2441    .text.STO_PLL_CalcAvrgMecSpeedUnit  sto_pll_speed_pos_fdbk.o
    0x080089ac   0x080089ac   0x000001be   Code   RO         2439    .text.STO_PLL_CalcElAngle  sto_pll_speed_pos_fdbk.o
    0x08008b6a   0x08008b6a   0x00000002   PAD
    0x08008b6c   0x08008b6c   0x00000048   Code   RO         2435    .text.STO_PLL_Clear  sto_pll_speed_pos_fdbk.o
    0x08008bb4   0x08008bb4   0x0000000a   Code   RO         2477    .text.STO_PLL_ForceConvergency1  sto_pll_speed_pos_fdbk.o
    0x08008bbe   0x08008bbe   0x00000002   PAD
    0x08008bc0   0x08008bc0   0x0000000a   Code   RO         2479    .text.STO_PLL_ForceConvergency2  sto_pll_speed_pos_fdbk.o
    0x08008bca   0x08008bca   0x00000002   PAD
    0x08008bcc   0x08008bcc   0x00000004   Code   RO         2447    .text.STO_PLL_GetEstimatedBemf  sto_pll_speed_pos_fdbk.o
    0x08008bd0   0x08008bd0   0x00000006   Code   RO         2467    .text.STO_PLL_GetEstimatedBemfLevel  sto_pll_speed_pos_fdbk.o
    0x08008bd6   0x08008bd6   0x00000002   PAD
    0x08008bd8   0x08008bd8   0x00000012   Code   RO         2449    .text.STO_PLL_GetEstimatedCurrent  sto_pll_speed_pos_fdbk.o
    0x08008bea   0x08008bea   0x00000002   PAD
    0x08008bec   0x08008bec   0x00000006   Code   RO         2469    .text.STO_PLL_GetObservedBemfLevel  sto_pll_speed_pos_fdbk.o
    0x08008bf2   0x08008bf2   0x00000002   PAD
    0x08008bf4   0x08008bf4   0x0000000a   Code   RO         2451    .text.STO_PLL_GetObserverGains  sto_pll_speed_pos_fdbk.o
    0x08008bfe   0x08008bfe   0x00000002   PAD
    0x08008c00   0x08008c00   0x000000d4   Code   RO         2433    .text.STO_PLL_Init  sto_pll_speed_pos_fdbk.o
    0x08008cd4   0x08008cd4   0x000000c8   Code   RO         2445    .text.STO_PLL_IsObserverConverged  sto_pll_speed_pos_fdbk.o
    0x08008d9c   0x08008d9c   0x00000008   Code   RO         2475    .text.STO_PLL_IsVarianceTight  sto_pll_speed_pos_fdbk.o
    0x08008da4   0x08008da4   0x00000006   Code   RO         2453    .text.STO_PLL_SetObserverGains  sto_pll_speed_pos_fdbk.o
    0x08008daa   0x08008daa   0x00000002   PAD
    0x08008dac   0x08008dac   0x00000008   Code   RO         2463    .text.STO_ResetPLL  sto_pll_speed_pos_fdbk.o
    0x08008db4   0x08008db4   0x00000026   Code   RO          547    .text.SysTick_Handler  stm32g4xx_mc_it.o
    0x08008dda   0x08008dda   0x00000002   PAD
    0x08008ddc   0x08008ddc   0x00000012   Code   RO         2084    .text.SystemInit    system_stm32g4xx.o
    0x08008dee   0x08008dee   0x00000002   PAD
    0x08008df0   0x08008df0   0x00000052   Code   RO          539    .text.TIM1_BRK_TIM15_IRQHandler  stm32g4xx_mc_it.o
    0x08008e42   0x08008e42   0x00000002   PAD
    0x08008e44   0x08008e44   0x0000001a   Code   RO          537    .text.TIM1_UP_TIM16_IRQHandler  stm32g4xx_mc_it.o
    0x08008e5e   0x08008e5e   0x00000002   PAD
    0x08008e60   0x08008e60   0x0000000c   Code   RO          736    .text.TIM2_IRQHandler  stm32g4xx_it.o
    0x08008e6c   0x08008e6c   0x0000010a   Code   RO         1531    .text.TIM_Base_SetConfig  stm32g4xx_hal_tim.o
    0x08008f76   0x08008f76   0x00000002   PAD
    0x08008f78   0x08008f78   0x0000015c   Code   RO         1713    .text.TIM_SlaveTimer_SetConfig  stm32g4xx_hal_tim.o
    0x080090d4   0x080090d4   0x00000012   Code   RO          274    .text.TSK_ChargeBootCapDelayHasElapsedM1  mc_tasks.o
    0x080090e6   0x080090e6   0x00000002   PAD
    0x080090e8   0x080090e8   0x00000024   Code   RO          288    .text.TSK_HardwareFaultTask  mc_tasks.o
    0x0800910c   0x0800910c   0x000001a4   Code   RO          282    .text.TSK_HighFrequencyTask  mc_tasks.o
    0x080092b0   0x080092b0   0x000003ac   Code   RO          270    .text.TSK_MediumFrequencyTaskM1  mc_tasks.o
    0x0800965c   0x0800965c   0x00000020   Code   RO          264    .text.TSK_SafetyTask  mc_tasks.o
    0x0800967c   0x0800967c   0x000000ac   Code   RO          284    .text.TSK_SafetyTask_PWMOFF  mc_tasks.o
    0x08009728   0x08009728   0x0000000c   Code   RO          272    .text.TSK_SetChargeBootCapDelayM1  mc_tasks.o
    0x08009734   0x08009734   0x0000000c   Code   RO          268    .text.TSK_SetStopPermanencyTimeM1  mc_tasks.o
    0x08009740   0x08009740   0x00000012   Code   RO          280    .text.TSK_StopPermanencyTimeHasElapsedM1  mc_tasks.o
    0x08009752   0x08009752   0x00000002   PAD
    0x08009754   0x08009754   0x000000e8   Code   RO         1907    .text.UART_AdvFeatureConfig  stm32g4xx_hal_uart.o
    0x0800983c   0x0800983c   0x000002b0   Code   RO         1905    .text.UART_SetConfig  stm32g4xx_hal_uart.o
    0x08009aec   0x08009aec   0x00000214   Code   RO         1923    .text.UART_WaitOnFlagUntilTimeout  stm32g4xx_hal_uart.o
    0x08009d00   0x08009d00   0x00000048   Code   RO          620    .text.UASPEP_IDLE_ENABLE  usart_aspep_driver.o
    0x08009d48   0x08009d48   0x0000014c   Code   RO          610    .text.UASPEP_INIT   usart_aspep_driver.o
    0x08009e94   0x08009e94   0x00000040   Code   RO          618    .text.UASPEP_RECEIVE_BUFFER  usart_aspep_driver.o
    0x08009ed4   0x08009ed4   0x0000003a   Code   RO          616    .text.UASPEP_SEND_PACKET  usart_aspep_driver.o
    0x08009f0e   0x08009f0e   0x00000002   PAD
    0x08009f10   0x08009f10   0x00000018   Code   RO          290    .text.UI_HandleStartStopButton_cb  mc_tasks.o
    0x08009f28   0x08009f28   0x000001e6   Code   RO          543    .text.USART2_IRQHandler  stm32g4xx_mc_it.o
    0x0800a10e   0x0800a10e   0x00000002   PAD
    0x0800a110   0x0800a110   0x0000000a   Code   RO         2103    .text.VBS_GetAvBusVoltage_V  bus_voltage_sensor.o
    0x0800a11a   0x0800a11a   0x00000002   PAD
    0x0800a11c   0x0800a11c   0x00000004   Code   RO         2101    .text.VBS_GetAvBusVoltage_d  bus_voltage_sensor.o
    0x0800a120   0x0800a120   0x00000090   Code   RO         2499    .text.VSS_CalcAvrgMecSpeedUnit  virtual_speed_sensor.o
    0x0800a1b0   0x0800a1b0   0x000000aa   Code   RO         2497    .text.VSS_CalcElAngle  virtual_speed_sensor.o
    0x0800a25a   0x0800a25a   0x00000002   PAD
    0x0800a25c   0x0800a25c   0x0000001a   Code   RO         2495    .text.VSS_Clear     virtual_speed_sensor.o
    0x0800a276   0x0800a276   0x00000002   PAD
    0x0800a278   0x0800a278   0x00000004   Code   RO         2493    .text.VSS_Init      virtual_speed_sensor.o
    0x0800a27c   0x0800a27c   0x00000094   Code   RO         2503    .text.VSS_SetMecAcceleration  virtual_speed_sensor.o
    0x0800a310   0x0800a310   0x0000000e   Code   RO         2501    .text.VSS_SetMecAngle  virtual_speed_sensor.o
    0x0800a31e   0x0800a31e   0x00000002   PAD
    0x0800a320   0x0800a320   0x00000022   Code   RO         2509    .text.VSS_SetStartTransition  virtual_speed_sensor.o
    0x0800a342   0x0800a342   0x00000002   PAD
    0x0800a344   0x0800a344   0x00000006   Code   RO         2513    .text.VSS_TransitionEnded  virtual_speed_sensor.o
    0x0800a34a   0x0800a34a   0x00000002   PAD
    0x0800a34c   0x0800a34c   0x0000006c   Code   RO         2297    .text.getScalingFactor  ramp_ext_mngr.o
    0x0800a3b8   0x0800a3b8   0x0000027a   Code   RO           19    .text.main          main.o
    0x0800a632   0x0800a632   0x00000002   PAD
    0x0800a634   0x0800a634   0x00000128   Code   RO          292    .text.mc_lock_pins  mc_tasks.o
    0x0800a75c   0x0800a75c   0x00000072   Code   RO         2261    .text.startTimers   pwm_common.o
    0x0800a7ce   0x0800a7ce   0x00000002   PAD
    0x0800a7d0   0x0800a7d0   0x0000004c   Code   RO         2263    .text.waitForPolarizationEnd  pwm_common.o
    0x0800a81c   0x0800a81c   0x0000000e   Code   RO         2661    i.__scatterload_copy  mc_w.l(handlers.o)
    0x0800a82a   0x0800a82a   0x00000002   Code   RO         2662    i.__scatterload_null  mc_w.l(handlers.o)
    0x0800a82c   0x0800a82c   0x0000000e   Code   RO         2663    i.__scatterload_zeroinit  mc_w.l(handlers.o)
    0x0800a83a   0x0800a83a   0x00000010   Data   RO         2089    .rodata.AHBPrescTable  system_stm32g4xx.o
    0x0800a84a   0x0800a84a   0x00000008   Data   RO         2090    .rodata.APBPrescTable  system_stm32g4xx.o
    0x0800a852   0x0800a852   0x00000006   Data   RO          622    .rodata.CHANNEL_OFFSET_TAB  usart_aspep_driver.o
    0x0800a858   0x0800a858   0x00000100   Data   RO          686    .rodata.CRC4_Lookup8  aspep.o
    0x0800a958   0x0800a958   0x00000010   Data   RO          648    .rodata.CTL_BOARD   mc_configuration_registers.o
    0x0800a968   0x0800a968   0x00000018   Data   RO          649    .rodata.FIRMWARE_NAME  mc_configuration_registers.o
    0x0800a980   0x0800a980   0x0000000e   Data   RO          657    .rodata.M1_ApplicationConfig_reg  mc_configuration_registers.o
    0x0800a98e   0x0800a98e   0x0000000e   Data   RO          654    .rodata.M1_FOCConfig_reg  mc_configuration_registers.o
    0x0800a99c   0x0800a99c   0x0000003c   Data   RO          651    .rodata.M1_MotorConfig_reg  mc_configuration_registers.o
    0x0800a9d8   0x0800a9d8   0x00000011   Data   RO          652    .rodata.M1_PWR_BOARD  mc_configuration_registers.o
    0x0800a9e9   0x0800a9e9   0x00000003   PAD
    0x0800a9ec   0x0800a9ec   0x000000cc   Data   RO          561    .rodata.R3_2_ParamsM1  mc_parameters.o
    0x0800aab8   0x0800aab8   0x00000018   Data   RO         2035    .rodata.UARTPrescTable  stm32g4xx_hal_uart.o
    0x0800aad0   0x0800aad0   0x00000010   Data   RO          687    .rodata.cst16       aspep.o
    0x0800aae0   0x0800aae0   0x00000010   Data   RO         2036    .rodata.cst16       stm32g4xx_hal_uart.o
    0x0800aaf0   0x0800aaf0   0x00000010   Data   RO         2075    .rodata.cst8        stm32g4xx_hal_uart_ex.o
    0x0800ab00   0x0800ab00   0x0000000a   Data   RO          650    .rodata.globalConfig_reg  mc_configuration_registers.o
    0x0800ab0a   0x0800ab0a   0x00000002   PAD
    0x0800ab0c   0x0800ab0c   0x00000020   Data   RO         2660    Region$$Table       anon$$obj.o


    Execution Region RW_IRAM1 (Exec base: 0x20000000, Load base: 0x0800ab30, Size: 0x00002128, Max: 0x00008000, ABSOLUTE, COMPRESSED[0x000001e0])

    Exec Addr    Load Addr    Size         Type   Attr      Idx    E Section Name        Object

    0x20000000   COMPRESSED   0x00000008   Data   RW          954    .data..L_MergedGlobals  stm32g4xx_hal.o
    0x20000008   COMPRESSED   0x00000004   Data   RW          658    .data.ApplicationConfig_reg  mc_configuration_registers.o
    0x2000000c   COMPRESSED   0x00000028   Data   RW          224    .data.BusVoltageSensor_M1  mc_config.o
    0x20000034   COMPRESSED   0x000000b4   Data   RW          226    .data.CircleLimitationM1  mc_config.o
    0x200000e8   COMPRESSED   0x00000004   Data   RW          655    .data.FOCConfig_reg  mc_configuration_registers.o
    0x200000ec   COMPRESSED   0x0000002c   Data   RW          249    .data.MCPA_UART_A   mcp_config.o
    0x20000118   COMPRESSED   0x00000010   Data   RW          244    .data.MCP_Over_UartA  mcp_config.o
    0x20000128   COMPRESSED   0x00000004   Data   RW          656    .data.MotorConfig_reg  mc_configuration_registers.o
    0x2000012c   COMPRESSED   0x0000002c   Data   RW          215    .data.PIDIdHandle_M1  mc_config.o
    0x20000158   COMPRESSED   0x0000002c   Data   RW          214    .data.PIDIqHandle_M1  mc_config.o
    0x20000184   COMPRESSED   0x0000002c   Data   RW          213    .data.PIDSpeedHandle_M1  mc_config.o
    0x200001b0   COMPRESSED   0x00000114   Data   RW          212    .data.PQD_MotorPowMeasM1  mc_config.o
    0x200002c4   COMPRESSED   0x00000098   Data   RW          218    .data.PWM_Handle_M1  mc_config.o
    0x2000035c   COMPRESSED   0x00000004   Data   RW          653    .data.PWR_BOARD_NAME  mc_configuration_registers.o
    0x20000360   COMPRESSED   0x00000018   Data   RW          225    .data.RampExtMngrHFParamsM1  mc_config.o
    0x20000378   COMPRESSED   0x00000078   Data   RW          217    .data.RevUpControlM1  mc_config.o
    0x200003f0   COMPRESSED   0x00000014   Data   RW          221    .data.STO_M1        mc_config.o
    0x20000404   COMPRESSED   0x00000128   Data   RW          220    .data.STO_PLL_M1    mc_config.o
    0x2000052c   COMPRESSED   0x00000034   Data   RW          216    .data.SpeednTorqCtrlM1  mc_config.o
    0x20000560   COMPRESSED   0x00000001   Data   RW          551    .data.SysTick_Handler.SystickDividerCounter  stm32g4xx_mc_it.o
    0x20000561   COMPRESSED   0x00000003   PAD
    0x20000564   COMPRESSED   0x00000004   Data   RW         2088    .data.SystemCoreClock  system_stm32g4xx.o
    0x20000568   COMPRESSED   0x00000028   Data   RW          222    .data.TempSensor_M1  mc_config.o
    0x20000590   COMPRESSED   0x00000014   Data   RW          238    .data.UASPEP_A      mcp_config.o
    0x200005a4   COMPRESSED   0x00000038   Data   RW          219    .data.VirtualSpeedSensorM1  mc_config.o
    0x200005dc   COMPRESSED   0x00000074   Data   RW          243    .data.aspepOverUartA  mcp_config.o
    0x20000650   COMPRESSED   0x00000004   Data   RW          231    .data.pMPM          mc_config.o
    0x20000654   COMPRESSED   0x00000004   Data   RW          229    .data.pPIDId        mc_config.o
    0x20000658   COMPRESSED   0x00000004   Data   RW          228    .data.pPIDIq        mc_config.o
    0x2000065c   COMPRESSED   0x00000004   Data   RW          227    .data.pSTC          mc_config.o
    0x20000660   COMPRESSED   0x00000004   Data   RW          230    .data.pTemperatureSensor  mc_config.o
    0x20000664   COMPRESSED   0x00000004   PAD
    0x20000668        -       0x00000018   Zero   RW           30    .bss..L_MergedGlobals  main.o
    0x20000680        -       0x0000003a   Zero   RW          295    .bss..L_MergedGlobals  mc_tasks.o
    0x200006ba   COMPRESSED   0x00000002   PAD
    0x200006bc        -       0x00000050   Zero   RW          396    .bss..L_MergedGlobals  regular_conversion_manager.o
    0x2000070c        -       0x00000004   Zero   RW          552    .bss..L_MergedGlobals  stm32g4xx_mc_it.o
    0x20000710        -       0x0000000c   Zero   RW          639    .bss.DAC_Handle     dac_ui.o
    0x2000071c        -       0x00000004   Zero   RW         2605    .bss.GLOBAL_TIMESTAMP  mcpa.o
    0x20000720        -       0x00000004   Zero   RW           58    .bss.HAL_RCC_ADC12_CLK_ENABLED  adc.o
    0x20000724        -       0x00000001   Zero   RW           28    .bss.HAL_TIM_PeriodElapsedCallback.ledState  main.o
    0x20000725        -       0x00000806   Zero   RW          241    .bss.MCPAsyncBuffUARTA_A  mcp_config.o
    0x20000f2b        -       0x00000806   Zero   RW          242    .bss.MCPAsyncBuffUARTA_B  mcp_config.o
    0x20001731        -       0x00000102   Zero   RW          239    .bss.MCPSyncRXBuff  mcp_config.o
    0x20001833        -       0x00000106   Zero   RW          240    .bss.MCPSyncTxBuff  mcp_config.o
    0x20001939   COMPRESSED   0x00000003   PAD
    0x2000193c        -       0x00000008   Zero   RW          250    .bss.MCP_UserCallBack  mcp_config.o
    0x20001944        -       0x00000020   Zero   RW          232    .bss.Mci            mc_config.o
    0x20001964        -       0x00000002   Zero   RW          575    .bss.RI_GetPtrReg.nullData16  register_interface.o
    0x20001966        -       0x0000000c   Zero   RW          223    .bss.RealBusVoltageSensorFilterBufferM1  mc_config.o
    0x20001972   COMPRESSED   0x00000002   PAD
    0x20001974        -       0x00000028   Zero   RW          245    .bss.dataPtrTableA  mcp_config.o
    0x2000199c        -       0x00000028   Zero   RW          246    .bss.dataPtrTableBuffA  mcp_config.o
    0x200019c4        -       0x0000000a   Zero   RW          247    .bss.dataSizeTableA  mcp_config.o
    0x200019ce        -       0x0000000a   Zero   RW          248    .bss.dataSizeTableBuffA  mcp_config.o
    0x200019d8        -       0x0000006c   Zero   RW           56    .bss.hadc1          adc.o
    0x20001a44        -       0x0000006c   Zero   RW           57    .bss.hadc2          adc.o
    0x20001ab0        -       0x00000028   Zero   RW           73    .bss.hcordic        cordic.o
    0x20001ad8        -       0x00000014   Zero   RW           88    .bss.hdac1          dac.o
    0x20001aec        -       0x00000060   Zero   RW          726    .bss.hdma_usart2_rx  usart.o
    0x20001b4c        -       0x00000060   Zero   RW          727    .bss.hdma_usart2_tx  usart.o
    0x20001bac        -       0x0000004c   Zero   RW          708    .bss.htim1          tim.o
    0x20001bf8        -       0x0000004c   Zero   RW          709    .bss.htim2          tim.o
    0x20001c44        -       0x0000004c   Zero   RW          710    .bss.htim3          tim.o
    0x20001c90        -       0x00000090   Zero   RW          725    .bss.huart2         usart.o
    0x20001d20        -       0x00000004   Zero   RW          107    .bss.pMCI           motorcontrol.o
    0x20001d24        -       0x00000004   Zero   RW          953    .bss.uwTick         stm32g4xx_hal.o
    0x20001d28        -       0x00000400   Zero   RW            1    STACK               startup_stm32g431xx.o


==============================================================================

Image component sizes


      Code (inc. data)   RO Data    RW Data    ZI Data      Debug   Object Name

       894          0          0          0        220       8587   adc.o
      2306          0        272          0          0      15717   aspep.o
        14          0          0          0          0       1676   bus_voltage_sensor.o
        78          0          0          0          0       1935   circle_limitation.o
        84          0          0          0         40       4327   cordic.o
       190          0          0          0         20       5814   dac.o
        92          0          0          0         12       2883   dac_ui.o
        50          0          0          0          0       1540   dma.o
       200          0          0          0          0       2385   gpio.o
       724          0          0          0         25      10629   main.o
        92          0          0          0          0      13495   mc_api.o
         0          0          0       1408         44      15723   mc_config.o
         0          0        155         16          0       2179   mc_configuration_registers.o
       556          0          0          0          0      18263   mc_interface.o
       300          0          0          0          0       3893   mc_math.o
         0          0        204          0          0       4592   mc_parameters.o
      2624         22          0          0         58      14541   mc_tasks.o
       504        196          0          0          0       7870   mcp.o
         0          0          0        196       4736       4364   mcp_config.o
      1240          0          0          0          4       4957   mcpa.o
       284          0          0          0          0       2083   motor_power_measurement.o
        64          0          0          0          4       7832   motorcontrol.o
       164          0          0          0          0       3900   ntc_temperature_sensor.o
       432          8          0          0          0       6577   pid_regulator.o
        92          0          0          0          0       2473   pqd_motor_power_measurement.o
       190          0          0          0          0       3994   pwm_common.o
       528          0          0          0          0       9494   pwm_curr_fdbk.o
      4832          0          0          0          0      34508   r3_2_g4xx_pwm_curr_fdbk.o
       306          0          0          0          0       5010   r_divider_bus_voltage_sensor.o
       312          0          0          0          0       3301   ramp_ext_mngr.o
      4304        524          0          0          2      23788   register_interface.o
      1156          0          0          0         80       8211   regular_conversion_manager.o
       420          0          0          0          0      13201   revup_ctrl.o
       126          0          0          0          0       3531   speed_pos_fdbk.o
       356          0          0          0          0       6931   speed_torq_ctrl.o
        36          8        472          0       1024        812   startup_stm32g431xx.o
       186          0          0          8          4       8588   stm32g4xx_hal.o
      1522          0          0          0          0      25338   stm32g4xx_hal_adc.o
      1332          0          0          0          0      22589   stm32g4xx_hal_adc_ex.o
        52          0          0          0          0      11942   stm32g4xx_hal_cordic.o
       200          0          0          0          0      10271   stm32g4xx_hal_cortex.o
       528          0          0          0          0       9435   stm32g4xx_hal_dac.o
       298          0          0          0          0       9325   stm32g4xx_hal_dma.o
       486          0          0          0          0       5662   stm32g4xx_hal_gpio.o
        64          0          0          0          0       1718   stm32g4xx_hal_msp.o
       332          0          0          0          0       9875   stm32g4xx_hal_pwr_ex.o
      2224          0          0          0          0       9896   stm32g4xx_hal_rcc.o
       618          0          0          0          0      10921   stm32g4xx_hal_rcc_ex.o
      3070         12          0          0          0      60334   stm32g4xx_hal_tim.o
       586         16          0          0          0      30019   stm32g4xx_hal_tim_ex.o
      1654         48         40          0          0      41359   stm32g4xx_hal_uart.o
       334          0         16          0          0      11282   stm32g4xx_hal_uart_ex.o
        12          0          0          0          0       4193   stm32g4xx_it.o
       772          0          0          1          4      14313   stm32g4xx_mc_it.o
      1654          0          0          0          0      15214   sto_pll_speed_pos_fdbk.o
        18          0         24          4          0       2740   system_stm32g4xx.o
       924          0          0          0        228      10604   tim.o
       384          0          0          0        336       8345   usart.o
       526          0          6          0          0       7264   usart_aspep_driver.o
       546          0          0          0          0       5684   virtual_speed_sensor.o

    ----------------------------------------------------------------------
     42188        834       1226       1636       6852     627927   Object Totals
         0          0         32          0          0          0   (incl. Generated)
       316          0          5          3         11          0   (incl. Padding)

    ----------------------------------------------------------------------

      Code (inc. data)   RO Data    RW Data    ZI Data      Debug   Library Member Name

        86          0          0          0          0          0   __dczerorl2.o
         0          0          0          0          0          0   entry.o
         0          0          0          0          0          0   entry10a.o
         0          0          0          0          0          0   entry11a.o
         8          4          0          0          0          0   entry2.o
         4          0          0          0          0          0   entry5.o
         0          0          0          0          0          0   entry7b.o
         0          0          0          0          0          0   entry8b.o
         8          4          0          0          0          0   entry9a.o
        30          0          0          0          0          0   handlers.o
        36          8          0          0          0         68   init.o
        30          0          0          0          0         68   llshl.o
        32          0          0          0          0         68   llushr.o
        36          0          0          0          0         68   memcpya.o
        36          0          0          0          0        108   memseta.o
        98          0          0          0          0         92   uldiv.o

    ----------------------------------------------------------------------
       406         16          0          0          0        472   Library Totals
         2          0          0          0          0          0   (incl. Padding)

    ----------------------------------------------------------------------

      Code (inc. data)   RO Data    RW Data    ZI Data      Debug   Library Name

       404         16          0          0          0        472   mc_w.l

    ----------------------------------------------------------------------
       406         16          0          0          0        472   Library Totals

    ----------------------------------------------------------------------

==============================================================================


      Code (inc. data)   RO Data    RW Data    ZI Data      Debug   

     42594        850       1226       1636       6852     627447   Grand Totals
     42594        850       1226        480       6852     627447   ELF Image Totals (compressed)
     42594        850       1226        480          0          0   ROM Totals

==============================================================================

    Total RO  Size (Code + RO Data)                43820 (  42.79kB)
    Total RW  Size (RW Data + ZI Data)              8488 (   8.29kB)
    Total ROM Size (Code + RO Data + RW Data)      44300 (  43.26kB)

==============================================================================

