<html>
<body>
<pre>
<h1>µVision Build Log</h1>
<h2>Tool Versions:</h2>
IDE-Version: ¦ÌVision V5.35.0.0
Copyright (C) 2021 ARM Ltd and ARM Germany GmbH. All rights reserved.
License Information:  ,  , LIC=14HV2-9LFN3-MMI9I-T58QE-LS242-H1YLM
 
Tool Versions:
Toolchain:       MDK-ARM Plus  Version: 5.35.0.2
Toolchain Path:  D:\Stm32\KEIL\ARM\ARMCC\Bin
C Compiler:      Armcc.exe V5.06 update 7 (build 960)
Assembler:       Armasm.exe V5.06 update 7 (build 960)
Linker/Locator:  ArmLink.exe V5.06 update 7 (build 960)
Library Manager: ArmAr.exe V5.06 update 7 (build 960)
Hex Converter:   FromElf.exe V5.06 update 7 (build 960)
CPU DLL:         SARMCM3.DLL V5.35.0.2
Dialog DLL:      DCM.DLL V1.17.3.0
Target DLL:      STLink\ST-LINKIII-KEIL_SWO.dll V3.0.9.0
Dialog DLL:      TCM.DLL V1.53.0.0
 
<h2>Project:</h2>
D:\Stm32\Project\MCSDK01\MCSDK01\MDK-ARM\MCSDK01.uvprojx
Project File Date:  04/26/2023

<h2>Output:</h2>
*** Using Compiler 'V5.06 update 7 (build 960)', folder: 'D:\Stm32\KEIL\ARM\ARMCC\Bin'
Rebuild target 'MCSDK01'
assembling startup_stm32g431xx.s...
compiling mcp_config.c...
compiling pwm_curr_fdbk.c...
compiling mc_api.c...
compiling gpio.c...
compiling dma.c...
compiling dac.c...
compiling regular_conversion_manager.c...
compiling cordic.c...
compiling main.c...
compiling mc_config.c...
compiling mc_tasks.c...
compiling adc.c...
compiling mc_interface.c...
compiling mc_math.c...
compiling motorcontrol.c...
compiling stm32g4xx_ll_adc.c...
compiling stm32g4xx_hal.c...
compiling stm32g4xx_mc_it.c...
compiling stm32g4xx_hal_adc.c...
compiling stm32g4xx_hal_adc_ex.c...
compiling usart_aspep_driver.c...
compiling aspep.c...
compiling stm32g4xx_hal_rcc_ex.c...
compiling stm32g4xx_hal_rcc.c...
compiling stm32g4xx_hal_flash.c...
compiling stm32g4xx_hal_flash_ex.c...
compiling stm32g4xx_it.c...
compiling register_interface.c...
compiling mc_parameters.c...
compiling stm32g4xx_hal_pwr.c...
compiling stm32g4xx_hal_msp.c...
compiling stm32g4xx_hal_dma_ex.c...
compiling stm32g4xx_hal_cortex.c...
compiling dac_ui.c...
compiling stm32g4xx_hal_cordic.c...
compiling tim.c...
compiling stm32g4xx_hal_flash_ramfunc.c...
compiling stm32g4xx_hal_dma.c...
compiling stm32g4xx_hal_gpio.c...
compiling mc_perf.c...
compiling mc_configuration_registers.c...
compiling usart.c...
compiling stm32g4xx_hal_pwr_ex.c...
compiling stm32g4xx_hal_exti.c...
compiling stm32g4xx_hal_dac_ex.c...
compiling stm32g4xx_hal_tim_ex.c...
compiling stm32g4xx_hal_dac.c...
compiling stm32g4xx_hal_uart.c...
compiling stm32g4xx_hal_uart_ex.c...
compiling system_stm32g4xx.c...
compiling stm32g4xx_hal_tim.c...
compiling open_loop.c...
compiling pid_regulator.c...
compiling revup_ctrl.c...
compiling motor_power_measurement.c...
compiling ntc_temperature_sensor.c...
compiling bus_voltage_sensor.c...
compiling speed_pos_fdbk.c...
compiling circle_limitation.c...
compiling pqd_motor_power_measurement.c...
compiling pwm_common.c...
compiling digital_output.c...
compiling speed_torq_ctrl.c...
compiling ramp_ext_mngr.c...
compiling sto_pll_speed_pos_fdbk.c...
compiling r_divider_bus_voltage_sensor.c...
compiling virtual_speed_sensor.c...
compiling mcp.c...
compiling mcpa.c...
compiling r3_2_g4xx_pwm_curr_fdbk.c...
linking...
Program Size: Code=36432 RO-data=1240 RW-data=1700 ZI-data=7220  
FromELF: creating hex file...
"MCSDK01\MCSDK01.axf" - 0 Error(s), 0 Warning(s).

<h2>Software Packages used:</h2>

Package Vendor: ARM
                http://www.keil.com/pack/ARM.CMSIS.5.8.0.pack
                ARM.CMSIS.5.8.0
                CMSIS (Common Microcontroller Software Interface Standard)
   * Component: CORE Version: 5.5.0

Package Vendor: Keil
                http://www.keil.com/pack/Keil.STM32G4xx_DFP.1.4.0.pack
                Keil.STM32G4xx_DFP.1.4.0
                STMicroelectronics STM32G4 Series Device Support, Drivers and Examples

<h2>Collection of Component include folders:</h2>
  .\RTE\_MCSDK01
  D:\Stm32\KEIL\Arm\Packs\ARM\CMSIS\5.8.0\CMSIS\Core\Include
  D:\Stm32\KEIL\Arm\Packs\Keil\STM32G4xx_DFP\1.4.0\Drivers\CMSIS\Device\ST\STM32G4xx\Include

<h2>Collection of Component Files used:</h2>

   * Component: ARM::CMSIS:CORE:5.5.0
Build Time Elapsed:  00:00:45
</pre>
</body>
</html>
