<html>
<body>
<pre>
<h1>µVision Build Log</h1>
<h2>Tool Versions:</h2>
IDE-Version: ¦ÌVision V5.35.0.0
Copyright (C) 2021 ARM Ltd and ARM Germany GmbH. All rights reserved.
License Information:  ,  , LIC=14HV2-9LFN3-MMI9I-T58QE-LS242-H1YLM
 
Tool Versions:
Toolchain:       MDK-ARM Plus  Version: 5.35.0.2
Toolchain Path:  D:\Stm32\KEIL\ARM\ARMCLANG\Bin
C Compiler:      ArmClang.exe V6.16
Assembler:       Armasm.exe V6.16
Linker/Locator:  ArmLink.exe V6.16
Library Manager: ArmAr.exe V6.16
Hex Converter:   FromElf.exe V6.16
CPU DLL:         SARMCM3.DLL V5.35.0.2
Dialog DLL:      DCM.DLL V1.17.3.0
Target DLL:      STLink\ST-LINKIII-KEIL_SWO.dll V3.0.9.0
Dialog DLL:      TCM.DLL V1.53.0.0
 
<h2>Project:</h2>
D:\Stm32\Project\05\MDK-ARM\05.uvprojx
Project File Date:  04/25/2023

<h2>Output:</h2>
*** Using Compiler 'V6.16', folder: 'D:\Stm32\KEIL\ARM\ARMCLANG\Bin'
Build target '05'
assembling startup_stm32g431xx.s...
compiling dma.c...
compiling stm32g4xx_hal_msp.c...
compiling gpio.c...
compiling main.c...
compiling stm32g4xx_it.c...
compiling adc.c...
compiling usart.c...
compiling stm32g4xx_hal.c...
compiling stm32g4xx_hal_flash.c...
compiling tim.c...
compiling stm32g4xx_hal_rcc.c...
compiling stm32g4xx_hal_adc_ex.c...
compiling stm32g4xx_hal_adc.c...
compiling stm32g4xx_hal_rcc_ex.c...
compiling stm32g4xx_hal_flash_ramfunc.c...
compiling stm32g4xx_hal_flash_ex.c...
compiling stm32g4xx_hal_gpio.c...
compiling stm32g4xx_hal_exti.c...
compiling stm32g4xx_hal_dma_ex.c...
compiling stm32g4xx_hal_pwr.c...
compiling stm32g4xx_hal_dma.c...
compiling stm32g4xx_hal_cortex.c...
compiling system_stm32g4xx.c...
compiling stm32g4xx_hal_pwr_ex.c...
../user/foc.c(88): warning: implicitly declaring library function 'printf' with type 'int (const char *, ...)' [-Wimplicit-function-declaration]
        printf("%d\r\n",Local_Vector_Components1.hSin);
        ^
../user/foc.c(88): note: include the header <stdio.h> or explicitly provide a declaration for 'printf'
1 warning generated.
compiling foc.c...
compiling stm32g4xx_hal_uart_ex.c...
compiling stm32g4xx_hal_tim_ex.c...
compiling stm32g4xx_hal_uart.c...
compiling stm32g4xx_hal_tim.c...
linking...
Program Size: Code=20468 RO-data=1096 RW-data=16 ZI-data=1512  
FromELF: creating hex file...
"05\05.axf" - 0 Error(s), 1 Warning(s).

<h2>Software Packages used:</h2>

Package Vendor: ARM
                http://www.keil.com/pack/ARM.CMSIS.5.8.0.pack
                ARM.CMSIS.5.8.0
                CMSIS (Common Microcontroller Software Interface Standard)
   * Component: CORE Version: 5.5.0

Package Vendor: Keil
                http://www.keil.com/pack/Keil.STM32G4xx_DFP.1.4.0.pack
                Keil.STM32G4xx_DFP.1.4.0
                STMicroelectronics STM32G4 Series Device Support, Drivers and Examples

<h2>Collection of Component include folders:</h2>
  .\RTE\_05
  D:\Stm32\KEIL\Arm\Packs\ARM\CMSIS\5.8.0\CMSIS\Core\Include
  D:\Stm32\KEIL\Arm\Packs\Keil\STM32G4xx_DFP\1.4.0\Drivers\CMSIS\Device\ST\STM32G4xx\Include

<h2>Collection of Component Files used:</h2>

   * Component: ARM::CMSIS:CORE:5.5.0
      Include file:  CMSIS\Core\Include\tz_context.h
Build Time Elapsed:  00:00:02
</pre>
</body>
</html>
